Archive member included to satisfy reference by file (symbol)

/tmp/pb/core/core.a(cortex_handlers.c.o)
                              (Reset_Handler)
/tmp/pb/core/core.a(delay.c.o)
                              /tmp/pb/sketch/firmware.ino.cpp.o (millis)
/tmp/pb/core/core.a(hooks.c.o)
                              /tmp/pb/core/core.a(delay.c.o) (yield)
/tmp/pb/core/core.a(startup.c.o)
                              /tmp/pb/core/core.a(cortex_handlers.c.o) (SystemInit)
/tmp/pb/core/core.a(wiring.c.o)
                              /tmp/pb/sketch/firmware.ino.cpp.o (SystemCoreClock)
/tmp/pb/core/core.a(wiring_analog.c.o)
                              /tmp/pb/core/core.a(wiring.c.o) (analogReference)
/tmp/pb/core/core.a(wiring_digital.c.o)
                              /tmp/pb/sketch/firmware.ino.cpp.o (pinMode)
/tmp/pb/core/core.a(wiring_private.c.o)
                              /tmp/pb/sketch/firmware.ino.cpp.o (pinPeripheral)
/tmp/pb/core/core.a(Print.cpp.o)
                              /tmp/pb/sketch/firmware.ino.cpp.o (Print::print(char const*))
/tmp/pb/core/core.a(Reset.cpp.o)
                              /tmp/pb/core/core.a(delay.c.o) (tickReset)
/tmp/pb/core/core.a(SERCOM.cpp.o)
                              /tmp/pb/core/variant.cpp.o (SERCOM::SERCOM(Sercom*))
/tmp/pb/core/core.a(CDC.cpp.o)
                              /tmp/pb/sketch/firmware.ino.cpp.o (Serial_::availableForWrite())
/tmp/pb/core/core.a(USBCore.cpp.o)
                              /tmp/pb/core/core.a(CDC.cpp.o) (USBDeviceClass::available(unsigned long))
/tmp/pb/core/core.a(Uart.cpp.o)
                              /tmp/pb/core/variant.cpp.o (Uart::Uart(SERCOM*, unsigned char, unsigned char, SercomRXPad, SercomUartTXPad))
/tmp/pb/core/core.a(WMath.cpp.o)
                              /tmp/pb/sketch/firmware.ino.cpp.o (random(long))
/tmp/pb/core/core.a(abi.cpp.o)
                              /tmp/pb/core/core.a(Print.cpp.o) (__cxa_pure_virtual)
/tmp/pb/core/core.a(main.cpp.o)
                              /root/.arduino15/packages/adafruit/tools/arm-none-eabi-gcc/9-2019q4/bin/../lib/gcc/arm-none-eabi/9.2.1/../../../../arm-none-eabi/lib/thumb/v6-m/nofp/crt0.o (main)
/tmp/pb/core/core.a(new.cpp.o)
                              /tmp/pb/core/core.a(USBCore.cpp.o) (operator new(unsigned int))
/tmp/pb/core/core.a(PluggableUSB.cpp.o)
                              /tmp/pb/core/core.a(USBCore.cpp.o) (PluggableUSB_::getInterface(unsigned char*))
/tmp/pb/core/core.a(SAMD21_USBDevice.cpp.o)
                              /tmp/pb/core/core.a(USBCore.cpp.o) (USBDevice_SAMD21G18x::reset())
/root/.arduino15/packages/adafruit/tools/arm-none-eabi-gcc/9-2019q4/bin/../lib/gcc/arm-none-eabi/9.2.1/thumb/v6-m/nofp/libgcc.a(_thumb1_case_uqi.o)
                              /tmp/pb/sketch/src/libxsvf/tap.c.o (__gnu_thumb1_case_uqi)
/root/.arduino15/packages/adafruit/tools/arm-none-eabi-gcc/9-2019q4/bin/../lib/gcc/arm-none-eabi/9.2.1/thumb/v6-m/nofp/libgcc.a(_thumb1_case_shi.o)
                              /tmp/pb/sketch/firmware.ino.cpp.o (__gnu_thumb1_case_shi)
/root/.arduino15/packages/adafruit/tools/arm-none-eabi-gcc/9-2019q4/bin/../lib/gcc/arm-none-eabi/9.2.1/thumb/v6-m/nofp/libgcc.a(_thumb1_case_uhi.o)
                              /tmp/pb/sketch/src/libxsvf/xsvf.c.o (__gnu_thumb1_case_uhi)
/root/.arduino15/packages/adafruit/tools/arm-none-eabi-gcc/9-2019q4/bin/../lib/gcc/arm-none-eabi/9.2.1/thumb/v6-m/nofp/libgcc.a(_udivsi3.o)
                              /tmp/pb/sketch/src/libxsvf/svf.c.o (__aeabi_uidiv)
/root/.arduino15/packages/adafruit/tools/arm-none-eabi-gcc/9-2019q4/bin/../lib/gcc/arm-none-eabi/9.2.1/thumb/v6-m/nofp/libgcc.a(_divsi3.o)
                              /tmp/pb/sketch/src/libxsvf/svf.c.o (__aeabi_idiv)
/root/.arduino15/packages/adafruit/tools/arm-none-eabi-gcc/9-2019q4/bin/../lib/gcc/arm-none-eabi/9.2.1/thumb/v6-m/nofp/libgcc.a(_dvmd_tls.o)
                              /root/.arduino15/packages/adafruit/tools/arm-none-eabi-gcc/9-2019q4/bin/../lib/gcc/arm-none-eabi/9.2.1/thumb/v6-m/nofp/libgcc.a(_udivsi3.o) (__aeabi_idiv0)
/root/.arduino15/packages/adafruit/tools/arm-none-eabi-gcc/9-2019q4/bin/../lib/gcc/arm-none-eabi/9.2.1/thumb/v6-m/nofp/libgcc.a(_arm_cmpdf2.o)
                              /tmp/pb/core/core.a(Print.cpp.o) (__aeabi_dcmplt)
/root/.arduino15/packages/adafruit/tools/arm-none-eabi-gcc/9-2019q4/bin/../lib/gcc/arm-none-eabi/9.2.1/thumb/v6-m/nofp/libgcc.a(_fixunsdfsi.o)
                              /tmp/pb/core/core.a(Print.cpp.o) (__aeabi_d2uiz)
/root/.arduino15/packages/adafruit/tools/arm-none-eabi-gcc/9-2019q4/bin/../lib/gcc/arm-none-eabi/9.2.1/thumb/v6-m/nofp/libgcc.a(adddf3.o)
                              /tmp/pb/core/core.a(Print.cpp.o) (__aeabi_dadd)
/root/.arduino15/packages/adafruit/tools/arm-none-eabi-gcc/9-2019q4/bin/../lib/gcc/arm-none-eabi/9.2.1/thumb/v6-m/nofp/libgcc.a(divdf3.o)
                              /tmp/pb/core/core.a(Print.cpp.o) (__aeabi_ddiv)
[...]
Memory Configuration

Name             Origin             Length             Attributes
FLASH            0x0000000000002000 0x000000000003e000 xr
RAM              0x0000000020000000 0x0000000000008000 xrw
*default*        0x0000000000000000 0xffffffffffffffff

Linker script and memory map

LOAD /root/.arduino15/packages/adafruit/tools/arm-none-eabi-gcc/9-2019q4/bin/../lib/gcc/arm-none-eabi/9.2.1/thumb/v6-m/nofp/crti.o
LOAD /root/.arduino15/packages/adafruit/tools/arm-none-eabi-gcc/9-2019q4/bin/../lib/gcc/arm-none-eabi/9.2.1/thumb/v6-m/nofp/crtbegin.o
LOAD /root/.arduino15/packages/adafruit/tools/arm-none-eabi-gcc/9-2019q4/bin/../lib/gcc/arm-none-eabi/9.2.1/../../../../arm-none-eabi/lib/thumb/v6-m/nofp/crt0.o
LOAD /tmp/pb/sketch/firmware.ino.cpp.o
LOAD /tmp/pb/sketch/gem_bod.cpp.o
LOAD /tmp/pb/sketch/src/libxsvf/memname.c.o
LOAD /tmp/pb/sketch/src/libxsvf/play.c.o
LOAD /tmp/pb/sketch/src/libxsvf/scan.c.o
LOAD /tmp/pb/sketch/src/libxsvf/statename.c.o
LOAD /tmp/pb/sketch/src/libxsvf/svf.c.o
LOAD /tmp/pb/sketch/src/libxsvf/tap.c.o
LOAD /tmp/pb/sketch/src/libxsvf/xsvf.c.o
LOAD /tmp/pb/sketch/src/libxsvf/xsvftool-arduino.cpp.o
LOAD /tmp/pb/libraries/SPI/SPI.cpp.o
LOAD /tmp/pb/libraries/Adafruit_ZeroDMA/Adafruit_ZeroDMA.cpp.o
LOAD /tmp/pb/core/variant.cpp.o
START GROUP
LOAD /root/.arduino15/packages/adafruit/tools/CMSIS/5.4.0/CMSIS/Lib/GCC//libarm_cortexM0l_math.a
LOAD /tmp/pb/core/core.a
END GROUP
LOAD /root/.arduino15/packages/adafruit/tools/arm-none-eabi-gcc/9-2019q4/bin/../lib/gcc/arm-none-eabi/9.2.1/../../../../arm-none-eabi/lib/thumb/v6-m/nofp/libstdc++_nano.a
LOAD /root/.arduino15/packages/adafruit/tools/arm-none-eabi-gcc/9-2019q4/bin/../lib/gcc/arm-none-eabi/9.2.1/../../../../arm-none-eabi/lib/thumb/v6-m/nofp/libm.a
START GROUP
LOAD /root/.arduino15/packages/adafruit/tools/arm-none-eabi-gcc/9-2019q4/bin/../lib/gcc/arm-none-eabi/9.2.1/thumb/v6-m/nofp/libgcc.a
LOAD /root/.arduino15/packages/adafruit/tools/arm-none-eabi-gcc/9-2019q4/bin/../lib/gcc/arm-none-eabi/9.2.1/../../../../arm-none-eabi/lib/thumb/v6-m/nofp/libc_nano.a
END GROUP
START GROUP
LOAD /root/.arduino15/packages/adafruit/tools/arm-none-eabi-gcc/9-2019q4/bin/../lib/gcc/arm-none-eabi/9.2.1/thumb/v6-m/nofp/libgcc.a
LOAD /root/.arduino15/packages/adafruit/tools/arm-none-eabi-gcc/9-2019q4/bin/../lib/gcc/arm-none-eabi/9.2.1/../../../../arm-none-eabi/lib/thumb/v6-m/nofp/libc_nano.a
LOAD /root/.arduino15/packages/adafruit/tools/arm-none-eabi-gcc/9-2019q4/bin/../lib/gcc/arm-none-eabi/9.2.1/../../../../arm-none-eabi/lib/thumb/v6-m/nofp/libnosys.a
END GROUP
START GROUP
LOAD /root/.arduino15/packages/adafruit/tools/arm-none-eabi-gcc/9-2019q4/bin/../lib/gcc/arm-none-eabi/9.2.1/thumb/v6-m/nofp/libgcc.a
LOAD /root/.arduino15/packages/adafruit/tools/arm-none-eabi-gcc/9-2019q4/bin/../lib/gcc/arm-none-eabi/9.2.1/../../../../arm-none-eabi/lib/thumb/v6-m/nofp/libc_nano.a
LOAD /root/.arduino15/packages/adafruit/tools/arm-none-eabi-gcc/9-2019q4/bin/../lib/gcc/arm-none-eabi/9.2.1/../../../../arm-none-eabi/lib/thumb/v6-m/nofp/libnosys.a
END GROUP
LOAD /root/.arduino15/packages/adafruit/tools/arm-none-eabi-gcc/9-2019q4/bin/../lib/gcc/arm-none-eabi/9.2.1/thumb/v6-m/nofp/crtend.o
LOAD /root/.arduino15/packages/adafruit/tools/arm-none-eabi-gcc/9-2019q4/bin/../lib/gcc/arm-none-eabi/9.2.1/thumb/v6-m/nofp/crtn.o

.text           0x0000000000002000     0x7e1c
                0x0000000000002000                __text_start__ = .
 *(.isr_vector)
 .isr_vector    0x0000000000002000       0xb4 /tmp/pb/core/core.a(cortex_handlers.c.o)
                0x0000000000002000                exception_table
 *(.text*)
 .text          0x00000000000020b4       0x48 /root/.arduino15/packages/adafruit/tools/arm-none-eabi-gcc/9-2019q4/bin/../lib/gcc/arm-none-eabi/9.2.1/thumb/v6-m/nofp/crtbegin.o
 .text._ZL25neopixel_send_buffer_corePVmmPKhi
                0x00000000000020fc       0x36 /tmp/pb/sketch/firmware.ino.cpp.o
 .text._ZL18set_jtag_pins_idlev
                0x0000000000002132       0x24 /tmp/pb/sketch/firmware.ino.cpp.o
 .text.HardFault_Handler
                0x0000000000002156        0x4 /tmp/pb/sketch/firmware.ino.cpp.o
                0x0000000000002156                HardFault_Handler
 .text.NMI_Handler
                0x000000000000215a        0x4 /tmp/pb/sketch/firmware.ino.cpp.o
                0x000000000000215a                NMI_Handler
 .text.SVC_Handler
                0x000000000000215e        0x4 /tmp/pb/sketch/firmware.ino.cpp.o
                0x000000000000215e                SVC_Handler
 .text.PendSV_Handler
                0x0000000000002162        0x4 /tmp/pb/sketch/firmware.ino.cpp.o
                0x0000000000002162                PendSV_Handler
 .text.PM_Handler
                0x0000000000002166        0x4 /tmp/pb/sketch/firmware.ino.cpp.o
                0x0000000000002166                PM_Handler
 .text.SYSCTRL_Handler
                0x000000000000216a        0x4 /tmp/pb/sketch/firmware.ino.cpp.o
                0x000000000000216a                SYSCTRL_Handler
 .text.WDT_Handler
                0x000000000000216e        0x4 /tmp/pb/sketch/firmware.ino.cpp.o
                0x000000000000216e                WDT_Handler
 .text.RTC_Handler
                0x0000000000002172        0x4 /tmp/pb/sketch/firmware.ino.cpp.o
                0x0000000000002172                RTC_Handler
 .text.EIC_Handler
                0x0000000000002176        0x4 /tmp/pb/sketch/firmware.ino.cpp.o
                0x0000000000002176                EIC_Handler
 .text.NVMCTRL_Handler
                0x000000000000217a        0x4 /tmp/pb/sketch/firmware.ino.cpp.o
                0x000000000000217a                NVMCTRL_Handler
 .text.EVSYS_Handler
                0x000000000000217e        0x4 /tmp/pb/sketch/firmware.ino.cpp.o
                0x000000000000217e                EVSYS_Handler
 .text.SERCOM0_Handler
                0x0000000000002182        0x4 /tmp/pb/sketch/firmware.ino.cpp.o
                0x0000000000002182                SERCOM0_Handler
 .text.SERCOM1_Handler
                0x0000000000002186        0x4 /tmp/pb/sketch/firmware.ino.cpp.o
                0x0000000000002186                SERCOM1_Handler
 .text.SERCOM2_Handler
                0x000000000000218a        0x4 /tmp/pb/sketch/firmware.ino.cpp.o
                0x000000000000218a                SERCOM2_Handler
 .text.SERCOM3_Handler
                0x000000000000218e        0x4 /tmp/pb/sketch/firmware.ino.cpp.o
                0x000000000000218e                SERCOM3_Handler
 .text.SERCOM5_Handler
                0x0000000000002192        0x4 /tmp/pb/sketch/firmware.ino.cpp.o
                0x0000000000002192                SERCOM5_Handler
 .text.TCC0_Handler
                0x0000000000002196        0x4 /tmp/pb/sketch/firmware.ino.cpp.o
                0x0000000000002196                TCC0_Handler
 .text.TCC1_Handler
                0x000000000000219a        0x4 /tmp/pb/sketch/firmware.ino.cpp.o
                0x000000000000219a                TCC1_Handler
 .text.TCC2_Handler
                0x000000000000219e        0x4 /tmp/pb/sketch/firmware.ino.cpp.o
                0x000000000000219e                TCC2_Handler
 .text.TC3_Handler
                0x00000000000021a2        0x4 /tmp/pb/sketch/firmware.ino.cpp.o
                0x00000000000021a2                TC3_Handler
 .text.TC4_Handler
                0x00000000000021a6        0x4 /tmp/pb/sketch/firmware.ino.cpp.o
                0x00000000000021a6                TC4_Handler
 .text.TC5_Handler
                0x00000000000021aa        0x4 /tmp/pb/sketch/firmware.ino.cpp.o
                0x00000000000021aa                TC5_Handler
 .text.ADC_Handler
                0x00000000000021ae        0x4 /tmp/pb/sketch/firmware.ino.cpp.o
                0x00000000000021ae                ADC_Handler
 .text.AC_Handler
                0x00000000000021b2        0x4 /tmp/pb/sketch/firmware.ino.cpp.o
                0x00000000000021b2                AC_Handler
 .text.DAC_Handler
                0x00000000000021b6        0x4 /tmp/pb/sketch/firmware.ino.cpp.o
                0x00000000000021b6                DAC_Handler
 .text.PTC_Handler
                0x00000000000021ba        0x4 /tmp/pb/sketch/firmware.ino.cpp.o
                0x00000000000021ba                PTC_Handler
 .text.I2S_Handler
                0x00000000000021be        0x4 /tmp/pb/sketch/firmware.ino.cpp.o
                0x00000000000021be                I2S_Handler
 *fill*         0x00000000000021c2        0x2 
 .text._Z12set_neopixelhhh
                0x00000000000021c4       0x4c /tmp/pb/sketch/firmware.ino.cpp.o
                0x00000000000021c4                set_neopixel(unsigned char, unsigned char, unsigned char)
 .text._Z10select_spiv
                0x0000000000002210       0x78 /tmp/pb/sketch/firmware.ino.cpp.o
                0x0000000000002210                select_spi()
 .text._Z12spi_transferh
                0x0000000000002288       0x10 /tmp/pb/sketch/firmware.ino.cpp.o
                0x0000000000002288                spi_transfer(unsigned char)
 .text.setup    0x0000000000002298       0xbc /tmp/pb/sketch/firmware.ino.cpp.o
                0x0000000000002298                setup
 .text._Z15target_readbytev
                0x0000000000002354       0x2e /tmp/pb/sketch/firmware.ino.cpp.o
                0x0000000000002354                target_readbyte()
 *fill*         0x0000000000002382        0x2 
 .text._Z21target_readbyte_blockv
                0x0000000000002384       0x38 /tmp/pb/sketch/firmware.ino.cpp.o
                0x0000000000002384                target_readbyte_block()
 .text._Z15target_readwordPi
                0x00000000000023bc       0x7c /tmp/pb/sketch/firmware.ino.cpp.o
                0x00000000000023bc                target_readword(int*)
 .text._Z28target_verify_input_checksumv
                0x0000000000002438       0x70 /tmp/pb/sketch/firmware.ino.cpp.o
                0x0000000000002438                target_verify_input_checksum()
 .text._Z15target_sendbyteh
                0x00000000000024a8       0x2c /tmp/pb/sketch/firmware.ino.cpp.o
                0x00000000000024a8                target_sendbyte(unsigned char)
 .text._Z21target_sendbyte_blockh
                0x00000000000024d4       0xa0 /tmp/pb/sketch/firmware.ino.cpp.o
                0x00000000000024d4                target_sendbyte_block(unsigned char)
 .text._Z15target_sendwordm
                0x0000000000002574       0x40 /tmp/pb/sketch/firmware.ino.cpp.o
                0x0000000000002574                target_sendword(unsigned long)
 .text._Z20target_send_checksumv
                0x00000000000025b4       0x14 /tmp/pb/sketch/firmware.ino.cpp.o
                0x00000000000025b4                target_send_checksum()
 .text._Z20target_start_commandh
                0x00000000000025c8       0x20 /tmp/pb/sketch/firmware.ino.cpp.o
                0x00000000000025c8                target_start_command(unsigned char)
 .text._Z21target_finish_commandv
                0x00000000000025e8       0x74 /tmp/pb/sketch/firmware.ino.cpp.o
                0x00000000000025e8                target_finish_command()
 .text._Z12target_resetv
                0x000000000000265c       0x44 /tmp/pb/sketch/firmware.ino.cpp.o
                0x000000000000265c                target_reset()
 .text.startup._GLOBAL__sub_I_fpga_spi
                0x00000000000026a0       0x28 /tmp/pb/sketch/firmware.ino.cpp.o
 .text._Z5resetv
                0x00000000000026c8       0x3c /tmp/pb/sketch/firmware.ino.cpp.o
                0x00000000000026c8                reset()
 .text._Z16check_disconnectv
                0x0000000000002704       0x1c /tmp/pb/sketch/firmware.ino.cpp.o
                0x0000000000002704                check_disconnect()
 .text._Z17target_wait_readyv
                0x0000000000002720       0x58 /tmp/pb/sketch/firmware.ino.cpp.o
                0x0000000000002720                target_wait_ready()
 .text._Z20write_word_to_memorymm
                0x0000000000002778       0x46 /tmp/pb/sketch/firmware.ino.cpp.o
                0x0000000000002778                write_word_to_memory(unsigned long, unsigned long)
 *fill*         0x00000000000027be        0x2 
 .text._Z22read_words_from_memorymm
                0x00000000000027c0       0xa8 /tmp/pb/sketch/firmware.ino.cpp.o
                0x00000000000027c0                read_words_from_memory(unsigned long, unsigned long)
 .text.loop     0x0000000000002868      0x724 /tmp/pb/sketch/firmware.ino.cpp.o
                0x0000000000002868                loop
 .text._Z27gem_wait_for_stable_voltagev
                0x0000000000002f8c       0x50 /tmp/pb/sketch/gem_bod.cpp.o
                0x0000000000002f8c                gem_wait_for_stable_voltage()
 .text.libxsvf_play
                0x0000000000002fdc       0xac /tmp/pb/sketch/src/libxsvf/play.c.o
                0x0000000000002fdc                libxsvf_play
 .text.libxsvf_scan
                0x0000000000003088       0x90 /tmp/pb/sketch/src/libxsvf/scan.c.o
                0x0000000000003088                libxsvf_scan
 .text.strtokencmp
                0x0000000000003118       0x28 /tmp/pb/sketch/src/libxsvf/svf.c.o
 .text.strtokenskip
                0x0000000000003140       0x1e /tmp/pb/sketch/src/libxsvf/svf.c.o
 .text.bitdata_free
                0x000000000000315e       0x58 /tmp/pb/sketch/src/libxsvf/svf.c.o
 *fill*         0x00000000000031b6        0x2 
 .text.getbit   0x00000000000031b8       0x2c /tmp/pb/sketch/src/libxsvf/svf.c.o
 .text.bitdata_play
                0x00000000000031e4      0x114 /tmp/pb/sketch/src/libxsvf/svf.c.o
 .text.token2tapstate
                0x00000000000032f8      0x12c /tmp/pb/sketch/src/libxsvf/svf.c.o
 .text.bitdata_parse
                0x0000000000003424      0x1fc /tmp/pb/sketch/src/libxsvf/svf.c.o
 .text.libxsvf_svf
                0x0000000000003620      0x834 /tmp/pb/sketch/src/libxsvf/svf.c.o
                0x0000000000003620                libxsvf_svf
 .text.tap_transition
                0x0000000000003e54       0x14 /tmp/pb/sketch/src/libxsvf/tap.c.o
 .text.libxsvf_tap_walk
                0x0000000000003e68      0x158 /tmp/pb/sketch/src/libxsvf/tap.c.o
                0x0000000000003e68                libxsvf_tap_walk
 .text.getbit   0x0000000000003fc0       0x2c /tmp/pb/sketch/src/libxsvf/xsvf.c.o
 .text.setbit   0x0000000000003fec       0x3c /tmp/pb/sketch/src/libxsvf/xsvf.c.o
 .text.shift_data
                0x0000000000004028      0x160 /tmp/pb/sketch/src/libxsvf/xsvf.c.o
 .text.libxsvf_xsvf
                0x0000000000004188      0x968 /tmp/pb/sketch/src/libxsvf/xsvf.c.o
                0x0000000000004188                libxsvf_xsvf
 .text._ZL15h_set_frequencyP12libxsvf_hostm
                0x0000000000004af0        0x8 /tmp/pb/sketch/src/libxsvf/xsvftool-arduino.cpp.o
 .text._ZL17h_report_tapstateP12libxsvf_host
                0x0000000000004af8        0x2 /tmp/pb/sketch/src/libxsvf/xsvftool-arduino.cpp.o
 .text._ZL15h_report_statusP12libxsvf_hostPKc
                0x0000000000004afa        0x2 /tmp/pb/sketch/src/libxsvf/xsvftool-arduino.cpp.o
 .text._ZL10h_shutdownP12libxsvf_host
                0x0000000000004afc       0x18 /tmp/pb/sketch/src/libxsvf/xsvftool-arduino.cpp.o
 .text._ZL14h_report_errorP12libxsvf_hostPKciS2_
                0x0000000000004b14       0x50 /tmp/pb/sketch/src/libxsvf/xsvftool-arduino.cpp.o
 .text._ZL9h_reallocP12libxsvf_hostPvi11libxsvf_mem
                0x0000000000004b64       0x5c /tmp/pb/sketch/src/libxsvf/xsvftool-arduino.cpp.o
 .text._ZL15h_report_deviceP12libxsvf_hostm
                0x0000000000004bc0       0x68 /tmp/pb/sketch/src/libxsvf/xsvftool-arduino.cpp.o
 .text._ZL10h_set_trstP12libxsvf_hosti
                0x0000000000004c28       0x14 /tmp/pb/sketch/src/libxsvf/xsvftool-arduino.cpp.o
 .text._ZL8h_udelayP12libxsvf_hostlil
                0x0000000000004c3c       0x2e /tmp/pb/sketch/src/libxsvf/xsvftool-arduino.cpp.o
 .text._ZL11h_pulse_tckP12libxsvf_hostiiiii
                0x0000000000004c6a       0x48 /tmp/pb/sketch/src/libxsvf/xsvftool-arduino.cpp.o
 .text._ZL7h_setupP12libxsvf_host
                0x0000000000004cb2       0x34 /tmp/pb/sketch/src/libxsvf/xsvftool-arduino.cpp.o
 *fill*         0x0000000000004ce6        0x2 
 .text._Z16arduino_play_svfiiiii
                0x0000000000004ce8       0xcc /tmp/pb/sketch/src/libxsvf/xsvftool-arduino.cpp.o
                0x0000000000004ce8                arduino_play_svf(int, int, int, int, int)
 .text._ZL9h_getbyteP12libxsvf_host
                0x0000000000004db4       0x68 /tmp/pb/sketch/src/libxsvf/xsvftool-arduino.cpp.o
 .text._ZN8SPIClass11dmaCallbackEP16Adafruit_ZeroDMA
                0x0000000000004e1c       0x14 /tmp/pb/libraries/SPI/SPI.cpp.o
                0x0000000000004e1c                SPIClass::dmaCallback(Adafruit_ZeroDMA*)
 .text._ZN8SPIClassC2EP6SERCOMhhh14SercomSpiTXPad11SercomRXPad
                0x0000000000004e30       0x74 /tmp/pb/libraries/SPI/SPI.cpp.o
                0x0000000000004e30                SPIClass::SPIClass(SERCOM*, unsigned char, unsigned char, unsigned char, SercomSpiTXPad, SercomRXPad)
                0x0000000000004e30                SPIClass::SPIClass(SERCOM*, unsigned char, unsigned char, unsigned char, SercomSpiTXPad, SercomRXPad)
 .text._ZN8SPIClass6configE11SPISettings
                0x0000000000004ea4       0x36 /tmp/pb/libraries/SPI/SPI.cpp.o
                0x0000000000004ea4                SPIClass::config(SPISettings)
 *fill*         0x0000000000004eda        0x2 
 .text._ZN8SPIClass16beginTransactionE11SPISettings
                0x0000000000004edc       0x38 /tmp/pb/libraries/SPI/SPI.cpp.o
                0x0000000000004edc                SPIClass::beginTransaction(SPISettings)
 .text._ZN8SPIClass8transferEh
                0x0000000000004f14        0xa /tmp/pb/libraries/SPI/SPI.cpp.o
                0x0000000000004f14                SPIClass::transfer(unsigned char)
 *fill*         0x0000000000004f1e        0x2 
 .text._ZN8SPIClass15getDataRegisterEv
                0x0000000000004f20       0x20 /tmp/pb/libraries/SPI/SPI.cpp.o
                0x0000000000004f20                SPIClass::getDataRegister()
 .text._ZN8SPIClass13getDMAC_ID_TXEv
                0x0000000000004f40       0x24 /tmp/pb/libraries/SPI/SPI.cpp.o
                0x0000000000004f40                SPIClass::getDMAC_ID_TX()
 .text._ZN8SPIClass13getDMAC_ID_RXEv
                0x0000000000004f64       0x24 /tmp/pb/libraries/SPI/SPI.cpp.o
                0x0000000000004f64                SPIClass::getDMAC_ID_RX()
 .text._ZN8SPIClass11dmaAllocateEv
                0x0000000000004f88       0xf4 /tmp/pb/libraries/SPI/SPI.cpp.o
                0x0000000000004f88                SPIClass::dmaAllocate()
 .text._ZN8SPIClass5beginEv
                0x000000000000507c       0x68 /tmp/pb/libraries/SPI/SPI.cpp.o
                0x000000000000507c                SPIClass::begin()
 .text.startup._GLOBAL__sub_I__ZN8SPIClassC2EP6SERCOMhhh14SercomSpiTXPad11SercomRXPad
                0x00000000000050e4       0x74 /tmp/pb/libraries/SPI/SPI.cpp.o
 .text._ZL22cpu_irq_enter_criticalv
                0x0000000000005158       0x2c /tmp/pb/libraries/Adafruit_ZeroDMA/Adafruit_ZeroDMA.cpp.o
 .text._ZL22cpu_irq_leave_criticalv
                0x0000000000005184       0x2c /tmp/pb/libraries/Adafruit_ZeroDMA/Adafruit_ZeroDMA.cpp.o
 .text._ZN16Adafruit_ZeroDMAC2Ev
                0x00000000000051b0       0x20 /tmp/pb/libraries/Adafruit_ZeroDMA/Adafruit_ZeroDMA.cpp.o
                0x00000000000051b0                Adafruit_ZeroDMA::Adafruit_ZeroDMA()
                0x00000000000051b0                Adafruit_ZeroDMA::Adafruit_ZeroDMA()
 .text._ZN16Adafruit_ZeroDMA11_IRQhandlerEh
                0x00000000000051d0       0x44 /tmp/pb/libraries/Adafruit_ZeroDMA/Adafruit_ZeroDMA.cpp.o
                0x00000000000051d0                Adafruit_ZeroDMA::_IRQhandler(unsigned char)
 .text.DMAC_Handler
                0x0000000000005214       0x48 /tmp/pb/libraries/Adafruit_ZeroDMA/Adafruit_ZeroDMA.cpp.o
                0x0000000000005214                DMAC_Handler
 .text._ZN16Adafruit_ZeroDMA8allocateEv
                0x000000000000525c      0x134 /tmp/pb/libraries/Adafruit_ZeroDMA/Adafruit_ZeroDMA.cpp.o
                0x000000000000525c                Adafruit_ZeroDMA::allocate()
 .text._ZN16Adafruit_ZeroDMA4freeEv
                0x0000000000005390       0x84 /tmp/pb/libraries/Adafruit_ZeroDMA/Adafruit_ZeroDMA.cpp.o
                0x0000000000005390                Adafruit_ZeroDMA::free()
 .text._ZN16Adafruit_ZeroDMA11setCallbackEPFvPS_E17dma_callback_type
                0x0000000000005414        0x8 /tmp/pb/libraries/Adafruit_ZeroDMA/Adafruit_ZeroDMA.cpp.o
                0x0000000000005414                Adafruit_ZeroDMA::setCallback(void (*)(Adafruit_ZeroDMA*), dma_callback_type)
 .text._ZN16Adafruit_ZeroDMA10setTriggerEh
                0x000000000000541c       0x48 /tmp/pb/libraries/Adafruit_ZeroDMA/Adafruit_ZeroDMA.cpp.o
                0x000000000000541c                Adafruit_ZeroDMA::setTrigger(unsigned char)
 .text._ZN16Adafruit_ZeroDMA9setActionE27dma_transfer_trigger_action
                0x0000000000005464       0x48 /tmp/pb/libraries/Adafruit_ZeroDMA/Adafruit_ZeroDMA.cpp.o
                0x0000000000005464                Adafruit_ZeroDMA::setAction(dma_transfer_trigger_action)
 .text._ZN16Adafruit_ZeroDMA13addDescriptorEPvS0_m13dma_beat_sizebbmb
                0x00000000000054ac      0x14c /tmp/pb/libraries/Adafruit_ZeroDMA/Adafruit_ZeroDMA.cpp.o
                0x00000000000054ac                Adafruit_ZeroDMA::addDescriptor(void*, void*, unsigned long, dma_beat_size, bool, bool, unsigned long, bool)
 .text.SERCOM4_Handler
                0x00000000000055f8       0x10 /tmp/pb/core/variant.cpp.o
                0x00000000000055f8                SERCOM4_Handler
 .text.startup._GLOBAL__sub_I_g_APinDescription
                0x0000000000005608       0x7c /tmp/pb/core/variant.cpp.o
 .text.Dummy_Handler
                0x0000000000005684        0x2 /tmp/pb/core/core.a(cortex_handlers.c.o)
                0x0000000000005684                TC7_Handler
                0x0000000000005684                TC6_Handler
                0x0000000000005684                Dummy_Handler
 *fill*         0x0000000000005686        0x2 
 .text.USB_Handler
                0x0000000000005688       0x14 /tmp/pb/core/core.a(cortex_handlers.c.o)
                0x0000000000005688                USB_Handler
 .text.Reset_Handler
                0x000000000000569c       0x54 /tmp/pb/core/core.a(cortex_handlers.c.o)
                0x000000000000569c                Reset_Handler
 .text.SysTick_Handler
                0x00000000000056f0       0x10 /tmp/pb/core/core.a(cortex_handlers.c.o)
                0x00000000000056f0                SysTick_Handler
 .text.USB_SetHandler
                0x0000000000005700        0xc /tmp/pb/core/core.a(cortex_handlers.c.o)
                0x0000000000005700                USB_SetHandler
 .text.millis   0x000000000000570c        0xc /tmp/pb/core/core.a(delay.c.o)
                0x000000000000570c                millis
 .text.micros   0x0000000000005718       0x60 /tmp/pb/core/core.a(delay.c.o)
                0x0000000000005718                micros
 .text.delay    0x0000000000005778       0x2c /tmp/pb/core/core.a(delay.c.o)
                0x0000000000005778                delay
 .text.SysTick_DefaultHandler
                0x00000000000057a4       0x14 /tmp/pb/core/core.a(delay.c.o)
                0x00000000000057a4                SysTick_DefaultHandler
 .text.__empty  0x00000000000057b8        0x2 /tmp/pb/core/core.a(hooks.c.o)
                0x00000000000057b8                yield
 .text.__false  0x00000000000057ba        0x4 /tmp/pb/core/core.a(hooks.c.o)
                0x00000000000057ba                sysTickHook
 *fill*         0x00000000000057be        0x2 
 .text.SystemInit
                0x00000000000057c0      0x194 /tmp/pb/core/core.a(startup.c.o)
                0x00000000000057c0                SystemInit
 .text.init     0x0000000000005954       0xe0 /tmp/pb/core/core.a(wiring.c.o)
                0x0000000000005954                init
 .text.analogReference
                0x0000000000005a34       0x88 /tmp/pb/core/core.a(wiring_analog.c.o)
                0x0000000000005a34                analogReference
 .text.pinMode  0x0000000000005abc       0x60 /tmp/pb/core/core.a(wiring_digital.c.o)
                0x0000000000005abc                pinMode
 .text.digitalWrite
                0x0000000000005b1c       0x58 /tmp/pb/core/core.a(wiring_digital.c.o)
                0x0000000000005b1c                digitalWrite
 .text.digitalRead
                0x0000000000005b74       0x30 /tmp/pb/core/core.a(wiring_digital.c.o)
                0x0000000000005b74                digitalRead
 .text.pinPeripheral
                0x0000000000005ba4       0xbc /tmp/pb/core/core.a(wiring_private.c.o)
                0x0000000000005ba4                pinPeripheral
 .text._ZN5Print5writeEPKhj
                0x0000000000005c60       0x24 /tmp/pb/core/core.a(Print.cpp.o)
                0x0000000000005c60                Print::write(unsigned char const*, unsigned int)
 .text._ZN5Print5writeEPKc
                0x0000000000005c84       0x1c /tmp/pb/core/core.a(Print.cpp.o)
                0x0000000000005c84                Print::write(char const*)
 .text._ZN5Print5printEPKc
                0x0000000000005ca0        0x8 /tmp/pb/core/core.a(Print.cpp.o)
                0x0000000000005ca0                Print::print(char const*)
 .text._ZN5Print5printEc
                0x0000000000005ca8        0xa /tmp/pb/core/core.a(Print.cpp.o)
                0x0000000000005ca8                Print::print(char)
 *fill*         0x0000000000005cb2        0x2 
 .text._ZN5Print7printlnEv
                0x0000000000005cb4       0x10 /tmp/pb/core/core.a(Print.cpp.o)
                0x0000000000005cb4                Print::println()
 .text._ZN5Print7printlnEPKc
                0x0000000000005cc4       0x14 /tmp/pb/core/core.a(Print.cpp.o)
                0x0000000000005cc4                Print::println(char const*)
 .text._ZN5Print11printNumberEmh
                0x0000000000005cd8       0x50 /tmp/pb/core/core.a(Print.cpp.o)
                0x0000000000005cd8                Print::printNumber(unsigned long, unsigned char)
 .text._ZN5Print5printEli
                0x0000000000005d28       0x3e /tmp/pb/core/core.a(Print.cpp.o)
                0x0000000000005d28                Print::print(long, int)
 .text._ZN5Print5printEii
                0x0000000000005d66        0x8 /tmp/pb/core/core.a(Print.cpp.o)
                0x0000000000005d66                Print::print(int, int)
 .text._ZN5Print7printlnEii
                0x0000000000005d6e       0x14 /tmp/pb/core/core.a(Print.cpp.o)
                0x0000000000005d6e                Print::println(int, int)
 .text._ZN5Print5printEmi
                0x0000000000005d82       0x18 /tmp/pb/core/core.a(Print.cpp.o)
                0x0000000000005d82                Print::print(unsigned long, int)
 .text._ZN5Print5printEhi
                0x0000000000005d9a        0x8 /tmp/pb/core/core.a(Print.cpp.o)
                0x0000000000005d9a                Print::print(unsigned char, int)
 .text._ZN5Print7printlnEmi
                0x0000000000005da2       0x14 /tmp/pb/core/core.a(Print.cpp.o)
                0x0000000000005da2                Print::println(unsigned long, int)
 *fill*         0x0000000000005db6        0x2 
 .text.initiateReset
                0x0000000000005db8        0xc /tmp/pb/core/core.a(Reset.cpp.o)
                0x0000000000005db8                initiateReset
 .text.cancelReset
                0x0000000000005dc4       0x10 /tmp/pb/core/core.a(Reset.cpp.o)
                0x0000000000005dc4                cancelReset
 .text.tickReset
                0x0000000000005dd4       0x74 /tmp/pb/core/core.a(Reset.cpp.o)
                0x0000000000005dd4                tickReset
 .text._ZN6SERCOMC2EP6Sercom
                0x0000000000005e48        0x4 /tmp/pb/core/core.a(SERCOM.cpp.o)
                0x0000000000005e48                SERCOM::SERCOM(Sercom*)
                0x0000000000005e48                SERCOM::SERCOM(Sercom*)
 .text._ZN6SERCOM9initFrameE18SercomUartCharSize15SercomDataOrder16SercomParityMode19SercomNumberStopBit
                0x0000000000005e4c       0x3a /tmp/pb/core/core.a(SERCOM.cpp.o)
                0x0000000000005e4c                SERCOM::initFrame(SercomUartCharSize, SercomDataOrder, SercomParityMode, SercomNumberStopBit)
 .text._ZN6SERCOM8initPadsE15SercomUartTXPad11SercomRXPad
                0x0000000000005e86       0x26 /tmp/pb/core/core.a(SERCOM.cpp.o)
                0x0000000000005e86                SERCOM::initPads(SercomUartTXPad, SercomRXPad)
 .text._ZN6SERCOM9resetUARTEv
                0x0000000000005eac       0x1a /tmp/pb/core/core.a(SERCOM.cpp.o)
                0x0000000000005eac                SERCOM::resetUART()
 .text._ZN6SERCOM10enableUARTEv
                0x0000000000005ec6       0x14 /tmp/pb/core/core.a(SERCOM.cpp.o)
                0x0000000000005ec6                SERCOM::enableUART()
 .text._ZN6SERCOM9flushUARTEv
                0x0000000000005eda       0x10 /tmp/pb/core/core.a(SERCOM.cpp.o)
                0x0000000000005eda                SERCOM::flushUART()
 .text._ZN6SERCOM15clearStatusUARTEv
                0x0000000000005eea        0x8 /tmp/pb/core/core.a(SERCOM.cpp.o)
                0x0000000000005eea                SERCOM::clearStatusUART()
 .text._ZN6SERCOM17availableDataUARTEv
                0x0000000000005ef2        0xa /tmp/pb/core/core.a(SERCOM.cpp.o)
                0x0000000000005ef2                SERCOM::availableDataUART()
 .text._ZN6SERCOM11isUARTErrorEv
                0x0000000000005efc        0x8 /tmp/pb/core/core.a(SERCOM.cpp.o)
                0x0000000000005efc                SERCOM::isUARTError()
 .text._ZN6SERCOM20acknowledgeUARTErrorEv
                0x0000000000005f04        0xe /tmp/pb/core/core.a(SERCOM.cpp.o)
                0x0000000000005f04                SERCOM::acknowledgeUARTError()
 .text._ZN6SERCOM16isFrameErrorUARTEv
                0x0000000000005f12        0xa /tmp/pb/core/core.a(SERCOM.cpp.o)
                0x0000000000005f12                SERCOM::isFrameErrorUART()
 .text._ZN6SERCOM19clearFrameErrorUARTEv
                0x0000000000005f1c        0xc /tmp/pb/core/core.a(SERCOM.cpp.o)
                0x0000000000005f1c                SERCOM::clearFrameErrorUART()
 .text._ZN6SERCOM23isDataRegisterEmptyUARTEv
                0x0000000000005f28        0xa /tmp/pb/core/core.a(SERCOM.cpp.o)
                0x0000000000005f28                SERCOM::isDataRegisterEmptyUART()
 .text._ZN6SERCOM12readDataUARTEv
                0x0000000000005f32        0x8 /tmp/pb/core/core.a(SERCOM.cpp.o)
                0x0000000000005f32                SERCOM::readDataUART()
 .text._ZN6SERCOM13writeDataUARTEh
                0x0000000000005f3a       0x10 /tmp/pb/core/core.a(SERCOM.cpp.o)
                0x0000000000005f3a                SERCOM::writeDataUART(unsigned char)
 .text._ZN6SERCOM36enableDataRegisterEmptyInterruptUARTEv
                0x0000000000005f4a        0x8 /tmp/pb/core/core.a(SERCOM.cpp.o)
                0x0000000000005f4a                SERCOM::enableDataRegisterEmptyInterruptUART()
 .text._ZN6SERCOM37disableDataRegisterEmptyInterruptUARTEv
                0x0000000000005f52        0x8 /tmp/pb/core/core.a(SERCOM.cpp.o)
                0x0000000000005f52                SERCOM::disableDataRegisterEmptyInterruptUART()
 .text._ZN6SERCOM8resetSPIEv
                0x0000000000005f5a       0x1a /tmp/pb/core/core.a(SERCOM.cpp.o)
                0x0000000000005f5a                SERCOM::resetSPI()
 .text._ZN6SERCOM9enableSPIEv
                0x0000000000005f74       0x14 /tmp/pb/core/core.a(SERCOM.cpp.o)
                0x0000000000005f74                SERCOM::enableSPI()
 .text._ZN6SERCOM10disableSPIEv
                0x0000000000005f88       0x12 /tmp/pb/core/core.a(SERCOM.cpp.o)
                0x0000000000005f88                SERCOM::disableSPI()
 .text._ZN6SERCOM15transferDataSPIEh
                0x0000000000005f9a       0x1a /tmp/pb/core/core.a(SERCOM.cpp.o)
                0x0000000000005f9a                SERCOM::transferDataSPI(unsigned char)
 .text._ZN6SERCOM28calculateBaudrateSynchronousEm
                0x0000000000005fb4       0x1c /tmp/pb/core/core.a(SERCOM.cpp.o)
                0x0000000000005fb4                SERCOM::calculateBaudrateSynchronous(unsigned long)
 .text._ZN6SERCOM12initSPIClockE18SercomSpiClockModem
                0x0000000000005fd0       0x26 /tmp/pb/core/core.a(SERCOM.cpp.o)
                0x0000000000005fd0                SERCOM::initSPIClock(SercomSpiClockMode, unsigned long)
 *fill*         0x0000000000005ff6        0x2 
 .text._ZN6SERCOM14getSercomIndexEv
                0x0000000000005ff8       0x5c /tmp/pb/core/core.a(SERCOM.cpp.o)
                0x0000000000005ff8                SERCOM::getSercomIndex()
 .text._ZN6SERCOM13initClockNVICEv
                0x0000000000006054       0x90 /tmp/pb/core/core.a(SERCOM.cpp.o)
                0x0000000000006054                SERCOM::initClockNVIC()
 .text._ZN6SERCOM8initUARTE14SercomUartMode20SercomUartSampleRatem
                0x00000000000060e4       0x6c /tmp/pb/core/core.a(SERCOM.cpp.o)
                0x00000000000060e4                SERCOM::initUART(SercomUartMode, SercomUartSampleRate, unsigned long)
 .text._ZN6SERCOM7initSPIE14SercomSpiTXPad11SercomRXPad17SercomSpiCharSize15SercomDataOrder
                0x0000000000006150       0x52 /tmp/pb/core/core.a(SERCOM.cpp.o)
                0x0000000000006150                SERCOM::initSPI(SercomSpiTXPad, SercomRXPad, SercomSpiCharSize, SercomDataOrder)
 .text._ZN7Serial_17availableForWriteEv
                0x00000000000061a2        0x4 /tmp/pb/core/core.a(CDC.cpp.o)
                0x00000000000061a2                Serial_::availableForWrite()
 .text._ZN7Serial_5writeEh
                0x00000000000061a6       0x14 /tmp/pb/core/core.a(CDC.cpp.o)
                0x00000000000061a6                Serial_::write(unsigned char)
 .text._ZN7Serial_9availableEv
                0x00000000000061ba        0xc /tmp/pb/core/core.a(CDC.cpp.o)
                0x00000000000061ba                Serial_::available()
 .text._ZN7Serial_5flushEv
                0x00000000000061c6        0xc /tmp/pb/core/core.a(CDC.cpp.o)
                0x00000000000061c6                Serial_::flush()
 *fill*         0x00000000000061d2        0x2 
 .text._ZN7Serial_5writeEPKhj
                0x00000000000061d4       0x2c /tmp/pb/core/core.a(CDC.cpp.o)
                0x00000000000061d4                Serial_::write(unsigned char const*, unsigned int)
 .text._ZN7Serial_4peekEv
                0x0000000000006200       0x1c /tmp/pb/core/core.a(CDC.cpp.o)
                0x0000000000006200                Serial_::peek()
 .text._ZN7Serial_4readEv
                0x000000000000621c       0x24 /tmp/pb/core/core.a(CDC.cpp.o)
                0x000000000000621c                Serial_::read()
 .text._Z16CDC_GetInterfacePh
                0x0000000000006240       0x1c /tmp/pb/core/core.a(CDC.cpp.o)
                0x0000000000006240                CDC_GetInterface(unsigned char*)
 .text._Z9CDC_SetupR8USBSetup
                0x000000000000625c       0x7c /tmp/pb/core/core.a(CDC.cpp.o)
                0x000000000000625c                CDC_Setup(USBSetup&)
 .text._ZN7Serial_5beginEm
                0x00000000000062d8        0x2 /tmp/pb/core/core.a(CDC.cpp.o)
                0x00000000000062d8                Serial_::begin(unsigned long)
 *fill*         0x00000000000062da        0x2 
 .text._ZN7Serial_cvbEv
                0x00000000000062dc       0x28 /tmp/pb/core/core.a(CDC.cpp.o)
                0x00000000000062dc                Serial_::operator bool()
 .text._ZN7Serial_3dtrEv
                0x0000000000006304       0x10 /tmp/pb/core/core.a(CDC.cpp.o)
                0x0000000000006304                Serial_::dtr()
 .text.startup._GLOBAL__sub_I__Z17_CDC_GetInterfacev
                0x0000000000006314       0x28 /tmp/pb/core/core.a(CDC.cpp.o)
 .text._ZN26DoubleBufferedEPOutHandler4initEv
                0x000000000000633c        0x2 /tmp/pb/core/core.a(USBCore.cpp.o)
                0x000000000000633c                DoubleBufferedEPOutHandler::init()
 .text._ZL5utox8mPc
                0x000000000000633e       0x26 /tmp/pb/core/core.a(USBCore.cpp.o)
 .text._ZN26DoubleBufferedEPOutHandlerD2Ev
                0x0000000000006364       0x14 /tmp/pb/core/core.a(USBCore.cpp.o)
                0x0000000000006364                DoubleBufferedEPOutHandler::~DoubleBufferedEPOutHandler()
                0x0000000000006364                DoubleBufferedEPOutHandler::~DoubleBufferedEPOutHandler()
 .text._ZN26DoubleBufferedEPOutHandlerD0Ev
                0x0000000000006378       0x12 /tmp/pb/core/core.a(USBCore.cpp.o)
                0x0000000000006378                DoubleBufferedEPOutHandler::~DoubleBufferedEPOutHandler()
 *fill*         0x000000000000638a        0x2 
 .text._ZN14USBDeviceClass6initEPEmm.part.0
                0x000000000000638c       0xe8 /tmp/pb/core/core.a(USBCore.cpp.o)
 .text._ZN7__GuardC2Ev
                0x0000000000006474        0xe /tmp/pb/core/core.a(USBCore.cpp.o)
                0x0000000000006474                __Guard::__Guard()
                0x0000000000006474                __Guard::__Guard()
 .text._ZN7__GuardD2Ev
                0x0000000000006482        0xe /tmp/pb/core/core.a(USBCore.cpp.o)
                0x0000000000006482                __Guard::~__Guard()
                0x0000000000006482                __Guard::~__Guard()
 .text._ZNK26DoubleBufferedEPOutHandler9availableEv
                0x0000000000006490       0x5e /tmp/pb/core/core.a(USBCore.cpp.o)
                0x0000000000006490                DoubleBufferedEPOutHandler::available() const
 *fill*         0x00000000000064ee        0x2 
 .text._ZN26DoubleBufferedEPOutHandler7releaseEv
                0x00000000000064f0       0x54 /tmp/pb/core/core.a(USBCore.cpp.o)
                0x00000000000064f0                DoubleBufferedEPOutHandler::release()
 .text._ZN26DoubleBufferedEPOutHandler4recvEPvm
                0x0000000000006544      0x11a /tmp/pb/core/core.a(USBCore.cpp.o)
                0x0000000000006544                DoubleBufferedEPOutHandler::recv(void*, unsigned long)
 .text._ZN26DoubleBufferedEPOutHandler14handleEndpointEv
                0x000000000000665e       0xc2 /tmp/pb/core/core.a(USBCore.cpp.o)
                0x000000000000665e                DoubleBufferedEPOutHandler::handleEndpoint()
 .text._ZN14USBDeviceClass14SendInterfacesEPm
                0x0000000000006720       0x2e /tmp/pb/core/core.a(USBCore.cpp.o)
                0x0000000000006720                USBDeviceClass::SendInterfaces(unsigned long*)
 *fill*         0x000000000000674e        0x2 
 .text._ZN14USBDeviceClass14handleEndpointEh
                0x0000000000006750       0x44 /tmp/pb/core/core.a(USBCore.cpp.o)
                0x0000000000006750                USBDeviceClass::handleEndpoint(unsigned char)
 .text._ZN14USBDeviceClass4initEv
                0x0000000000006794       0xc0 /tmp/pb/core/core.a(USBCore.cpp.o)
                0x0000000000006794                USBDeviceClass::init()
 .text._ZN14USBDeviceClass6attachEv
                0x0000000000006854       0x34 /tmp/pb/core/core.a(USBCore.cpp.o)
                0x0000000000006854                USBDeviceClass::attach()
 .text._ZN14USBDeviceClass10setAddressEm
                0x0000000000006888       0x44 /tmp/pb/core/core.a(USBCore.cpp.o)
                0x0000000000006888                USBDeviceClass::setAddress(unsigned long)
 .text._ZN14USBDeviceClass25handleClassInterfaceSetupER8USBSetup
                0x00000000000068cc       0x44 /tmp/pb/core/core.a(USBCore.cpp.o)
                0x00000000000068cc                USBDeviceClass::handleClassInterfaceSetup(USBSetup&)
 .text._ZN14USBDeviceClass6initEPEmm
                0x0000000000006910       0xec /tmp/pb/core/core.a(USBCore.cpp.o)
                0x0000000000006910                USBDeviceClass::initEP(unsigned long, unsigned long)
 .text._ZN14USBDeviceClass13initEndpointsEv
                0x00000000000069fc       0x24 /tmp/pb/core/core.a(USBCore.cpp.o)
                0x00000000000069fc                USBDeviceClass::initEndpoints()
 .text._ZN14USBDeviceClass9availableEm
                0x0000000000006a20       0x2c /tmp/pb/core/core.a(USBCore.cpp.o)
                0x0000000000006a20                USBDeviceClass::available(unsigned long)
 .text._ZN14USBDeviceClass5flushEm
                0x0000000000006a4c       0x2c /tmp/pb/core/core.a(USBCore.cpp.o)
                0x0000000000006a4c                USBDeviceClass::flush(unsigned long)
 .text._ZN14USBDeviceClass14armRecvCtrlOUTEm
                0x0000000000006a78       0x5c /tmp/pb/core/core.a(USBCore.cpp.o)
                0x0000000000006a78                USBDeviceClass::armRecvCtrlOUT(unsigned long)
 .text._ZN14USBDeviceClass11recvControlEPvm
                0x0000000000006ad4       0x3c /tmp/pb/core/core.a(USBCore.cpp.o)
                0x0000000000006ad4                USBDeviceClass::recvControl(void*, unsigned long)
 .text._ZN14USBDeviceClass7armRecvEm
                0x0000000000006b10       0x38 /tmp/pb/core/core.a(USBCore.cpp.o)
                0x0000000000006b10                USBDeviceClass::armRecv(unsigned long)
 .text._ZN14USBDeviceClass4recvEmPvm
                0x0000000000006b48       0xc0 /tmp/pb/core/core.a(USBCore.cpp.o)
                0x0000000000006b48                USBDeviceClass::recv(unsigned long, void*, unsigned long)
 .text._ZN14USBDeviceClass4recvEm
                0x0000000000006c08       0x1c /tmp/pb/core/core.a(USBCore.cpp.o)
                0x0000000000006c08                USBDeviceClass::recv(unsigned long)
 .text._ZN14USBDeviceClass4sendEmPKvm
                0x0000000000006c24       0xf8 /tmp/pb/core/core.a(USBCore.cpp.o)
                0x0000000000006c24                USBDeviceClass::send(unsigned long, void const*, unsigned long)
 .text._ZN14USBDeviceClass7armSendEmPKvm
                0x0000000000006d1c       0x48 /tmp/pb/core/core.a(USBCore.cpp.o)
                0x0000000000006d1c                USBDeviceClass::armSend(unsigned long, void const*, unsigned long)
 .text._ZN14USBDeviceClass11sendControlEPKvm
                0x0000000000006d64       0x54 /tmp/pb/core/core.a(USBCore.cpp.o)
                0x0000000000006d64                USBDeviceClass::sendControl(void const*, unsigned long)
 .text._ZN14USBDeviceClass20sendStringDescriptorEPKhh
                0x0000000000006db8       0x68 /tmp/pb/core/core.a(USBCore.cpp.o)
                0x0000000000006db8                USBDeviceClass::sendStringDescriptor(unsigned char const*, unsigned char)
 .text._ZN14USBDeviceClass17sendConfigurationEm
                0x0000000000006e20       0x80 /tmp/pb/core/core.a(USBCore.cpp.o)
                0x0000000000006e20                USBDeviceClass::sendConfiguration(unsigned long)
 .text._ZN14USBDeviceClass14sendDescriptorER8USBSetup
                0x0000000000006ea0       0xe4 /tmp/pb/core/core.a(USBCore.cpp.o)
                0x0000000000006ea0                USBDeviceClass::sendDescriptor(USBSetup&)
 .text._ZN14USBDeviceClass19handleStandardSetupER8USBSetup
                0x0000000000006f84      0x118 /tmp/pb/core/core.a(USBCore.cpp.o)
                0x0000000000006f84                USBDeviceClass::handleStandardSetup(USBSetup&)
 .text._ZN14USBDeviceClass10ISRHandlerEv
                0x000000000000709c      0x108 /tmp/pb/core/core.a(USBCore.cpp.o)
                0x000000000000709c                USBDeviceClass::ISRHandler()
 .text.UDD_Handler
                0x00000000000071a4       0x10 /tmp/pb/core/core.a(USBCore.cpp.o)
                0x00000000000071a4                UDD_Handler
 .text.startup._GLOBAL__sub_I_usbd
                0x00000000000071b4       0x10 /tmp/pb/core/core.a(USBCore.cpp.o)
 .text._ZN4UartcvbEv
                0x00000000000071c4        0x4 /tmp/pb/core/core.a(Uart.cpp.o)
                0x00000000000071c4                Uart::operator bool()
 .text._ZN4Uart5beginEm
                0x00000000000071c8       0x10 /tmp/pb/core/core.a(Uart.cpp.o)
                0x00000000000071c8                Uart::begin(unsigned long)
 .text._ZN4Uart4peekEv
                0x00000000000071d8       0x1a /tmp/pb/core/core.a(Uart.cpp.o)
                0x00000000000071d8                Uart::peek()
 .text._ZN4Uart3endEv
                0x00000000000071f2       0x20 /tmp/pb/core/core.a(Uart.cpp.o)
                0x00000000000071f2                Uart::end()
 .text._ZN4Uart15extractCharSizeEt
                0x0000000000007212       0x28 /tmp/pb/core/core.a(Uart.cpp.o)
                0x0000000000007212                Uart::extractCharSize(unsigned short)
 .text._ZN4Uart13extractParityEt
                0x000000000000723a       0x14 /tmp/pb/core/core.a(Uart.cpp.o)
                0x000000000000723a                Uart::extractParity(unsigned short)
 *fill*         0x000000000000724e        0x2 
 .text._ZN4Uart5beginEmt
                0x0000000000007250       0xf8 /tmp/pb/core/core.a(Uart.cpp.o)
                0x0000000000007250                Uart::begin(unsigned long, unsigned short)
 .text._ZN11RingBufferNILi350EEC2Ev
                0x0000000000007348       0x1c /tmp/pb/core/core.a(Uart.cpp.o)
                0x0000000000007348                RingBufferN<350>::RingBufferN()
                0x0000000000007348                RingBufferN<350>::RingBufferN()
 .text._ZN4UartC2EP6SERCOMhh11SercomRXPad15SercomUartTXPad
                0x0000000000007364       0x70 /tmp/pb/core/core.a(Uart.cpp.o)
                0x0000000000007364                Uart::Uart(SERCOM*, unsigned char, unsigned char, SercomRXPad, SercomUartTXPad)
                0x0000000000007364                Uart::Uart(SERCOM*, unsigned char, unsigned char, SercomRXPad, SercomUartTXPad)
 .text._ZN11RingBufferNILi350EE9availableEv
                0x00000000000073d4       0x12 /tmp/pb/core/core.a(Uart.cpp.o)
                0x00000000000073d4                RingBufferN<350>::available()
 .text._ZN4Uart5flushEv
                0x00000000000073e6       0x1a /tmp/pb/core/core.a(Uart.cpp.o)
                0x00000000000073e6                Uart::flush()
 .text._ZN4Uart9availableEv
                0x0000000000007400        0xa /tmp/pb/core/core.a(Uart.cpp.o)
                0x0000000000007400                Uart::available()
 .text._ZN11RingBufferNILi350EE17availableForStoreEv
                0x000000000000740a       0x22 /tmp/pb/core/core.a(Uart.cpp.o)
                0x000000000000740a                RingBufferN<350>::availableForStore()
 .text._ZN4Uart17availableForWriteEv
                0x000000000000742c        0xc /tmp/pb/core/core.a(Uart.cpp.o)
                0x000000000000742c                Uart::availableForWrite()
 .text._ZN4Uart10IrqHandlerEv
                0x0000000000007438       0xda /tmp/pb/core/core.a(Uart.cpp.o)
                0x0000000000007438                Uart::IrqHandler()
 *fill*         0x0000000000007512        0x2 
 .text._ZN4Uart5writeEh
                0x0000000000007514       0xc4 /tmp/pb/core/core.a(Uart.cpp.o)
                0x0000000000007514                Uart::write(unsigned char)
 .text._ZN4Uart4readEv
                0x00000000000075d8       0x52 /tmp/pb/core/core.a(Uart.cpp.o)
                0x00000000000075d8                Uart::read()
 .text._Z6randoml
                0x000000000000762a       0x16 /tmp/pb/core/core.a(WMath.cpp.o)
                0x000000000000762a                random(long)
 .text._Z11initVariantv
                0x0000000000007640        0x2 /tmp/pb/core/core.a(main.cpp.o)
                0x0000000000007640                initVariant()
 *fill*         0x0000000000007642        0x2 
 .text.startup.main
                0x0000000000007644       0x44 /tmp/pb/core/core.a(main.cpp.o)
                0x0000000000007644                main
 .text._Znwj    0x0000000000007688        0x8 /tmp/pb/core/core.a(new.cpp.o)
                0x0000000000007688                operator new(unsigned int)
 .text._ZdlPv   0x0000000000007690        0x8 /tmp/pb/core/core.a(new.cpp.o)
                0x0000000000007690                operator delete(void*)
 .text._ZN13PluggableUSB_12getInterfaceEPh
                0x0000000000007698       0x28 /tmp/pb/core/core.a(PluggableUSB.cpp.o)
                0x0000000000007698                PluggableUSB_::getInterface(unsigned char*)
 .text._ZN13PluggableUSB_13getDescriptorER8USBSetup
                0x00000000000076c0       0x20 /tmp/pb/core/core.a(PluggableUSB.cpp.o)
                0x00000000000076c0                PluggableUSB_::getDescriptor(USBSetup&)
 .text._ZN13PluggableUSB_5setupER8USBSetup
                0x00000000000076e0       0x20 /tmp/pb/core/core.a(PluggableUSB.cpp.o)
                0x00000000000076e0                PluggableUSB_::setup(USBSetup&)
 .text._Z12PluggableUSBv
                0x0000000000007700       0x28 /tmp/pb/core/core.a(PluggableUSB.cpp.o)
                0x0000000000007700                PluggableUSB()
 .text._ZN20USBDevice_SAMD21G18x5resetEv
                0x0000000000007728       0x2a /tmp/pb/core/core.a(SAMD21_USBDevice.cpp.o)
                0x0000000000007728                USBDevice_SAMD21G18x::reset()
 *fill*         0x0000000000007752        0x2 
 .text._ZN20USBDevice_SAMD21G18x9calibrateEv
                0x0000000000007754       0x60 /tmp/pb/core/core.a(SAMD21_USBDevice.cpp.o)
                0x0000000000007754                USBDevice_SAMD21G18x::calibrate()
 .text          0x00000000000077b4       0x14 /root/.arduino15/packages/adafruit/tools/arm-none-eabi-gcc/9-2019q4/bin/../lib/gcc/arm-none-eabi/9.2.1/thumb/v6-m/nofp/libgcc.a(_thumb1_case_uqi.o)
                0x00000000000077b4                __gnu_thumb1_case_uqi
 .text          0x00000000000077c8       0x14 /root/.arduino15/packages/adafruit/tools/arm-none-eabi-gcc/9-2019q4/bin/../lib/gcc/arm-none-eabi/9.2.1/thumb/v6-m/nofp/libgcc.a(_thumb1_case_shi.o)
                0x00000000000077c8                __gnu_thumb1_case_shi
 .text          0x00000000000077dc       0x14 /root/.arduino15/packages/adafruit/tools/arm-none-eabi-gcc/9-2019q4/bin/../lib/gcc/arm-none-eabi/9.2.1/thumb/v6-m/nofp/libgcc.a(_thumb1_case_uhi.o)
                0x00000000000077dc                __gnu_thumb1_case_uhi
 .text          0x00000000000077f0      0x114 /root/.arduino15/packages/adafruit/tools/arm-none-eabi-gcc/9-2019q4/bin/../lib/gcc/arm-none-eabi/9.2.1/thumb/v6-m/nofp/libgcc.a(_udivsi3.o)
                0x00000000000077f0                __udivsi3
                0x00000000000077f0                __aeabi_uidiv
                0x00000000000078fc                __aeabi_uidivmod
 .text          0x0000000000007904      0x1d4 /root/.arduino15/packages/adafruit/tools/arm-none-eabi-gcc/9-2019q4/bin/../lib/gcc/arm-none-eabi/9.2.1/thumb/v6-m/nofp/libgcc.a(_divsi3.o)
                0x0000000000007904                __aeabi_idiv
                0x0000000000007904                __divsi3
                0x0000000000007ad0                __aeabi_idivmod
 .text          0x0000000000007ad8        0x4 /root/.arduino15/packages/adafruit/tools/arm-none-eabi-gcc/9-2019q4/bin/../lib/gcc/arm-none-eabi/9.2.1/thumb/v6-m/nofp/libgcc.a(_dvmd_tls.o)
                0x0000000000007ad8                __aeabi_ldiv0
                0x0000000000007ad8                __aeabi_idiv0
 .text.__assert_func
                0x0000000000007adc       0x3c /root/.arduino15/packages/adafruit/tools/arm-none-eabi-gcc/9-2019q4/bin/../lib/gcc/arm-none-eabi/9.2.1/../../../../arm-none-eabi/lib/thumb/v6-m/nofp/libc_nano.a(lib_a-assert.o)
                0x0000000000007adc                __assert_func
 .text.fprintf  0x0000000000007b18       0x20 /root/.arduino15/packages/adafruit/tools/arm-none-eabi-gcc/9-2019q4/bin/../lib/gcc/arm-none-eabi/9.2.1/../../../../arm-none-eabi/lib/thumb/v6-m/nofp/libc_nano.a(lib_a-fprintf.o)
                0x0000000000007b18                fprintf
                0x0000000000007b18                fiprintf
 .text.__libc_init_array
                0x0000000000007b38       0x48 /root/.arduino15/packages/adafruit/tools/arm-none-eabi-gcc/9-2019q4/bin/../lib/gcc/arm-none-eabi/9.2.1/../../../../arm-none-eabi/lib/thumb/v6-m/nofp/libc_nano.a(lib_a-init.o)
                0x0000000000007b38                __libc_init_array
 .text.memalign
                0x0000000000007b80       0x14 /root/.arduino15/packages/adafruit/tools/arm-none-eabi-gcc/9-2019q4/bin/../lib/gcc/arm-none-eabi/9.2.1/../../../../arm-none-eabi/lib/thumb/v6-m/nofp/libc_nano.a(lib_a-malign.o)
                0x0000000000007b80                memalign
 .text.malloc   0x0000000000007b94       0x14 /root/.arduino15/packages/adafruit/tools/arm-none-eabi-gcc/9-2019q4/bin/../lib/gcc/arm-none-eabi/9.2.1/../../../../arm-none-eabi/lib/thumb/v6-m/nofp/libc_nano.a(lib_a-malloc.o)
                0x0000000000007b94                malloc
 .text.free     0x0000000000007ba8       0x14 /root/.arduino15/packages/adafruit/tools/arm-none-eabi-gcc/9-2019q4/bin/../lib/gcc/arm-none-eabi/9.2.1/../../../../arm-none-eabi/lib/thumb/v6-m/nofp/libc_nano.a(lib_a-malloc.o)
                0x0000000000007ba8                free
 .text.memcpy   0x0000000000007bbc       0x12 /root/.arduino15/packages/adafruit/tools/arm-none-eabi-gcc/9-2019q4/bin/../lib/gcc/arm-none-eabi/9.2.1/../../../../arm-none-eabi/lib/thumb/v6-m/nofp/libc_nano.a(lib_a-memcpy-stub.o)
                0x0000000000007bbc                memcpy
 .text.memset   0x0000000000007bce       0x10 /root/.arduino15/packages/adafruit/tools/arm-none-eabi-gcc/9-2019q4/bin/../lib/gcc/arm-none-eabi/9.2.1/../../../../arm-none-eabi/lib/thumb/v6-m/nofp/libc_nano.a(lib_a-memset.o)
                0x0000000000007bce                memset
 *fill*         0x0000000000007bde        0x2 
 .text._free_r  0x0000000000007be0       0x94 /root/.arduino15/packages/adafruit/tools/arm-none-eabi-gcc/9-2019q4/bin/../lib/gcc/arm-none-eabi/9.2.1/../../../../arm-none-eabi/lib/thumb/v6-m/nofp/libc_nano.a(lib_a-nano-freer.o)
                0x0000000000007be0                _free_r
 .text._memalign_r
                0x0000000000007c74       0x8c /root/.arduino15/packages/adafruit/tools/arm-none-eabi-gcc/9-2019q4/bin/../lib/gcc/arm-none-eabi/9.2.1/../../../../arm-none-eabi/lib/thumb/v6-m/nofp/libc_nano.a(lib_a-nano-malignr.o)
                0x0000000000007c74                _memalign_r
 .text._malloc_r
                0x0000000000007d00       0xbc /root/.arduino15/packages/adafruit/tools/arm-none-eabi-gcc/9-2019q4/bin/../lib/gcc/arm-none-eabi/9.2.1/../../../../arm-none-eabi/lib/thumb/v6-m/nofp/libc_nano.a(lib_a-nano-mallocr.o)
                0x0000000000007d00                _malloc_r
 .text.__sfputc_r
                0x0000000000007dbc       0x2a /root/.arduino15/packages/adafruit/tools/arm-none-eabi-gcc/9-2019q4/bin/../lib/gcc/arm-none-eabi/9.2.1/../../../../arm-none-eabi/lib/thumb/v6-m/nofp/libc_nano.a(lib_a-nano-vfprintf.o)
 .text.__sfputs_r
                0x0000000000007de6       0x24 /root/.arduino15/packages/adafruit/tools/arm-none-eabi-gcc/9-2019q4/bin/../lib/gcc/arm-none-eabi/9.2.1/../../../../arm-none-eabi/lib/thumb/v6-m/nofp/libc_nano.a(lib_a-nano-vfprintf.o)
                0x0000000000007de6                __sfputs_r
 *fill*         0x0000000000007e0a        0x2 
 .text._vfprintf_r
                0x0000000000007e0c      0x274 /root/.arduino15/packages/adafruit/tools/arm-none-eabi-gcc/9-2019q4/bin/../lib/gcc/arm-none-eabi/9.2.1/../../../../arm-none-eabi/lib/thumb/v6-m/nofp/libc_nano.a(lib_a-nano-vfprintf.o)
                0x0000000000007e0c                _vfiprintf_r
                0x0000000000007e0c                _vfprintf_r
 .text._printf_common
                0x0000000000008080       0xde /root/.arduino15/packages/adafruit/tools/arm-none-eabi-gcc/9-2019q4/bin/../lib/gcc/arm-none-eabi/9.2.1/../../../../arm-none-eabi/lib/thumb/v6-m/nofp/libc_nano.a(lib_a-nano-vfprintf_i.o)
                0x0000000000008080                _printf_common
 *fill*         0x000000000000815e        0x2 
 .text._printf_i
                0x0000000000008160      0x224 /root/.arduino15/packages/adafruit/tools/arm-none-eabi-gcc/9-2019q4/bin/../lib/gcc/arm-none-eabi/9.2.1/../../../../arm-none-eabi/lib/thumb/v6-m/nofp/libc_nano.a(lib_a-nano-vfprintf_i.o)
                0x0000000000008160                _printf_i
 .text.rand     0x0000000000008384       0x64 /root/.arduino15/packages/adafruit/tools/arm-none-eabi-gcc/9-2019q4/bin/../lib/gcc/arm-none-eabi/9.2.1/../../../../arm-none-eabi/lib/thumb/v6-m/nofp/libc_nano.a(lib_a-rand.o)
                0x0000000000008384                rand
 .text._sbrk_r  0x00000000000083e8       0x24 /root/.arduino15/packages/adafruit/tools/arm-none-eabi-gcc/9-2019q4/bin/../lib/gcc/arm-none-eabi/9.2.1/../../../../arm-none-eabi/lib/thumb/v6-m/nofp/libc_nano.a(lib_a-sbrkr.o)
                0x00000000000083e8                _sbrk_r
 .text          0x000000000000840c        0xe /root/.arduino15/packages/adafruit/tools/arm-none-eabi-gcc/9-2019q4/bin/../lib/gcc/arm-none-eabi/9.2.1/../../../../arm-none-eabi/lib/thumb/v6-m/nofp/libc_nano.a(lib_a-strlen.o)
                0x000000000000840c                strlen
 *fill*         0x000000000000841a        0x2 
 .text.__swbuf_r
                0x000000000000841c       0xac /root/.arduino15/packages/adafruit/tools/arm-none-eabi-gcc/9-2019q4/bin/../lib/gcc/arm-none-eabi/9.2.1/../../../../arm-none-eabi/lib/thumb/v6-m/nofp/libc_nano.a(lib_a-wbuf.o)
                0x000000000000841c                __swbuf_r
 .text.__swsetup_r
                0x00000000000084c8       0xf0 /root/.arduino15/packages/adafruit/tools/arm-none-eabi-gcc/9-2019q4/bin/../lib/gcc/arm-none-eabi/9.2.1/../../../../arm-none-eabi/lib/thumb/v6-m/nofp/libc_nano.a(lib_a-wsetup.o)
                0x00000000000084c8                __swsetup_r
 .text.abort    0x00000000000085b8        0xe /root/.arduino15/packages/adafruit/tools/arm-none-eabi-gcc/9-2019q4/bin/../lib/gcc/arm-none-eabi/9.2.1/../../../../arm-none-eabi/lib/thumb/v6-m/nofp/libc_nano.a(lib_a-abort.o)
                0x00000000000085b8                abort
 *fill*         0x00000000000085c6        0x2 
 .text.__sflush_r
                0x00000000000085c8      0x118 /root/.arduino15/packages/adafruit/tools/arm-none-eabi-gcc/9-2019q4/bin/../lib/gcc/arm-none-eabi/9.2.1/../../../../arm-none-eabi/lib/thumb/v6-m/nofp/libc_nano.a(lib_a-fflush.o)
                0x00000000000085c8                __sflush_r
 .text._fflush_r
                0x00000000000086e0       0x80 /root/.arduino15/packages/adafruit/tools/arm-none-eabi-gcc/9-2019q4/bin/../lib/gcc/arm-none-eabi/9.2.1/../../../../arm-none-eabi/lib/thumb/v6-m/nofp/libc_nano.a(lib_a-fflush.o)
                0x00000000000086e0                _fflush_r
 .text.std      0x0000000000008760       0x48 /root/.arduino15/packages/adafruit/tools/arm-none-eabi-gcc/9-2019q4/bin/../lib/gcc/arm-none-eabi/9.2.1/../../../../arm-none-eabi/lib/thumb/v6-m/nofp/libc_nano.a(lib_a-findfp.o)
 .text._cleanup_r
                0x00000000000087a8       0x10 /root/.arduino15/packages/adafruit/tools/arm-none-eabi-gcc/9-2019q4/bin/../lib/gcc/arm-none-eabi/9.2.1/../../../../arm-none-eabi/lib/thumb/v6-m/nofp/libc_nano.a(lib_a-findfp.o)
                0x00000000000087a8                _cleanup_r
 .text.__sfmoreglue
                0x00000000000087b8       0x2c /root/.arduino15/packages/adafruit/tools/arm-none-eabi-gcc/9-2019q4/bin/../lib/gcc/arm-none-eabi/9.2.1/../../../../arm-none-eabi/lib/thumb/v6-m/nofp/libc_nano.a(lib_a-findfp.o)
                0x00000000000087b8                __sfmoreglue
 .text.__sfp_lock_acquire
                0x00000000000087e4       0x10 /root/.arduino15/packages/adafruit/tools/arm-none-eabi-gcc/9-2019q4/bin/../lib/gcc/arm-none-eabi/9.2.1/../../../../arm-none-eabi/lib/thumb/v6-m/nofp/libc_nano.a(lib_a-findfp.o)
                0x00000000000087e4                __sfp_lock_acquire
 .text.__sfp_lock_release
                0x00000000000087f4       0x10 /root/.arduino15/packages/adafruit/tools/arm-none-eabi-gcc/9-2019q4/bin/../lib/gcc/arm-none-eabi/9.2.1/../../../../arm-none-eabi/lib/thumb/v6-m/nofp/libc_nano.a(lib_a-findfp.o)
                0x00000000000087f4                __sfp_lock_release
 .text.__sinit_lock_acquire
                0x0000000000008804       0x10 /root/.arduino15/packages/adafruit/tools/arm-none-eabi-gcc/9-2019q4/bin/../lib/gcc/arm-none-eabi/9.2.1/../../../../arm-none-eabi/lib/thumb/v6-m/nofp/libc_nano.a(lib_a-findfp.o)
                0x0000000000008804                __sinit_lock_acquire
 .text.__sinit_lock_release
                0x0000000000008814       0x10 /root/.arduino15/packages/adafruit/tools/arm-none-eabi-gcc/9-2019q4/bin/../lib/gcc/arm-none-eabi/9.2.1/../../../../arm-none-eabi/lib/thumb/v6-m/nofp/libc_nano.a(lib_a-findfp.o)
                0x0000000000008814                __sinit_lock_release
 .text.__sinit  0x0000000000008824       0x70 /root/.arduino15/packages/adafruit/tools/arm-none-eabi-gcc/9-2019q4/bin/../lib/gcc/arm-none-eabi/9.2.1/../../../../arm-none-eabi/lib/thumb/v6-m/nofp/libc_nano.a(lib_a-findfp.o)
                0x0000000000008824                __sinit
 .text.__sfp    0x0000000000008894       0x90 /root/.arduino15/packages/adafruit/tools/arm-none-eabi-gcc/9-2019q4/bin/../lib/gcc/arm-none-eabi/9.2.1/../../../../arm-none-eabi/lib/thumb/v6-m/nofp/libc_nano.a(lib_a-findfp.o)
                0x0000000000008894                __sfp
 .text._fwalk_reent
                0x0000000000008924       0x40 /root/.arduino15/packages/adafruit/tools/arm-none-eabi-gcc/9-2019q4/bin/../lib/gcc/arm-none-eabi/9.2.1/../../../../arm-none-eabi/lib/thumb/v6-m/nofp/libc_nano.a(lib_a-fwalk.o)
                0x0000000000008924                _fwalk_reent
 .text.__retarget_lock_init_recursive
                0x0000000000008964        0x2 /root/.arduino15/packages/adafruit/tools/arm-none-eabi-gcc/9-2019q4/bin/../lib/gcc/arm-none-eabi/9.2.1/../../../../arm-none-eabi/lib/thumb/v6-m/nofp/libc_nano.a(lib_a-lock.o)
                0x0000000000008964                __retarget_lock_init_recursive
 .text.__retarget_lock_acquire_recursive
                0x0000000000008966        0x2 /root/.arduino15/packages/adafruit/tools/arm-none-eabi-gcc/9-2019q4/bin/../lib/gcc/arm-none-eabi/9.2.1/../../../../arm-none-eabi/lib/thumb/v6-m/nofp/libc_nano.a(lib_a-lock.o)
                0x0000000000008966                __retarget_lock_acquire_recursive
 .text.__retarget_lock_release_recursive
                0x0000000000008968        0x2 /root/.arduino15/packages/adafruit/tools/arm-none-eabi-gcc/9-2019q4/bin/../lib/gcc/arm-none-eabi/9.2.1/../../../../arm-none-eabi/lib/thumb/v6-m/nofp/libc_nano.a(lib_a-lock.o)
                0x0000000000008968                __retarget_lock_release_recursive
 *fill*         0x000000000000896a        0x2 
 .text.__swhatbuf_r
                0x000000000000896c       0x50 /root/.arduino15/packages/adafruit/tools/arm-none-eabi-gcc/9-2019q4/bin/../lib/gcc/arm-none-eabi/9.2.1/../../../../arm-none-eabi/lib/thumb/v6-m/nofp/libc_nano.a(lib_a-makebuf.o)
                0x000000000000896c                __swhatbuf_r
 .text.__smakebuf_r
                0x00000000000089bc       0x88 /root/.arduino15/packages/adafruit/tools/arm-none-eabi-gcc/9-2019q4/bin/../lib/gcc/arm-none-eabi/9.2.1/../../../../arm-none-eabi/lib/thumb/v6-m/nofp/libc_nano.a(lib_a-makebuf.o)
                0x00000000000089bc                __smakebuf_r
 .text.memchr   0x0000000000008a44       0x16 /root/.arduino15/packages/adafruit/tools/arm-none-eabi-gcc/9-2019q4/bin/../lib/gcc/arm-none-eabi/9.2.1/../../../../arm-none-eabi/lib/thumb/v6-m/nofp/libc_nano.a(lib_a-memchr-stub.o)
                0x0000000000008a44                memchr
 *fill*         0x0000000000008a5a        0x2 
 .text.__malloc_lock
                0x0000000000008a5c       0x10 /root/.arduino15/packages/adafruit/tools/arm-none-eabi-gcc/9-2019q4/bin/../lib/gcc/arm-none-eabi/9.2.1/../../../../arm-none-eabi/lib/thumb/v6-m/nofp/libc_nano.a(lib_a-mlock.o)
                0x0000000000008a5c                __malloc_lock
 .text.__malloc_unlock
                0x0000000000008a6c       0x10 /root/.arduino15/packages/adafruit/tools/arm-none-eabi-gcc/9-2019q4/bin/../lib/gcc/arm-none-eabi/9.2.1/../../../../arm-none-eabi/lib/thumb/v6-m/nofp/libc_nano.a(lib_a-mlock.o)
                0x0000000000008a6c                __malloc_unlock
 .text._raise_r
                0x0000000000008a7c       0x54 /root/.arduino15/packages/adafruit/tools/arm-none-eabi-gcc/9-2019q4/bin/../lib/gcc/arm-none-eabi/9.2.1/../../../../arm-none-eabi/lib/thumb/v6-m/nofp/libc_nano.a(lib_a-signal.o)
                0x0000000000008a7c                _raise_r
 .text.raise    0x0000000000008ad0       0x14 /root/.arduino15/packages/adafruit/tools/arm-none-eabi-gcc/9-2019q4/bin/../lib/gcc/arm-none-eabi/9.2.1/../../../../arm-none-eabi/lib/thumb/v6-m/nofp/libc_nano.a(lib_a-signal.o)
                0x0000000000008ad0                raise
 .text._kill_r  0x0000000000008ae4       0x24 /root/.arduino15/packages/adafruit/tools/arm-none-eabi-gcc/9-2019q4/bin/../lib/gcc/arm-none-eabi/9.2.1/../../../../arm-none-eabi/lib/thumb/v6-m/nofp/libc_nano.a(lib_a-signalr.o)
                0x0000000000008ae4                _kill_r
 .text._getpid_r
                0x0000000000008b08        0x8 /root/.arduino15/packages/adafruit/tools/arm-none-eabi-gcc/9-2019q4/bin/../lib/gcc/arm-none-eabi/9.2.1/../../../../arm-none-eabi/lib/thumb/v6-m/nofp/libc_nano.a(lib_a-signalr.o)
                0x0000000000008b08                _getpid_r
 .text.__sread  0x0000000000008b10       0x28 /root/.arduino15/packages/adafruit/tools/arm-none-eabi-gcc/9-2019q4/bin/../lib/gcc/arm-none-eabi/9.2.1/../../../../arm-none-eabi/lib/thumb/v6-m/nofp/libc_nano.a(lib_a-stdio.o)
                0x0000000000008b10                __sread
 .text.__swrite
                0x0000000000008b38       0x38 /root/.arduino15/packages/adafruit/tools/arm-none-eabi-gcc/9-2019q4/bin/../lib/gcc/arm-none-eabi/9.2.1/../../../../arm-none-eabi/lib/thumb/v6-m/nofp/libc_nano.a(lib_a-stdio.o)
                0x0000000000008b38                __swrite
 .text.__sseek  0x0000000000008b70       0x2c /root/.arduino15/packages/adafruit/tools/arm-none-eabi-gcc/9-2019q4/bin/../lib/gcc/arm-none-eabi/9.2.1/../../../../arm-none-eabi/lib/thumb/v6-m/nofp/libc_nano.a(lib_a-stdio.o)
                0x0000000000008b70                __sseek
 .text.__sclose
                0x0000000000008b9c        0xc /root/.arduino15/packages/adafruit/tools/arm-none-eabi-gcc/9-2019q4/bin/../lib/gcc/arm-none-eabi/9.2.1/../../../../arm-none-eabi/lib/thumb/v6-m/nofp/libc_nano.a(lib_a-stdio.o)
                0x0000000000008b9c                __sclose
 .text._write_r
                0x0000000000008ba8       0x28 /root/.arduino15/packages/adafruit/tools/arm-none-eabi-gcc/9-2019q4/bin/../lib/gcc/arm-none-eabi/9.2.1/../../../../arm-none-eabi/lib/thumb/v6-m/nofp/libc_nano.a(lib_a-writer.o)
                0x0000000000008ba8                _write_r
 .text._close_r
                0x0000000000008bd0       0x24 /root/.arduino15/packages/adafruit/tools/arm-none-eabi-gcc/9-2019q4/bin/../lib/gcc/arm-none-eabi/9.2.1/../../../../arm-none-eabi/lib/thumb/v6-m/nofp/libc_nano.a(lib_a-closer.o)
                0x0000000000008bd0                _close_r
 .text._fstat_r
                0x0000000000008bf4       0x24 /root/.arduino15/packages/adafruit/tools/arm-none-eabi-gcc/9-2019q4/bin/../lib/gcc/arm-none-eabi/9.2.1/../../../../arm-none-eabi/lib/thumb/v6-m/nofp/libc_nano.a(lib_a-fstatr.o)
                0x0000000000008bf4                _fstat_r
 .text._isatty_r
                0x0000000000008c18       0x24 /root/.arduino15/packages/adafruit/tools/arm-none-eabi-gcc/9-2019q4/bin/../lib/gcc/arm-none-eabi/9.2.1/../../../../arm-none-eabi/lib/thumb/v6-m/nofp/libc_nano.a(lib_a-isattyr.o)
                0x0000000000008c18                _isatty_r
 .text._lseek_r
                0x0000000000008c3c       0x28 /root/.arduino15/packages/adafruit/tools/arm-none-eabi-gcc/9-2019q4/bin/../lib/gcc/arm-none-eabi/9.2.1/../../../../arm-none-eabi/lib/thumb/v6-m/nofp/libc_nano.a(lib_a-lseekr.o)
                0x0000000000008c3c                _lseek_r
 .text._read_r  0x0000000000008c64       0x28 /root/.arduino15/packages/adafruit/tools/arm-none-eabi-gcc/9-2019q4/bin/../lib/gcc/arm-none-eabi/9.2.1/../../../../arm-none-eabi/lib/thumb/v6-m/nofp/libc_nano.a(lib_a-readr.o)
                0x0000000000008c64                _read_r
 .text          0x0000000000008c8c       0x50 /root/.arduino15/packages/adafruit/tools/arm-none-eabi-gcc/9-2019q4/bin/../lib/gcc/arm-none-eabi/9.2.1/thumb/v6-m/nofp/libgcc.a(_muldi3.o)
                0x0000000000008c8c                __aeabi_lmul
                0x0000000000008c8c                __muldi3
 .text._close   0x0000000000008cdc       0x10 /root/.arduino15/packages/adafruit/tools/arm-none-eabi-gcc/9-2019q4/bin/../lib/gcc/arm-none-eabi/9.2.1/../../../../arm-none-eabi/lib/thumb/v6-m/nofp/libnosys.a(close.o)
                0x0000000000008cdc                _close
 .text._fstat   0x0000000000008cec       0x10 /root/.arduino15/packages/adafruit/tools/arm-none-eabi-gcc/9-2019q4/bin/../lib/gcc/arm-none-eabi/9.2.1/../../../../arm-none-eabi/lib/thumb/v6-m/nofp/libnosys.a(fstat.o)
                0x0000000000008cec                _fstat
 .text._getpid  0x0000000000008cfc       0x10 /root/.arduino15/packages/adafruit/tools/arm-none-eabi-gcc/9-2019q4/bin/../lib/gcc/arm-none-eabi/9.2.1/../../../../arm-none-eabi/lib/thumb/v6-m/nofp/libnosys.a(getpid.o)
                0x0000000000008cfc                _getpid
 .text._isatty  0x0000000000008d0c       0x10 /root/.arduino15/packages/adafruit/tools/arm-none-eabi-gcc/9-2019q4/bin/../lib/gcc/arm-none-eabi/9.2.1/../../../../arm-none-eabi/lib/thumb/v6-m/nofp/libnosys.a(isatty.o)
                0x0000000000008d0c                _isatty
 .text._kill    0x0000000000008d1c       0x10 /root/.arduino15/packages/adafruit/tools/arm-none-eabi-gcc/9-2019q4/bin/../lib/gcc/arm-none-eabi/9.2.1/../../../../arm-none-eabi/lib/thumb/v6-m/nofp/libnosys.a(kill.o)
                0x0000000000008d1c                _kill
 .text._lseek   0x0000000000008d2c       0x10 /root/.arduino15/packages/adafruit/tools/arm-none-eabi-gcc/9-2019q4/bin/../lib/gcc/arm-none-eabi/9.2.1/../../../../arm-none-eabi/lib/thumb/v6-m/nofp/libnosys.a(lseek.o)
                0x0000000000008d2c                _lseek
 .text._read    0x0000000000008d3c       0x10 /root/.arduino15/packages/adafruit/tools/arm-none-eabi-gcc/9-2019q4/bin/../lib/gcc/arm-none-eabi/9.2.1/../../../../arm-none-eabi/lib/thumb/v6-m/nofp/libnosys.a(read.o)
                0x0000000000008d3c                _read
 .text._sbrk    0x0000000000008d4c       0x1c /root/.arduino15/packages/adafruit/tools/arm-none-eabi-gcc/9-2019q4/bin/../lib/gcc/arm-none-eabi/9.2.1/../../../../arm-none-eabi/lib/thumb/v6-m/nofp/libnosys.a(sbrk.o)
                0x0000000000008d4c                _sbrk
 .text._write   0x0000000000008d68       0x10 /root/.arduino15/packages/adafruit/tools/arm-none-eabi-gcc/9-2019q4/bin/../lib/gcc/arm-none-eabi/9.2.1/../../../../arm-none-eabi/lib/thumb/v6-m/nofp/libnosys.a(write.o)
                0x0000000000008d68                _write
 .text._exit    0x0000000000008d78        0x4 /root/.arduino15/packages/adafruit/tools/arm-none-eabi-gcc/9-2019q4/bin/../lib/gcc/arm-none-eabi/9.2.1/../../../../arm-none-eabi/lib/thumb/v6-m/nofp/libnosys.a(_exit.o)
                0x0000000000008d78                _exit
 *(.init)
 .init          0x0000000000008d7c        0x4 /root/.arduino15/packages/adafruit/tools/arm-none-eabi-gcc/9-2019q4/bin/../lib/gcc/arm-none-eabi/9.2.1/thumb/v6-m/nofp/crti.o
                0x0000000000008d7c                _init
 .init          0x0000000000008d80        0x8 /root/.arduino15/packages/adafruit/tools/arm-none-eabi-gcc/9-2019q4/bin/../lib/gcc/arm-none-eabi/9.2.1/thumb/v6-m/nofp/crtn.o
 *(.fini)
 .fini          0x0000000000008d88        0x4 /root/.arduino15/packages/adafruit/tools/arm-none-eabi-gcc/9-2019q4/bin/../lib/gcc/arm-none-eabi/9.2.1/thumb/v6-m/nofp/crti.o
                0x0000000000008d88                _fini
 .fini          0x0000000000008d8c        0x8 /root/.arduino15/packages/adafruit/tools/arm-none-eabi-gcc/9-2019q4/bin/../lib/gcc/arm-none-eabi/9.2.1/thumb/v6-m/nofp/crtn.o
 *crtbegin.o(.ctors)
 *crtbegin?.o(.ctors)
 *(EXCLUDE_FILE(*crtend.o *crtend?.o) .ctors)
 *(SORT_BY_NAME(.ctors.*))
 *(.ctors)
 *crtbegin.o(.dtors)
 *crtbegin?.o(.dtors)
 *(EXCLUDE_FILE(*crtend.o *crtend?.o) .dtors)
 *(SORT_BY_NAME(.dtors.*))
 *(.dtors)
 *(.rodata*)
 .rodata._Z21target_readbyte_blockv.str1.1
                0x0000000000008d94       0x2a /tmp/pb/sketch/firmware.ino.cpp.o
 .rodata._Z28target_verify_input_checksumv.str1.1
                0x0000000000008dbe       0x40 /tmp/pb/sketch/firmware.ino.cpp.o
 .rodata._Z21target_sendbyte_blockh.str1.1
                0x0000000000008dfe       0x30 /tmp/pb/sketch/firmware.ino.cpp.o
                                         0x33 (size before relaxing)
 .rodata._Z21target_finish_commandv.str1.1
                0x0000000000008e2e       0x3d /tmp/pb/sketch/firmware.ino.cpp.o
 .rodata._Z12target_resetv.str1.1
                0x0000000000008e6b       0x1b /tmp/pb/sketch/firmware.ino.cpp.o
 .rodata._Z5resetv.str1.1
                0x0000000000008e86       0x1b /tmp/pb/sketch/firmware.ino.cpp.o
                                          0x3 (size before relaxing)
 .rodata._Z17target_wait_readyv.str1.1
                0x0000000000008e86       0x18 /tmp/pb/sketch/firmware.ino.cpp.o
 .rodata._Z22read_words_from_memorymm.str1.1
                0x0000000000008e9e       0x1f /tmp/pb/sketch/firmware.ino.cpp.o
 .rodata.loop.str1.1
                0x0000000000008ebd      0x27c /tmp/pb/sketch/firmware.ino.cpp.o
                                        0x283 (size before relaxing)
 .rodata.libxsvf_play.str1.1
                0x0000000000009139       0x97 /tmp/pb/sketch/src/libxsvf/play.c.o
 .rodata.bitdata_play.str1.1
                0x00000000000091d0       0x2e /tmp/pb/sketch/src/libxsvf/svf.c.o
 .rodata.token2tapstate.str1.1
                0x00000000000091fe       0x83 /tmp/pb/sketch/src/libxsvf/svf.c.o
 .rodata.bitdata_parse.str1.1
                0x0000000000009281       0x2a /tmp/pb/sketch/src/libxsvf/svf.c.o
                                         0x33 (size before relaxing)
 .rodata.libxsvf_svf.str1.1
                0x00000000000092ab       0xf0 /tmp/pb/sketch/src/libxsvf/svf.c.o
                                        0x117 (size before relaxing)
 .rodata.libxsvf_tap_walk.str1.1
                0x000000000000939b       0x47 /tmp/pb/sketch/src/libxsvf/tap.c.o
 .rodata.shift_data.str1.1
                0x00000000000093e2       0x21 /tmp/pb/sketch/src/libxsvf/xsvf.c.o
                                         0x2f (size before relaxing)
 .rodata.libxsvf_xsvf.str1.1
                0x0000000000009403      0x1f2 /tmp/pb/sketch/src/libxsvf/xsvf.c.o
                                        0x21c (size before relaxing)
 .rodata._ZL10h_shutdownP12libxsvf_host.str1.1
                0x00000000000095f5        0xb /tmp/pb/sketch/src/libxsvf/xsvftool-arduino.cpp.o
 .rodata._ZL14h_report_errorP12libxsvf_hostPKciS2_.str1.1
                0x0000000000009600        0x3 /tmp/pb/sketch/src/libxsvf/xsvftool-arduino.cpp.o
                                          0x7 (size before relaxing)
 .rodata._ZL9h_reallocP12libxsvf_hostPvi11libxsvf_mem.str1.1
                0x0000000000009603       0x40 /tmp/pb/sketch/src/libxsvf/xsvftool-arduino.cpp.o
 .rodata._ZL15h_report_deviceP12libxsvf_hostm.str1.1
                0x0000000000009643       0x34 /tmp/pb/sketch/src/libxsvf/xsvftool-arduino.cpp.o
 .rodata._Z16arduino_play_svfiiiii.str1.1
                0x0000000000009677       0x5a /tmp/pb/sketch/src/libxsvf/xsvftool-arduino.cpp.o
 .rodata._ZL9h_getbyteP12libxsvf_host.str1.1
                0x00000000000096d1       0x22 /tmp/pb/sketch/src/libxsvf/xsvftool-arduino.cpp.o
 *fill*         0x00000000000096f3        0x1 
 .rodata._ZZL9h_reallocP12libxsvf_hostPvi11libxsvf_memE7buflist
                0x00000000000096f4       0x3c /tmp/pb/sketch/src/libxsvf/xsvftool-arduino.cpp.o
 .rodata._ZZL9h_reallocP12libxsvf_hostPvi11libxsvf_memE8sizelist
                0x0000000000009730       0x3c /tmp/pb/sketch/src/libxsvf/xsvftool-arduino.cpp.o
 .rodata._ZN8SPIClassC2EP6SERCOMhhh14SercomSpiTXPad11SercomRXPad.str1.1
                0x000000000000976c       0xb2 /tmp/pb/libraries/SPI/SPI.cpp.o
 *fill*         0x000000000000981e        0x2 
 .rodata._ZL10sercomData
                0x0000000000009820       0x48 /tmp/pb/libraries/SPI/SPI.cpp.o
 .rodata.g_APinDescription
                0x0000000000009868      0x408 /tmp/pb/core/variant.cpp.o
                0x0000000000009868                g_APinDescription
 .rodata._ZN5Print7printlnEv.str1.1
                0x0000000000009c70        0x3 /tmp/pb/core/core.a(Print.cpp.o)
 *fill*         0x0000000000009c73        0x1 
 .rodata._ZL10sercomData
                0x0000000000009c74       0x30 /tmp/pb/core/core.a(SERCOM.cpp.o)
 .rodata._ZTV7Serial_
                0x0000000000009ca4       0x24 /tmp/pb/core/core.a(CDC.cpp.o)
                0x0000000000009ca4                vtable for Serial_
 .rodata._ZN14USBDeviceClass19handleStandardSetupER8USBSetup.str1.1
                0x0000000000009cc8        0x3 /tmp/pb/core/core.a(USBCore.cpp.o)
                                          0x1 (size before relaxing)
 .rodata._ZTV26DoubleBufferedEPOutHandler
                0x0000000000009cc8       0x20 /tmp/pb/core/core.a(USBCore.cpp.o)
                0x0000000000009cc8                vtable for DoubleBufferedEPOutHandler
 .rodata._ZL14STRING_PRODUCT
                0x0000000000009ce8        0x9 /tmp/pb/core/core.a(USBCore.cpp.o)
 *fill*         0x0000000000009cf1        0x1 
 .rodata._ZL15STRING_LANGUAGE
                0x0000000000009cf2        0x4 /tmp/pb/core/core.a(USBCore.cpp.o)
 .rodata._ZL19STRING_MANUFACTURER
                0x0000000000009cf6        0x7 /tmp/pb/core/core.a(USBCore.cpp.o)
 .rodata._ZL21USB_DeviceDescriptorB
                0x0000000000009cfd       0x12 /tmp/pb/core/core.a(USBCore.cpp.o)
 *fill*         0x0000000000009d0f        0x1 
 .rodata._ZTV4Uart
                0x0000000000009d10       0x34 /tmp/pb/core/core.a(Uart.cpp.o)
                0x0000000000009d10                vtable for Uart
 .rodata.__assert_func.str1.1
                0x0000000000009d44       0x3c /root/.arduino15/packages/adafruit/tools/arm-none-eabi-gcc/9-2019q4/bin/../lib/gcc/arm-none-eabi/9.2.1/../../../../arm-none-eabi/lib/thumb/v6-m/nofp/libc_nano.a(lib_a-assert.o)
                                         0x3d (size before relaxing)
 .rodata._global_impure_ptr
                0x0000000000009d80        0x4 /root/.arduino15/packages/adafruit/tools/arm-none-eabi-gcc/9-2019q4/bin/../lib/gcc/arm-none-eabi/9.2.1/../../../../arm-none-eabi/lib/thumb/v6-m/nofp/libc_nano.a(lib_a-impure.o)
                0x0000000000009d80                _global_impure_ptr
 .rodata._vfprintf_r.str1.1
                0x0000000000009d84       0x11 /root/.arduino15/packages/adafruit/tools/arm-none-eabi-gcc/9-2019q4/bin/../lib/gcc/arm-none-eabi/9.2.1/../../../../arm-none-eabi/lib/thumb/v6-m/nofp/libc_nano.a(lib_a-nano-vfprintf.o)
 .rodata._printf_i.str1.1
                0x0000000000009d95       0x22 /root/.arduino15/packages/adafruit/tools/arm-none-eabi-gcc/9-2019q4/bin/../lib/gcc/arm-none-eabi/9.2.1/../../../../arm-none-eabi/lib/thumb/v6-m/nofp/libc_nano.a(lib_a-nano-vfprintf_i.o)
 *fill*         0x0000000000009db7        0x1 
 .rodata.__sf_fake_stderr
                0x0000000000009db8       0x20 /root/.arduino15/packages/adafruit/tools/arm-none-eabi-gcc/9-2019q4/bin/../lib/gcc/arm-none-eabi/9.2.1/../../../../arm-none-eabi/lib/thumb/v6-m/nofp/libc_nano.a(lib_a-findfp.o)
                0x0000000000009db8                __sf_fake_stderr
 .rodata.__sf_fake_stdin
                0x0000000000009dd8       0x20 /root/.arduino15/packages/adafruit/tools/arm-none-eabi-gcc/9-2019q4/bin/../lib/gcc/arm-none-eabi/9.2.1/../../../../arm-none-eabi/lib/thumb/v6-m/nofp/libc_nano.a(lib_a-findfp.o)
                0x0000000000009dd8                __sf_fake_stdin
 .rodata.__sf_fake_stdout
                0x0000000000009df8       0x20 /root/.arduino15/packages/adafruit/tools/arm-none-eabi-gcc/9-2019q4/bin/../lib/gcc/arm-none-eabi/9.2.1/../../../../arm-none-eabi/lib/thumb/v6-m/nofp/libc_nano.a(lib_a-findfp.o)
                0x0000000000009df8                __sf_fake_stdout
 *(.eh_frame*)
 .eh_frame      0x0000000000009e18        0x0 /root/.arduino15/packages/adafruit/tools/arm-none-eabi-gcc/9-2019q4/bin/../lib/gcc/arm-none-eabi/9.2.1/thumb/v6-m/nofp/crtbegin.o
 .eh_frame      0x0000000000009e18        0x4 /root/.arduino15/packages/adafruit/tools/arm-none-eabi-gcc/9-2019q4/bin/../lib/gcc/arm-none-eabi/9.2.1/thumb/v6-m/nofp/crtend.o

.glue_7         0x0000000000009e1c        0x0
 .glue_7        0x0000000000009e1c        0x0 linker stubs

.glue_7t        0x0000000000009e1c        0x0
 .glue_7t       0x0000000000009e1c        0x0 linker stubs

.vfp11_veneer   0x0000000000009e1c        0x0
 .vfp11_veneer  0x0000000000009e1c        0x0 linker stubs

.v4_bx          0x0000000000009e1c        0x0
 .v4_bx         0x0000000000009e1c        0x0 linker stubs

.iplt           0x0000000000009e1c        0x0
 .iplt          0x0000000000009e1c        0x0 /root/.arduino15/packages/adafruit/tools/arm-none-eabi-gcc/9-2019q4/bin/../lib/gcc/arm-none-eabi/9.2.1/thumb/v6-m/nofp/crtbegin.o

.rel.dyn        0x0000000000009e1c        0x0
 .rel.iplt      0x0000000000009e1c        0x0 /root/.arduino15/packages/adafruit/tools/arm-none-eabi-gcc/9-2019q4/bin/../lib/gcc/arm-none-eabi/9.2.1/thumb/v6-m/nofp/crtbegin.o

.ARM.extab
 *(.ARM.extab* .gnu.linkonce.armextab.*)
                0x0000000000009e1c                __exidx_start = .

.ARM.exidx
 *(.ARM.exidx* .gnu.linkonce.armexidx.*)
                0x0000000000009e1c                __exidx_end = .
                0x0000000000009e1c                __etext = .

.data           0x0000000020000000      0x104 load address 0x0000000000009e1c
                0x0000000020000000                __data_start__ = .
 *(vtable)
 *(.data*)
 .data.SystemCoreClock
                0x0000000020000000        0x4 /tmp/pb/core/core.a(wiring.c.o)
                0x0000000020000000                SystemCoreClock
 .data._ZL5ticks
                0x0000000020000004        0x4 /tmp/pb/core/core.a(Reset.cpp.o)
 .data._ZL10breakValue
                0x0000000020000008        0x4 /tmp/pb/core/core.a(CDC.cpp.o)
 .data._ZL12_usbLineInfo
                0x000000002000000c        0x8 /tmp/pb/core/core.a(CDC.cpp.o)
 .data._ZL13_cdcInterface
                0x0000000020000014       0x42 /tmp/pb/core/core.a(CDC.cpp.o)
 *fill*         0x0000000020000056        0x2 
 .data._serialPeek
                0x0000000020000058        0x4 /tmp/pb/core/core.a(CDC.cpp.o)
                0x0000000020000058                _serialPeek
 .data.EndPoints
                0x000000002000005c       0x28 /tmp/pb/core/core.a(USBCore.cpp.o)
                0x000000002000005c                EndPoints
 .data._impure_ptr
                0x0000000020000084        0x4 /root/.arduino15/packages/adafruit/tools/arm-none-eabi-gcc/9-2019q4/bin/../lib/gcc/arm-none-eabi/9.2.1/../../../../arm-none-eabi/lib/thumb/v6-m/nofp/libc_nano.a(lib_a-impure.o)
                0x0000000020000084                _impure_ptr
 .data.impure_data
                0x0000000020000088       0x60 /root/.arduino15/packages/adafruit/tools/arm-none-eabi-gcc/9-2019q4/bin/../lib/gcc/arm-none-eabi/9.2.1/../../../../arm-none-eabi/lib/thumb/v6-m/nofp/libc_nano.a(lib_a-impure.o)
                0x00000000200000e8                . = ALIGN (0x4)
                0x00000000200000e8                PROVIDE (__preinit_array_start = .)
 *(.preinit_array)
                0x00000000200000e8                PROVIDE (__preinit_array_end = .)
                0x00000000200000e8                . = ALIGN (0x4)
                0x00000000200000e8                PROVIDE (__init_array_start = .)
 *(SORT_BY_NAME(.init_array.*))
 *(.init_array)
 .init_array    0x00000000200000e8        0x4 /root/.arduino15/packages/adafruit/tools/arm-none-eabi-gcc/9-2019q4/bin/../lib/gcc/arm-none-eabi/9.2.1/thumb/v6-m/nofp/crtbegin.o
 .init_array    0x00000000200000ec        0x4 /tmp/pb/sketch/firmware.ino.cpp.o
 .init_array    0x00000000200000f0        0x4 /tmp/pb/libraries/SPI/SPI.cpp.o
 .init_array    0x00000000200000f4        0x4 /tmp/pb/core/variant.cpp.o
 .init_array    0x00000000200000f8        0x4 /tmp/pb/core/core.a(CDC.cpp.o)
 .init_array    0x00000000200000fc        0x4 /tmp/pb/core/core.a(USBCore.cpp.o)
                0x0000000020000100                PROVIDE (__init_array_end = .)
                0x0000000020000100                . = ALIGN (0x4)
                [!provide]                        PROVIDE (__fini_array_start = .)
 *(SORT_BY_NAME(.fini_array.*))
 *(.fini_array)
 .fini_array    0x0000000020000100        0x4 /root/.arduino15/packages/adafruit/tools/arm-none-eabi-gcc/9-2019q4/bin/../lib/gcc/arm-none-eabi/9.2.1/thumb/v6-m/nofp/crtbegin.o
                [!provide]                        PROVIDE (__fini_array_end = .)
 *(.jcr*)
                0x0000000020000104                . = ALIGN (0x4)
                0x0000000020000104                __data_end__ = .

.igot.plt       0x0000000020000104        0x0 load address 0x0000000000009f20
 .igot.plt      0x0000000020000104        0x0 /root/.arduino15/packages/adafruit/tools/arm-none-eabi-gcc/9-2019q4/bin/../lib/gcc/arm-none-eabi/9.2.1/thumb/v6-m/nofp/crtbegin.o

.bss            0x0000000020000110      0xdb8 load address 0x0000000000009f30
                0x0000000020000110                . = ALIGN (0x4)
                0x0000000020000110                __bss_start__ = .
 *(.bss*)
 .bss           0x0000000020000110       0x1c /root/.arduino15/packages/adafruit/tools/arm-none-eabi-gcc/9-2019q4/bin/../lib/gcc/arm-none-eabi/9.2.1/thumb/v6-m/nofp/crtbegin.o
 .bss._ZZ4loopE13serial_active
                0x000000002000012c        0x1 /tmp/pb/sketch/firmware.ino.cpp.o
 *fill*         0x000000002000012d        0x3 
 .bss._ZZ4loopE18serial_active_when
                0x0000000020000130        0x4 /tmp/pb/sketch/firmware.ino.cpp.o
 .bss._ZZ4loopE8ff_count
                0x0000000020000134        0x4 /tmp/pb/sketch/firmware.ino.cpp.o
 .bss.char_so_far
                0x0000000020000138        0x1 /tmp/pb/sketch/firmware.ino.cpp.o
                0x0000000020000138                char_so_far
 *fill*         0x0000000020000139        0x3 
 .bss.fpga_spi  0x000000002000013c       0x4c /tmp/pb/sketch/firmware.ino.cpp.o
                0x000000002000013c                fpga_spi
 .bss.have_half_char
                0x0000000020000188        0x1 /tmp/pb/sketch/firmware.ino.cpp.o
                0x0000000020000188                have_half_char
 .bss.last_command
                0x0000000020000189        0x1 /tmp/pb/sketch/firmware.ino.cpp.o
                0x0000000020000189                last_command
 *fill*         0x000000002000018a        0x2 
 .bss.last_neopixel_toggle
                0x000000002000018c        0x4 /tmp/pb/sketch/firmware.ino.cpp.o
                0x000000002000018c                last_neopixel_toggle
 .bss.last_printed
                0x0000000020000190        0x1 /tmp/pb/sketch/firmware.ino.cpp.o
                0x0000000020000190                last_printed
 .bss.machine   0x0000000020000191        0x1 /tmp/pb/sketch/firmware.ino.cpp.o
 *fill*         0x0000000020000192        0x2 
 .bss.neopixel_state
                0x0000000020000194        0x4 /tmp/pb/sketch/firmware.ino.cpp.o
                0x0000000020000194                neopixel_state
 .bss.target_checksum
                0x0000000020000198        0x4 /tmp/pb/sketch/firmware.ino.cpp.o
                0x0000000020000198                target_checksum
 .bss.target_input_checksum
                0x000000002000019c        0x4 /tmp/pb/sketch/firmware.ino.cpp.o
                0x000000002000019c                target_input_checksum
 .bss.target_started
                0x00000000200001a0        0x1 /tmp/pb/sketch/firmware.ino.cpp.o
                0x00000000200001a0                target_started
 .bss._ZZL9h_reallocP12libxsvf_hostPvi11libxsvf_memE18buf_svf_commandbuf
                0x00000000200001a1       0xc8 /tmp/pb/sketch/src/libxsvf/xsvftool-arduino.cpp.o
 .bss._ZZL9h_reallocP12libxsvf_hostPvi11libxsvf_memE20buf_svf_sdr_tdi_data
                0x0000000020000269       0x18 /tmp/pb/sketch/src/libxsvf/xsvftool-arduino.cpp.o
 .bss._ZZL9h_reallocP12libxsvf_hostPvi11libxsvf_memE20buf_svf_sdr_tdi_mask
                0x0000000020000281       0x18 /tmp/pb/sketch/src/libxsvf/xsvftool-arduino.cpp.o
 .bss._ZZL9h_reallocP12libxsvf_hostPvi11libxsvf_memE20buf_svf_sdr_tdo_data
                0x0000000020000299       0x18 /tmp/pb/sketch/src/libxsvf/xsvftool-arduino.cpp.o
 .bss._ZZL9h_reallocP12libxsvf_hostPvi11libxsvf_memE20buf_svf_sdr_tdo_mask
                0x00000000200002b1       0x18 /tmp/pb/sketch/src/libxsvf/xsvftool-arduino.cpp.o
 .bss._ZZL9h_reallocP12libxsvf_hostPvi11libxsvf_memE20buf_svf_sir_tdi_data
                0x00000000200002c9        0x1 /tmp/pb/sketch/src/libxsvf/xsvftool-arduino.cpp.o
 .bss._ZZL9h_reallocP12libxsvf_hostPvi11libxsvf_memE20buf_svf_sir_tdi_mask
                0x00000000200002ca        0x1 /tmp/pb/sketch/src/libxsvf/xsvftool-arduino.cpp.o
 .bss._ZZL9h_reallocP12libxsvf_hostPvi11libxsvf_memE20buf_svf_sir_tdo_data
                0x00000000200002cb        0x1 /tmp/pb/sketch/src/libxsvf/xsvftool-arduino.cpp.o
 .bss._ZZL9h_reallocP12libxsvf_hostPvi11libxsvf_memE20buf_svf_sir_tdo_mask
                0x00000000200002cc        0x1 /tmp/pb/sketch/src/libxsvf/xsvftool-arduino.cpp.o
 *fill*         0x00000000200002cd        0x3 
 .bss.SPI       0x00000000200002d0       0x4c /tmp/pb/libraries/SPI/SPI.cpp.o
                0x00000000200002d0                SPI
 .bss.SPI1      0x000000002000031c       0x4c /tmp/pb/libraries/SPI/SPI.cpp.o
                0x000000002000031c                SPI1
 .bss.SPI2      0x0000000020000368       0x4c /tmp/pb/libraries/SPI/SPI.cpp.o
                0x0000000020000368                SPI2
 .bss._ZL20DEFAULT_SPI_SETTINGS
                0x00000000200003b4        0x8 /tmp/pb/libraries/SPI/SPI.cpp.o
 .bss._ZL6spiPtr
                0x00000000200003bc       0x30 /tmp/pb/libraries/SPI/SPI.cpp.o
 *fill*         0x00000000200003ec        0x4 
 .bss._ZL10_writeback
                0x00000000200003f0       0xc0 /tmp/pb/libraries/Adafruit_ZeroDMA/Adafruit_ZeroDMA.cpp.o
 .bss._ZL11_descriptor
                0x00000000200004b0       0xc0 /tmp/pb/libraries/Adafruit_ZeroDMA/Adafruit_ZeroDMA.cpp.o
 .bss._ZL12_channelMask
                0x0000000020000570        0x4 /tmp/pb/libraries/Adafruit_ZeroDMA/Adafruit_ZeroDMA.cpp.o
 .bss._ZL28cpu_irq_prev_interrupt_state
                0x0000000020000574        0x1 /tmp/pb/libraries/Adafruit_ZeroDMA/Adafruit_ZeroDMA.cpp.o
 *fill*         0x0000000020000575        0x3 
 .bss._ZL32cpu_irq_critical_section_counter
                0x0000000020000578        0x4 /tmp/pb/libraries/Adafruit_ZeroDMA/Adafruit_ZeroDMA.cpp.o
 .bss._ZL7_dmaPtr
                0x000000002000057c       0x30 /tmp/pb/libraries/Adafruit_ZeroDMA/Adafruit_ZeroDMA.cpp.o
 .bss.Serial1   0x00000000200005ac      0x2fc /tmp/pb/core/variant.cpp.o
                0x00000000200005ac                Serial1
 .bss.sercom0   0x00000000200008a8        0x4 /tmp/pb/core/variant.cpp.o
                0x00000000200008a8                sercom0
 .bss.sercom1   0x00000000200008ac        0x4 /tmp/pb/core/variant.cpp.o
                0x00000000200008ac                sercom1
 .bss.sercom2   0x00000000200008b0        0x4 /tmp/pb/core/variant.cpp.o
                0x00000000200008b0                sercom2
 .bss.sercom3   0x00000000200008b4        0x4 /tmp/pb/core/variant.cpp.o
                0x00000000200008b4                sercom3
 .bss.sercom4   0x00000000200008b8        0x4 /tmp/pb/core/variant.cpp.o
                0x00000000200008b8                sercom4
 .bss.sercom5   0x00000000200008bc        0x4 /tmp/pb/core/variant.cpp.o
                0x00000000200008bc                sercom5
 .bss.usb_isr   0x00000000200008c0        0x4 /tmp/pb/core/core.a(cortex_handlers.c.o)
 .bss._ulTickCount
                0x00000000200008c4        0x4 /tmp/pb/core/core.a(delay.c.o)
 .bss.SerialUSB
                0x00000000200008c8       0x1c /tmp/pb/core/core.a(CDC.cpp.o)
                0x00000000200008c8                SerialUSB
 .bss.USBDevice
                0x00000000200008e4        0x1 /tmp/pb/core/core.a(USBCore.cpp.o)
                0x00000000200008e4                USBDevice
 *fill*         0x00000000200008e5        0x3 
 .bss._ZL10epHandlers
                0x00000000200008e8       0x1c /tmp/pb/core/core.a(USBCore.cpp.o)
 .bss._ZL14isEndpointHalt
                0x0000000020000904        0x1 /tmp/pb/core/core.a(USBCore.cpp.o)
 .bss._ZL20LastTransmitTimedOut
                0x0000000020000905        0x7 /tmp/pb/core/core.a(USBCore.cpp.o)
 .bss._ZL21isRemoteWakeUpEnabled
                0x000000002000090c        0x1 /tmp/pb/core/core.a(USBCore.cpp.o)
 *fill*         0x000000002000090d        0x3 
 .bss._ZL22udd_ep_in_cache_buffer
                0x0000000020000910      0x1c0 /tmp/pb/core/core.a(USBCore.cpp.o)
 .bss._ZL23udd_ep_out_cache_buffer
                0x0000000020000ad0      0x1c0 /tmp/pb/core/core.a(USBCore.cpp.o)
 .bss._dry_run  0x0000000020000c90        0x1 /tmp/pb/core/core.a(USBCore.cpp.o)
                0x0000000020000c90                _dry_run
 .bss._pack_buffer
                0x0000000020000c91      0x100 /tmp/pb/core/core.a(USBCore.cpp.o)
                0x0000000020000c91                _pack_buffer
 .bss._pack_message
                0x0000000020000d91        0x1 /tmp/pb/core/core.a(USBCore.cpp.o)
                0x0000000020000d91                _pack_message
 .bss._pack_size
                0x0000000020000d92        0x2 /tmp/pb/core/core.a(USBCore.cpp.o)
                0x0000000020000d92                _pack_size
 .bss._usbConfiguration
                0x0000000020000d94        0x4 /tmp/pb/core/core.a(USBCore.cpp.o)
                0x0000000020000d94                _usbConfiguration
 .bss._usbSetInterface
                0x0000000020000d98        0x4 /tmp/pb/core/core.a(USBCore.cpp.o)
                0x0000000020000d98                _usbSetInterface
 .bss.usbd      0x0000000020000d9c      0x104 /tmp/pb/core/core.a(USBCore.cpp.o)
                0x0000000020000d9c                usbd
 .bss._ZGVZ12PluggableUSBvE3obj