Archive member included to satisfy reference by file (symbol)

/tmp/pb/core/core.a(cortex_handlers.c.o)
                              (Reset_Handler)
/tmp/pb/core/core.a(delay.c.o)
                              /tmp/pb/sketch/firmware.ino.cpp.o (millis)
/tmp/pb/core/core.a(hooks.c.o)
                              /tmp/pb/core/core.a(delay.c.o) (yield)
/tmp/pb/core/core.a(startup.c.o)
                              /tmp/pb/core/core.a(cortex_handlers.c.o) (SystemInit)
/tmp/pb/core/core.a(wiring.c.o)
                              /tmp/pb/sketch/firmware.ino.cpp.o (SystemCoreClock)
/tmp/pb/core/core.a(wiring_analog.c.o)
                              /tmp/pb/core/core.a(wiring.c.o) (analogReference)
/tmp/pb/core/core.a(wiring_digital.c.o)
                              /tmp/pb/sketch/firmware.ino.cpp.o (pinMode)
/tmp/pb/core/core.a(wiring_private.c.o)
                              /tmp/pb/sketch/firmware.ino.cpp.o (pinPeripheral)
/tmp/pb/core/core.a(Print.cpp.o)
                              /tmp/pb/sketch/firmware.ino.cpp.o (Print::print(char const*))
/tmp/pb/core/core.a(Reset.cpp.o)
                              /tmp/pb/core/core.a(delay.c.o) (tickReset)
/tmp/pb/core/core.a(SERCOM.cpp.o)
                              /tmp/pb/core/variant.cpp.o (SERCOM::SERCOM(Sercom*))
/tmp/pb/core/core.a(CDC.cpp.o)
                              /tmp/pb/sketch/firmware.ino.cpp.o (Serial_::availableForWrite())
/tmp/pb/core/core.a(USBCore.cpp.o)
                              /tmp/pb/core/core.a(CDC.cpp.o) (USBDeviceClass::available(unsigned long))
/tmp/pb/core/core.a(Uart.cpp.o)
                              /tmp/pb/core/variant.cpp.o (Uart::Uart(SERCOM*, unsigned char, unsigned char, SercomRXPad, SercomUartTXPad))
/tmp/pb/core/core.a(WMath.cpp.o)
                              /tmp/pb/sketch/firmware.ino.cpp.o (random(long))
/tmp/pb/core/core.a(abi.cpp.o)
                              /tmp/pb/core/core.a(Print.cpp.o) (__cxa_pure_virtual)
/tmp/pb/core/core.a(main.cpp.o)
                              /root/.arduino15/packages/adafruit/tools/arm-none-eabi-gcc/9-2019q4/bin/../lib/gcc/arm-none-eabi/9.2.1/../../../../arm-none-eabi/lib/thumb/v6-m/nofp/crt0.o (main)
/tmp/pb/core/core.a(new.cpp.o)
                              /tmp/pb/core/core.a(USBCore.cpp.o) (operator new(unsigned int))
/tmp/pb/core/core.a(PluggableUSB.cpp.o)
                              /tmp/pb/core/core.a(USBCore.cpp.o) (PluggableUSB_::getInterface(unsigned char*))
/tmp/pb/core/core.a(SAMD21_USBDevice.cpp.o)
                              /tmp/pb/core/core.a(USBCore.cpp.o) (USBDevice_SAMD21G18x::reset())
/root/.arduino15/packages/adafruit/tools/arm-none-eabi-gcc/9-2019q4/bin/../lib/gcc/arm-none-eabi/9.2.1/thumb/v6-m/nofp/libgcc.a(_thumb1_case_uqi.o)
                              /tmp/pb/sketch/src/libxsvf/tap.c.o (__gnu_thumb1_case_uqi)
/root/.arduino15/packages/adafruit/tools/arm-none-eabi-gcc/9-2019q4/bin/../lib/gcc/arm-none-eabi/9.2.1/thumb/v6-m/nofp/libgcc.a(_thumb1_case_shi.o)
                              /tmp/pb/sketch/firmware.ino.cpp.o (__gnu_thumb1_case_shi)
/root/.arduino15/packages/adafruit/tools/arm-none-eabi-gcc/9-2019q4/bin/../lib/gcc/arm-none-eabi/9.2.1/thumb/v6-m/nofp/libgcc.a(_thumb1_case_uhi.o)
                              /tmp/pb/sketch/src/libxsvf/xsvf.c.o (__gnu_thumb1_case_uhi)
/root/.arduino15/packages/adafruit/tools/arm-none-eabi-gcc/9-2019q4/bin/../lib/gcc/arm-none-eabi/9.2.1/thumb/v6-m/nofp/libgcc.a(_udivsi3.o)
                              /tmp/pb/sketch/src/libxsvf/svf.c.o (__aeabi_uidiv)
/root/.arduino15/packages/adafruit/tools/arm-none-eabi-gcc/9-2019q4/bin/../lib/gcc/arm-none-eabi/9.2.1/thumb/v6-m/nofp/libgcc.a(_divsi3.o)
                              /tmp/pb/sketch/src/libxsvf/svf.c.o (__aeabi_idiv)
/root/.arduino15/packages/adafruit/tools/arm-none-eabi-gcc/9-2019q4/bin/../lib/gcc/arm-none-eabi/9.2.1/thumb/v6-m/nofp/libgcc.a(_dvmd_tls.o)
                              /root/.arduino15/packages/adafruit/tools/arm-none-eabi-gcc/9-2019q4/bin/../lib/gcc/arm-none-eabi/9.2.1/thumb/v6-m/nofp/libgcc.a(_udivsi3.o) (__aeabi_idiv0)
/root/.arduino15/packages/adafruit/tools/arm-none-eabi-gcc/9-2019q4/bin/../lib/gcc/arm-none-eabi/9.2.1/thumb/v6-m/nofp/libgcc.a(_arm_cmpdf2.o)
                              /tmp/pb/core/core.a(Print.cpp.o) (__aeabi_dcmplt)
/root/.arduino15/packages/adafruit/tools/arm-none-eabi-gcc/9-2019q4/bin/../lib/gcc/arm-none-eabi/9.2.1/thumb/v6-m/nofp/libgcc.a(_fixunsdfsi.o)
                              /tmp/pb/core/core.a(Print.cpp.o) (__aeabi_d2uiz)
/root/.arduino15/packages/adafruit/tools/arm-none-eabi-gcc/9-2019q4/bin/../lib/gcc/arm-none-eabi/9.2.1/thumb/v6-m/nofp/libgcc.a(adddf3.o)
                              /tmp/pb/core/core.a(Print.cpp.o) (__aeabi_dadd)
/root/.arduino15/packages/adafruit/tools/arm-none-eabi-gcc/9-2019q4/bin/../lib/gcc/arm-none-eabi/9.2.1/thumb/v6-m/nofp/libgcc.a(divdf3.o)
                              /tmp/pb/core/core.a(Print.cpp.o) (__aeabi_ddiv)
[...]
Memory Configuration

Name             Origin             Length             Attributes
FLASH            0x0000000000002000 0x000000000003e000 xr
RAM              0x0000000020000000 0x0000000000008000 xrw
*default*        0x0000000000000000 0xffffffffffffffff

Linker script and memory map

LOAD /root/.arduino15/packages/adafruit/tools/arm-none-eabi-gcc/9-2019q4/bin/../lib/gcc/arm-none-eabi/9.2.1/thumb/v6-m/nofp/crti.o
LOAD /root/.arduino15/packages/adafruit/tools/arm-none-eabi-gcc/9-2019q4/bin/../lib/gcc/arm-none-eabi/9.2.1/thumb/v6-m/nofp/crtbegin.o
LOAD /root/.arduino15/packages/adafruit/tools/arm-none-eabi-gcc/9-2019q4/bin/../lib/gcc/arm-none-eabi/9.2.1/../../../../arm-none-eabi/lib/thumb/v6-m/nofp/crt0.o
LOAD /tmp/pb/sketch/firmware.ino.cpp.o
LOAD /tmp/pb/sketch/src/libxsvf/memname.c.o
LOAD /tmp/pb/sketch/src/libxsvf/play.c.o
LOAD /tmp/pb/sketch/src/libxsvf/scan.c.o
LOAD /tmp/pb/sketch/src/libxsvf/statename.c.o
LOAD /tmp/pb/sketch/src/libxsvf/svf.c.o
LOAD /tmp/pb/sketch/src/libxsvf/tap.c.o
LOAD /tmp/pb/sketch/src/libxsvf/xsvf.c.o
LOAD /tmp/pb/sketch/src/libxsvf/xsvftool-arduino.cpp.o
LOAD /tmp/pb/libraries/SPI/SPI.cpp.o
LOAD /tmp/pb/libraries/Adafruit_ZeroDMA/Adafruit_ZeroDMA.cpp.o
LOAD /tmp/pb/core/variant.cpp.o
START GROUP
LOAD /root/.arduino15/packages/adafruit/tools/CMSIS/5.4.0/CMSIS/Lib/GCC//libarm_cortexM0l_math.a
LOAD /tmp/pb/core/core.a
END GROUP
LOAD /root/.arduino15/packages/adafruit/tools/arm-none-eabi-gcc/9-2019q4/bin/../lib/gcc/arm-none-eabi/9.2.1/../../../../arm-none-eabi/lib/thumb/v6-m/nofp/libstdc++_nano.a
LOAD /root/.arduino15/packages/adafruit/tools/arm-none-eabi-gcc/9-2019q4/bin/../lib/gcc/arm-none-eabi/9.2.1/../../../../arm-none-eabi/lib/thumb/v6-m/nofp/libm.a
START GROUP
LOAD /root/.arduino15/packages/adafruit/tools/arm-none-eabi-gcc/9-2019q4/bin/../lib/gcc/arm-none-eabi/9.2.1/thumb/v6-m/nofp/libgcc.a
LOAD /root/.arduino15/packages/adafruit/tools/arm-none-eabi-gcc/9-2019q4/bin/../lib/gcc/arm-none-eabi/9.2.1/../../../../arm-none-eabi/lib/thumb/v6-m/nofp/libc_nano.a
END GROUP
START GROUP
LOAD /root/.arduino15/packages/adafruit/tools/arm-none-eabi-gcc/9-2019q4/bin/../lib/gcc/arm-none-eabi/9.2.1/thumb/v6-m/nofp/libgcc.a
LOAD /root/.arduino15/packages/adafruit/tools/arm-none-eabi-gcc/9-2019q4/bin/../lib/gcc/arm-none-eabi/9.2.1/../../../../arm-none-eabi/lib/thumb/v6-m/nofp/libc_nano.a
LOAD /root/.arduino15/packages/adafruit/tools/arm-none-eabi-gcc/9-2019q4/bin/../lib/gcc/arm-none-eabi/9.2.1/../../../../arm-none-eabi/lib/thumb/v6-m/nofp/libnosys.a
END GROUP
START GROUP
LOAD /root/.arduino15/packages/adafruit/tools/arm-none-eabi-gcc/9-2019q4/bin/../lib/gcc/arm-none-eabi/9.2.1/thumb/v6-m/nofp/libgcc.a
LOAD /root/.arduino15/packages/adafruit/tools/arm-none-eabi-gcc/9-2019q4/bin/../lib/gcc/arm-none-eabi/9.2.1/../../../../arm-none-eabi/lib/thumb/v6-m/nofp/libc_nano.a
LOAD /root/.arduino15/packages/adafruit/tools/arm-none-eabi-gcc/9-2019q4/bin/../lib/gcc/arm-none-eabi/9.2.1/../../../../arm-none-eabi/lib/thumb/v6-m/nofp/libnosys.a
END GROUP
LOAD /root/.arduino15/packages/adafruit/tools/arm-none-eabi-gcc/9-2019q4/bin/../lib/gcc/arm-none-eabi/9.2.1/thumb/v6-m/nofp/crtend.o
LOAD /root/.arduino15/packages/adafruit/tools/arm-none-eabi-gcc/9-2019q4/bin/../lib/gcc/arm-none-eabi/9.2.1/thumb/v6-m/nofp/crtn.o

.text           0x0000000000002000     0x7dc4
                0x0000000000002000                __text_start__ = .
 *(.isr_vector)
 .isr_vector    0x0000000000002000       0xb4 /tmp/pb/core/core.a(cortex_handlers.c.o)
                0x0000000000002000                exception_table
 *(.text*)
 .text          0x00000000000020b4       0x48 /root/.arduino15/packages/adafruit/tools/arm-none-eabi-gcc/9-2019q4/bin/../lib/gcc/arm-none-eabi/9.2.1/thumb/v6-m/nofp/crtbegin.o
 .text._ZL25neopixel_send_buffer_corePVmmPKhi
                0x00000000000020fc       0x36 /tmp/pb/sketch/firmware.ino.cpp.o
 .text._ZL18set_jtag_pins_idlev
                0x0000000000002132       0x24 /tmp/pb/sketch/firmware.ino.cpp.o
 .text.HardFault_Handler
                0x0000000000002156        0x4 /tmp/pb/sketch/firmware.ino.cpp.o
                0x0000000000002156                HardFault_Handler
 .text.NMI_Handler
                0x000000000000215a        0x4 /tmp/pb/sketch/firmware.ino.cpp.o
                0x000000000000215a                NMI_Handler
 .text.SVC_Handler
                0x000000000000215e        0x4 /tmp/pb/sketch/firmware.ino.cpp.o
                0x000000000000215e                SVC_Handler
 .text.PendSV_Handler
                0x0000000000002162        0x4 /tmp/pb/sketch/firmware.ino.cpp.o
                0x0000000000002162                PendSV_Handler
 .text.PM_Handler
                0x0000000000002166        0x4 /tmp/pb/sketch/firmware.ino.cpp.o
                0x0000000000002166                PM_Handler
 .text.SYSCTRL_Handler
                0x000000000000216a        0x4 /tmp/pb/sketch/firmware.ino.cpp.o
                0x000000000000216a                SYSCTRL_Handler
 .text.WDT_Handler
                0x000000000000216e        0x4 /tmp/pb/sketch/firmware.ino.cpp.o
                0x000000000000216e                WDT_Handler
 .text.RTC_Handler
                0x0000000000002172        0x4 /tmp/pb/sketch/firmware.ino.cpp.o
                0x0000000000002172                RTC_Handler
 .text.EIC_Handler
                0x0000000000002176        0x4 /tmp/pb/sketch/firmware.ino.cpp.o
                0x0000000000002176                EIC_Handler
 .text.NVMCTRL_Handler
                0x000000000000217a        0x4 /tmp/pb/sketch/firmware.ino.cpp.o
                0x000000000000217a                NVMCTRL_Handler
 .text.EVSYS_Handler
                0x000000000000217e        0x4 /tmp/pb/sketch/firmware.ino.cpp.o
                0x000000000000217e                EVSYS_Handler
 .text.SERCOM0_Handler
                0x0000000000002182        0x4 /tmp/pb/sketch/firmware.ino.cpp.o
                0x0000000000002182                SERCOM0_Handler
 .text.SERCOM1_Handler
                0x0000000000002186        0x4 /tmp/pb/sketch/firmware.ino.cpp.o
                0x0000000000002186                SERCOM1_Handler
 .text.SERCOM2_Handler
                0x000000000000218a        0x4 /tmp/pb/sketch/firmware.ino.cpp.o
                0x000000000000218a                SERCOM2_Handler
 .text.SERCOM3_Handler
                0x000000000000218e        0x4 /tmp/pb/sketch/firmware.ino.cpp.o
                0x000000000000218e                SERCOM3_Handler
 .text.SERCOM5_Handler
                0x0000000000002192        0x4 /tmp/pb/sketch/firmware.ino.cpp.o
                0x0000000000002192                SERCOM5_Handler
 .text.TCC0_Handler
                0x0000000000002196        0x4 /tmp/pb/sketch/firmware.ino.cpp.o
                0x0000000000002196                TCC0_Handler
 .text.TCC1_Handler
                0x000000000000219a        0x4 /tmp/pb/sketch/firmware.ino.cpp.o
                0x000000000000219a                TCC1_Handler
 .text.TCC2_Handler
                0x000000000000219e        0x4 /tmp/pb/sketch/firmware.ino.cpp.o
                0x000000000000219e                TCC2_Handler
 .text.TC3_Handler
                0x00000000000021a2        0x4 /tmp/pb/sketch/firmware.ino.cpp.o
                0x00000000000021a2                TC3_Handler
 .text.TC4_Handler
                0x00000000000021a6        0x4 /tmp/pb/sketch/firmware.ino.cpp.o
                0x00000000000021a6                TC4_Handler
 .text.TC5_Handler
                0x00000000000021aa        0x4 /tmp/pb/sketch/firmware.ino.cpp.o
                0x00000000000021aa                TC5_Handler
 .text.ADC_Handler
                0x00000000000021ae        0x4 /tmp/pb/sketch/firmware.ino.cpp.o
                0x00000000000021ae                ADC_Handler
 .text.AC_Handler
                0x00000000000021b2        0x4 /tmp/pb/sketch/firmware.ino.cpp.o
                0x00000000000021b2                AC_Handler
 .text.DAC_Handler
                0x00000000000021b6        0x4 /tmp/pb/sketch/firmware.ino.cpp.o
                0x00000000000021b6                DAC_Handler
 .text.PTC_Handler
                0x00000000000021ba        0x4 /tmp/pb/sketch/firmware.ino.cpp.o
                0x00000000000021ba                PTC_Handler
 .text.I2S_Handler
                0x00000000000021be        0x4 /tmp/pb/sketch/firmware.ino.cpp.o
                0x00000000000021be                I2S_Handler
 *fill*         0x00000000000021c2        0x2 
 .text._Z12set_neopixelhhh
                0x00000000000021c4       0x4c /tmp/pb/sketch/firmware.ino.cpp.o
                0x00000000000021c4                set_neopixel(unsigned char, unsigned char, unsigned char)
 .text._Z10select_spiv
                0x0000000000002210       0x78 /tmp/pb/sketch/firmware.ino.cpp.o
                0x0000000000002210                select_spi()
 .text._Z12spi_transferh
                0x0000000000002288       0x10 /tmp/pb/sketch/firmware.ino.cpp.o
                0x0000000000002288                spi_transfer(unsigned char)
 .text.setup    0x0000000000002298       0xb8 /tmp/pb/sketch/firmware.ino.cpp.o
                0x0000000000002298                setup
 .text._Z15target_readbytev
                0x0000000000002350       0x2e /tmp/pb/sketch/firmware.ino.cpp.o
                0x0000000000002350                target_readbyte()
 *fill*         0x000000000000237e        0x2 
 .text._Z21target_readbyte_blockv
                0x0000000000002380       0x38 /tmp/pb/sketch/firmware.ino.cpp.o
                0x0000000000002380                target_readbyte_block()
 .text._Z15target_readwordPi
                0x00000000000023b8       0x7c /tmp/pb/sketch/firmware.ino.cpp.o
                0x00000000000023b8                target_readword(int*)
 .text._Z28target_verify_input_checksumv
                0x0000000000002434       0x70 /tmp/pb/sketch/firmware.ino.cpp.o
                0x0000000000002434                target_verify_input_checksum()
 .text._Z15target_sendbyteh
                0x00000000000024a4       0x2c /tmp/pb/sketch/firmware.ino.cpp.o
                0x00000000000024a4                target_sendbyte(unsigned char)
 .text._Z21target_sendbyte_blockh
                0x00000000000024d0       0xa0 /tmp/pb/sketch/firmware.ino.cpp.o
                0x00000000000024d0                target_sendbyte_block(unsigned char)
 .text._Z15target_sendwordm
                0x0000000000002570       0x40 /tmp/pb/sketch/firmware.ino.cpp.o
                0x0000000000002570                target_sendword(unsigned long)
 .text._Z20target_send_checksumv
                0x00000000000025b0       0x14 /tmp/pb/sketch/firmware.ino.cpp.o
                0x00000000000025b0                target_send_checksum()
 .text._Z20target_start_commandh
                0x00000000000025c4       0x20 /tmp/pb/sketch/firmware.ino.cpp.o
                0x00000000000025c4                target_start_command(unsigned char)
 .text._Z21target_finish_commandv
                0x00000000000025e4       0x74 /tmp/pb/sketch/firmware.ino.cpp.o
                0x00000000000025e4                target_finish_command()
 .text._Z12target_resetv
                0x0000000000002658       0x44 /tmp/pb/sketch/firmware.ino.cpp.o
                0x0000000000002658                target_reset()
 .text.startup._GLOBAL__sub_I_fpga_spi
                0x000000000000269c       0x28 /tmp/pb/sketch/firmware.ino.cpp.o
 .text._Z5resetv
                0x00000000000026c4       0x3c /tmp/pb/sketch/firmware.ino.cpp.o
                0x00000000000026c4                reset()
 .text._Z16check_disconnectv
                0x0000000000002700       0x1c /tmp/pb/sketch/firmware.ino.cpp.o
                0x0000000000002700                check_disconnect()
 .text._Z17target_wait_readyv
                0x000000000000271c       0x58 /tmp/pb/sketch/firmware.ino.cpp.o
                0x000000000000271c                target_wait_ready()
 .text._Z20write_word_to_memorymm
                0x0000000000002774       0x46 /tmp/pb/sketch/firmware.ino.cpp.o
                0x0000000000002774                write_word_to_memory(unsigned long, unsigned long)
 *fill*         0x00000000000027ba        0x2 
 .text._Z22read_words_from_memorymm
                0x00000000000027bc       0xa8 /tmp/pb/sketch/firmware.ino.cpp.o
                0x00000000000027bc                read_words_from_memory(unsigned long, unsigned long)
 .text.loop     0x0000000000002864      0x724 /tmp/pb/sketch/firmware.ino.cpp.o
                0x0000000000002864                loop
 .text.libxsvf_play
                0x0000000000002f88       0xac /tmp/pb/sketch/src/libxsvf/play.c.o
                0x0000000000002f88                libxsvf_play
 .text.libxsvf_scan
                0x0000000000003034       0x90 /tmp/pb/sketch/src/libxsvf/scan.c.o
                0x0000000000003034                libxsvf_scan
 .text.strtokencmp
                0x00000000000030c4       0x28 /tmp/pb/sketch/src/libxsvf/svf.c.o
 .text.strtokenskip
                0x00000000000030ec       0x1e /tmp/pb/sketch/src/libxsvf/svf.c.o
 .text.bitdata_free
                0x000000000000310a       0x58 /tmp/pb/sketch/src/libxsvf/svf.c.o
 *fill*         0x0000000000003162        0x2 
 .text.getbit   0x0000000000003164       0x2c /tmp/pb/sketch/src/libxsvf/svf.c.o
 .text.bitdata_play
                0x0000000000003190      0x114 /tmp/pb/sketch/src/libxsvf/svf.c.o
 .text.token2tapstate
                0x00000000000032a4      0x12c /tmp/pb/sketch/src/libxsvf/svf.c.o
 .text.bitdata_parse
                0x00000000000033d0      0x1fc /tmp/pb/sketch/src/libxsvf/svf.c.o
 .text.libxsvf_svf
                0x00000000000035cc      0x834 /tmp/pb/sketch/src/libxsvf/svf.c.o
                0x00000000000035cc                libxsvf_svf
 .text.tap_transition
                0x0000000000003e00       0x14 /tmp/pb/sketch/src/libxsvf/tap.c.o
 .text.libxsvf_tap_walk
                0x0000000000003e14      0x158 /tmp/pb/sketch/src/libxsvf/tap.c.o
                0x0000000000003e14                libxsvf_tap_walk
 .text.getbit   0x0000000000003f6c       0x2c /tmp/pb/sketch/src/libxsvf/xsvf.c.o
 .text.setbit   0x0000000000003f98       0x3c /tmp/pb/sketch/src/libxsvf/xsvf.c.o
 .text.shift_data
                0x0000000000003fd4      0x160 /tmp/pb/sketch/src/libxsvf/xsvf.c.o
 .text.libxsvf_xsvf
                0x0000000000004134      0x968 /tmp/pb/sketch/src/libxsvf/xsvf.c.o
                0x0000000000004134                libxsvf_xsvf
 .text._ZL15h_set_frequencyP12libxsvf_hostm
                0x0000000000004a9c        0x8 /tmp/pb/sketch/src/libxsvf/xsvftool-arduino.cpp.o
 .text._ZL17h_report_tapstateP12libxsvf_host
                0x0000000000004aa4        0x2 /tmp/pb/sketch/src/libxsvf/xsvftool-arduino.cpp.o
 .text._ZL15h_report_statusP12libxsvf_hostPKc
                0x0000000000004aa6        0x2 /tmp/pb/sketch/src/libxsvf/xsvftool-arduino.cpp.o
 .text._ZL10h_shutdownP12libxsvf_host
                0x0000000000004aa8       0x18 /tmp/pb/sketch/src/libxsvf/xsvftool-arduino.cpp.o
 .text._ZL14h_report_errorP12libxsvf_hostPKciS2_
                0x0000000000004ac0       0x50 /tmp/pb/sketch/src/libxsvf/xsvftool-arduino.cpp.o
 .text._ZL9h_reallocP12libxsvf_hostPvi11libxsvf_mem
                0x0000000000004b10       0x5c /tmp/pb/sketch/src/libxsvf/xsvftool-arduino.cpp.o
 .text._ZL15h_report_deviceP12libxsvf_hostm
                0x0000000000004b6c       0x68 /tmp/pb/sketch/src/libxsvf/xsvftool-arduino.cpp.o
 .text._ZL10h_set_trstP12libxsvf_hosti
                0x0000000000004bd4       0x14 /tmp/pb/sketch/src/libxsvf/xsvftool-arduino.cpp.o
 .text._ZL8h_udelayP12libxsvf_hostlil
                0x0000000000004be8       0x2e /tmp/pb/sketch/src/libxsvf/xsvftool-arduino.cpp.o
 .text._ZL11h_pulse_tckP12libxsvf_hostiiiii
                0x0000000000004c16       0x48 /tmp/pb/sketch/src/libxsvf/xsvftool-arduino.cpp.o
 .text._ZL7h_setupP12libxsvf_host
                0x0000000000004c5e       0x34 /tmp/pb/sketch/src/libxsvf/xsvftool-arduino.cpp.o
 *fill*         0x0000000000004c92        0x2 
 .text._Z16arduino_play_svfiiiii
                0x0000000000004c94       0xcc /tmp/pb/sketch/src/libxsvf/xsvftool-arduino.cpp.o
                0x0000000000004c94                arduino_play_svf(int, int, int, int, int)
 .text._ZL9h_getbyteP12libxsvf_host
                0x0000000000004d60       0x68 /tmp/pb/sketch/src/libxsvf/xsvftool-arduino.cpp.o
 .text._ZN8SPIClass11dmaCallbackEP16Adafruit_ZeroDMA
                0x0000000000004dc8       0x14 /tmp/pb/libraries/SPI/SPI.cpp.o
                0x0000000000004dc8                SPIClass::dmaCallback(Adafruit_ZeroDMA*)
 .text._ZN8SPIClassC2EP6SERCOMhhh14SercomSpiTXPad11SercomRXPad
                0x0000000000004ddc       0x74 /tmp/pb/libraries/SPI/SPI.cpp.o
                0x0000000000004ddc                SPIClass::SPIClass(SERCOM*, unsigned char, unsigned char, unsigned char, SercomSpiTXPad, SercomRXPad)
                0x0000000000004ddc                SPIClass::SPIClass(SERCOM*, unsigned char, unsigned char, unsigned char, SercomSpiTXPad, SercomRXPad)
 .text._ZN8SPIClass6configE11SPISettings
                0x0000000000004e50       0x36 /tmp/pb/libraries/SPI/SPI.cpp.o
                0x0000000000004e50                SPIClass::config(SPISettings)
 *fill*         0x0000000000004e86        0x2 
 .text._ZN8SPIClass16beginTransactionE11SPISettings
                0x0000000000004e88       0x38 /tmp/pb/libraries/SPI/SPI.cpp.o
                0x0000000000004e88                SPIClass::beginTransaction(SPISettings)
 .text._ZN8SPIClass8transferEh
                0x0000000000004ec0        0xa /tmp/pb/libraries/SPI/SPI.cpp.o
                0x0000000000004ec0                SPIClass::transfer(unsigned char)
 *fill*         0x0000000000004eca        0x2 
 .text._ZN8SPIClass15getDataRegisterEv
                0x0000000000004ecc       0x20 /tmp/pb/libraries/SPI/SPI.cpp.o
                0x0000000000004ecc                SPIClass::getDataRegister()
 .text._ZN8SPIClass13getDMAC_ID_TXEv
                0x0000000000004eec       0x24 /tmp/pb/libraries/SPI/SPI.cpp.o
                0x0000000000004eec                SPIClass::getDMAC_ID_TX()
 .text._ZN8SPIClass13getDMAC_ID_RXEv
                0x0000000000004f10       0x24 /tmp/pb/libraries/SPI/SPI.cpp.o
                0x0000000000004f10                SPIClass::getDMAC_ID_RX()
 .text._ZN8SPIClass11dmaAllocateEv
                0x0000000000004f34       0xf4 /tmp/pb/libraries/SPI/SPI.cpp.o
                0x0000000000004f34                SPIClass::dmaAllocate()
 .text._ZN8SPIClass5beginEv
                0x0000000000005028       0x68 /tmp/pb/libraries/SPI/SPI.cpp.o
                0x0000000000005028                SPIClass::begin()
 .text.startup._GLOBAL__sub_I__ZN8SPIClassC2EP6SERCOMhhh14SercomSpiTXPad11SercomRXPad
                0x0000000000005090       0x74 /tmp/pb/libraries/SPI/SPI.cpp.o
 .text._ZL22cpu_irq_enter_criticalv
                0x0000000000005104       0x2c /tmp/pb/libraries/Adafruit_ZeroDMA/Adafruit_ZeroDMA.cpp.o
 .text._ZL22cpu_irq_leave_criticalv
                0x0000000000005130       0x2c /tmp/pb/libraries/Adafruit_ZeroDMA/Adafruit_ZeroDMA.cpp.o
 .text._ZN16Adafruit_ZeroDMAC2Ev
                0x000000000000515c       0x20 /tmp/pb/libraries/Adafruit_ZeroDMA/Adafruit_ZeroDMA.cpp.o
                0x000000000000515c                Adafruit_ZeroDMA::Adafruit_ZeroDMA()
                0x000000000000515c                Adafruit_ZeroDMA::Adafruit_ZeroDMA()
 .text._ZN16Adafruit_ZeroDMA11_IRQhandlerEh
                0x000000000000517c       0x44 /tmp/pb/libraries/Adafruit_ZeroDMA/Adafruit_ZeroDMA.cpp.o
                0x000000000000517c                Adafruit_ZeroDMA::_IRQhandler(unsigned char)
 .text.DMAC_Handler
                0x00000000000051c0       0x48 /tmp/pb/libraries/Adafruit_ZeroDMA/Adafruit_ZeroDMA.cpp.o
                0x00000000000051c0                DMAC_Handler
 .text._ZN16Adafruit_ZeroDMA8allocateEv
                0x0000000000005208      0x134 /tmp/pb/libraries/Adafruit_ZeroDMA/Adafruit_ZeroDMA.cpp.o
                0x0000000000005208                Adafruit_ZeroDMA::allocate()
 .text._ZN16Adafruit_ZeroDMA4freeEv
                0x000000000000533c       0x84 /tmp/pb/libraries/Adafruit_ZeroDMA/Adafruit_ZeroDMA.cpp.o
                0x000000000000533c                Adafruit_ZeroDMA::free()
 .text._ZN16Adafruit_ZeroDMA11setCallbackEPFvPS_E17dma_callback_type
                0x00000000000053c0        0x8 /tmp/pb/libraries/Adafruit_ZeroDMA/Adafruit_ZeroDMA.cpp.o
                0x00000000000053c0                Adafruit_ZeroDMA::setCallback(void (*)(Adafruit_ZeroDMA*), dma_callback_type)
 .text._ZN16Adafruit_ZeroDMA10setTriggerEh
                0x00000000000053c8       0x48 /tmp/pb/libraries/Adafruit_ZeroDMA/Adafruit_ZeroDMA.cpp.o
                0x00000000000053c8                Adafruit_ZeroDMA::setTrigger(unsigned char)
 .text._ZN16Adafruit_ZeroDMA9setActionE27dma_transfer_trigger_action
                0x0000000000005410       0x48 /tmp/pb/libraries/Adafruit_ZeroDMA/Adafruit_ZeroDMA.cpp.o
                0x0000000000005410                Adafruit_ZeroDMA::setAction(dma_transfer_trigger_action)
 .text._ZN16Adafruit_ZeroDMA13addDescriptorEPvS0_m13dma_beat_sizebbmb
                0x0000000000005458      0x14c /tmp/pb/libraries/Adafruit_ZeroDMA/Adafruit_ZeroDMA.cpp.o
                0x0000000000005458                Adafruit_ZeroDMA::addDescriptor(void*, void*, unsigned long, dma_beat_size, bool, bool, unsigned long, bool)
 .text.SERCOM4_Handler
                0x00000000000055a4       0x10 /tmp/pb/core/variant.cpp.o
                0x00000000000055a4                SERCOM4_Handler
 .text.startup._GLOBAL__sub_I_g_APinDescription
                0x00000000000055b4       0x7c /tmp/pb/core/variant.cpp.o
 .text.Dummy_Handler
                0x0000000000005630        0x2 /tmp/pb/core/core.a(cortex_handlers.c.o)
                0x0000000000005630                TC7_Handler
                0x0000000000005630                TC6_Handler
                0x0000000000005630                Dummy_Handler
 *fill*         0x0000000000005632        0x2 
 .text.USB_Handler
                0x0000000000005634       0x14 /tmp/pb/core/core.a(cortex_handlers.c.o)
                0x0000000000005634                USB_Handler
 .text.Reset_Handler
                0x0000000000005648       0x54 /tmp/pb/core/core.a(cortex_handlers.c.o)
                0x0000000000005648                Reset_Handler
 .text.SysTick_Handler
                0x000000000000569c       0x10 /tmp/pb/core/core.a(cortex_handlers.c.o)
                0x000000000000569c                SysTick_Handler
 .text.USB_SetHandler
                0x00000000000056ac        0xc /tmp/pb/core/core.a(cortex_handlers.c.o)
                0x00000000000056ac                USB_SetHandler
 .text.millis   0x00000000000056b8        0xc /tmp/pb/core/core.a(delay.c.o)
                0x00000000000056b8                millis
 .text.micros   0x00000000000056c4       0x60 /tmp/pb/core/core.a(delay.c.o)
                0x00000000000056c4                micros
 .text.delay    0x0000000000005724       0x2c /tmp/pb/core/core.a(delay.c.o)
                0x0000000000005724                delay
 .text.SysTick_DefaultHandler
                0x0000000000005750       0x14 /tmp/pb/core/core.a(delay.c.o)
                0x0000000000005750                SysTick_DefaultHandler
 .text.__empty  0x0000000000005764        0x2 /tmp/pb/core/core.a(hooks.c.o)
                0x0000000000005764                yield
 .text.__false  0x0000000000005766        0x4 /tmp/pb/core/core.a(hooks.c.o)
                0x0000000000005766                sysTickHook
 *fill*         0x000000000000576a        0x2 
 .text.SystemInit
                0x000000000000576c      0x194 /tmp/pb/core/core.a(startup.c.o)
                0x000000000000576c                SystemInit
 .text.init     0x0000000000005900       0xe0 /tmp/pb/core/core.a(wiring.c.o)
                0x0000000000005900                init
 .text.analogReference
                0x00000000000059e0       0x88 /tmp/pb/core/core.a(wiring_analog.c.o)
                0x00000000000059e0                analogReference
 .text.pinMode  0x0000000000005a68       0x60 /tmp/pb/core/core.a(wiring_digital.c.o)
                0x0000000000005a68                pinMode
 .text.digitalWrite
                0x0000000000005ac8       0x58 /tmp/pb/core/core.a(wiring_digital.c.o)
                0x0000000000005ac8                digitalWrite
 .text.digitalRead
                0x0000000000005b20       0x30 /tmp/pb/core/core.a(wiring_digital.c.o)
                0x0000000000005b20                digitalRead
 .text.pinPeripheral
                0x0000000000005b50       0xbc /tmp/pb/core/core.a(wiring_private.c.o)
                0x0000000000005b50                pinPeripheral
 .text._ZN5Print5writeEPKhj
                0x0000000000005c0c       0x24 /tmp/pb/core/core.a(Print.cpp.o)
                0x0000000000005c0c                Print::write(unsigned char const*, unsigned int)
 .text._ZN5Print5writeEPKc
                0x0000000000005c30       0x1c /tmp/pb/core/core.a(Print.cpp.o)
                0x0000000000005c30                Print::write(char const*)
 .text._ZN5Print5printEPKc
                0x0000000000005c4c        0x8 /tmp/pb/core/core.a(Print.cpp.o)
                0x0000000000005c4c                Print::print(char const*)
 .text._ZN5Print5printEc
                0x0000000000005c54        0xa /tmp/pb/core/core.a(Print.cpp.o)
                0x0000000000005c54                Print::print(char)
 *fill*         0x0000000000005c5e        0x2 
 .text._ZN5Print7printlnEv
                0x0000000000005c60       0x10 /tmp/pb/core/core.a(Print.cpp.o)
                0x0000000000005c60                Print::println()
 .text._ZN5Print7printlnEPKc
                0x0000000000005c70       0x14 /tmp/pb/core/core.a(Print.cpp.o)
                0x0000000000005c70                Print::println(char const*)
 .text._ZN5Print11printNumberEmh
                0x0000000000005c84       0x50 /tmp/pb/core/core.a(Print.cpp.o)
                0x0000000000005c84                Print::printNumber(unsigned long, unsigned char)
 .text._ZN5Print5printEli
                0x0000000000005cd4       0x3e /tmp/pb/core/core.a(Print.cpp.o)
                0x0000000000005cd4                Print::print(long, int)
 .text._ZN5Print5printEii
                0x0000000000005d12        0x8 /tmp/pb/core/core.a(Print.cpp.o)
                0x0000000000005d12                Print::print(int, int)
 .text._ZN5Print7printlnEii
                0x0000000000005d1a       0x14 /tmp/pb/core/core.a(Print.cpp.o)
                0x0000000000005d1a                Print::println(int, int)
 .text._ZN5Print5printEmi
                0x0000000000005d2e       0x18 /tmp/pb/core/core.a(Print.cpp.o)
                0x0000000000005d2e                Print::print(unsigned long, int)
 .text._ZN5Print5printEhi
                0x0000000000005d46        0x8 /tmp/pb/core/core.a(Print.cpp.o)
                0x0000000000005d46                Print::print(unsigned char, int)
 .text._ZN5Print7printlnEmi
                0x0000000000005d4e       0x14 /tmp/pb/core/core.a(Print.cpp.o)
                0x0000000000005d4e                Print::println(unsigned long, int)
 *fill*         0x0000000000005d62        0x2 
 .text.initiateReset
                0x0000000000005d64        0xc /tmp/pb/core/core.a(Reset.cpp.o)
                0x0000000000005d64                initiateReset
 .text.cancelReset
                0x0000000000005d70       0x10 /tmp/pb/core/core.a(Reset.cpp.o)
                0x0000000000005d70                cancelReset
 .text.tickReset
                0x0000000000005d80       0x74 /tmp/pb/core/core.a(Reset.cpp.o)
                0x0000000000005d80                tickReset
 .text._ZN6SERCOMC2EP6Sercom
                0x0000000000005df4        0x4 /tmp/pb/core/core.a(SERCOM.cpp.o)
                0x0000000000005df4                SERCOM::SERCOM(Sercom*)
                0x0000000000005df4                SERCOM::SERCOM(Sercom*)
 .text._ZN6SERCOM9initFrameE18SercomUartCharSize15SercomDataOrder16SercomParityMode19SercomNumberStopBit
                0x0000000000005df8       0x3a /tmp/pb/core/core.a(SERCOM.cpp.o)
                0x0000000000005df8                SERCOM::initFrame(SercomUartCharSize, SercomDataOrder, SercomParityMode, SercomNumberStopBit)
 .text._ZN6SERCOM8initPadsE15SercomUartTXPad11SercomRXPad
                0x0000000000005e32       0x26 /tmp/pb/core/core.a(SERCOM.cpp.o)
                0x0000000000005e32                SERCOM::initPads(SercomUartTXPad, SercomRXPad)
 .text._ZN6SERCOM9resetUARTEv
                0x0000000000005e58       0x1a /tmp/pb/core/core.a(SERCOM.cpp.o)
                0x0000000000005e58                SERCOM::resetUART()
 .text._ZN6SERCOM10enableUARTEv
                0x0000000000005e72       0x14 /tmp/pb/core/core.a(SERCOM.cpp.o)
                0x0000000000005e72                SERCOM::enableUART()
 .text._ZN6SERCOM9flushUARTEv
                0x0000000000005e86       0x10 /tmp/pb/core/core.a(SERCOM.cpp.o)
                0x0000000000005e86                SERCOM::flushUART()
 .text._ZN6SERCOM15clearStatusUARTEv
                0x0000000000005e96        0x8 /tmp/pb/core/core.a(SERCOM.cpp.o)
                0x0000000000005e96                SERCOM::clearStatusUART()
 .text._ZN6SERCOM17availableDataUARTEv
                0x0000000000005e9e        0xa /tmp/pb/core/core.a(SERCOM.cpp.o)
                0x0000000000005e9e                SERCOM::availableDataUART()
 .text._ZN6SERCOM11isUARTErrorEv
                0x0000000000005ea8        0x8 /tmp/pb/core/core.a(SERCOM.cpp.o)
                0x0000000000005ea8                SERCOM::isUARTError()
 .text._ZN6SERCOM20acknowledgeUARTErrorEv
                0x0000000000005eb0        0xe /tmp/pb/core/core.a(SERCOM.cpp.o)
                0x0000000000005eb0                SERCOM::acknowledgeUARTError()
 .text._ZN6SERCOM16isFrameErrorUARTEv
                0x0000000000005ebe        0xa /tmp/pb/core/core.a(SERCOM.cpp.o)
                0x0000000000005ebe                SERCOM::isFrameErrorUART()
 .text._ZN6SERCOM19clearFrameErrorUARTEv
                0x0000000000005ec8        0xc /tmp/pb/core/core.a(SERCOM.cpp.o)
                0x0000000000005ec8                SERCOM::clearFrameErrorUART()
 .text._ZN6SERCOM23isDataRegisterEmptyUARTEv
                0x0000000000005ed4        0xa /tmp/pb/core/core.a(SERCOM.cpp.o)
                0x0000000000005ed4                SERCOM::isDataRegisterEmptyUART()
 .text._ZN6SERCOM12readDataUARTEv
                0x0000000000005ede        0x8 /tmp/pb/core/core.a(SERCOM.cpp.o)
                0x0000000000005ede                SERCOM::readDataUART()
 .text._ZN6SERCOM13writeDataUARTEh
                0x0000000000005ee6       0x10 /tmp/pb/core/core.a(SERCOM.cpp.o)
                0x0000000000005ee6                SERCOM::writeDataUART(unsigned char)
 .text._ZN6SERCOM36enableDataRegisterEmptyInterruptUARTEv
                0x0000000000005ef6        0x8 /tmp/pb/core/core.a(SERCOM.cpp.o)
                0x0000000000005ef6                SERCOM::enableDataRegisterEmptyInterruptUART()
 .text._ZN6SERCOM37disableDataRegisterEmptyInterruptUARTEv
                0x0000000000005efe        0x8 /tmp/pb/core/core.a(SERCOM.cpp.o)
                0x0000000000005efe                SERCOM::disableDataRegisterEmptyInterruptUART()
 .text._ZN6SERCOM8resetSPIEv
                0x0000000000005f06       0x1a /tmp/pb/core/core.a(SERCOM.cpp.o)
                0x0000000000005f06                SERCOM::resetSPI()
 .text._ZN6SERCOM9enableSPIEv
                0x0000000000005f20       0x14 /tmp/pb/core/core.a(SERCOM.cpp.o)
                0x0000000000005f20                SERCOM::enableSPI()
 .text._ZN6SERCOM10disableSPIEv
                0x0000000000005f34       0x12 /tmp/pb/core/core.a(SERCOM.cpp.o)
                0x0000000000005f34                SERCOM::disableSPI()
 .text._ZN6SERCOM15transferDataSPIEh
                0x0000000000005f46       0x1a /tmp/pb/core/core.a(SERCOM.cpp.o)
                0x0000000000005f46                SERCOM::transferDataSPI(unsigned char)
 .text._ZN6SERCOM28calculateBaudrateSynchronousEm
                0x0000000000005f60       0x1c /tmp/pb/core/core.a(SERCOM.cpp.o)
                0x0000000000005f60                SERCOM::calculateBaudrateSynchronous(unsigned long)
 .text._ZN6SERCOM12initSPIClockE18SercomSpiClockModem
                0x0000000000005f7c       0x26 /tmp/pb/core/core.a(SERCOM.cpp.o)
                0x0000000000005f7c                SERCOM::initSPIClock(SercomSpiClockMode, unsigned long)
 *fill*         0x0000000000005fa2        0x2 
 .text._ZN6SERCOM14getSercomIndexEv
                0x0000000000005fa4       0x5c /tmp/pb/core/core.a(SERCOM.cpp.o)
                0x0000000000005fa4                SERCOM::getSercomIndex()
 .text._ZN6SERCOM13initClockNVICEv
                0x0000000000006000       0x90 /tmp/pb/core/core.a(SERCOM.cpp.o)
                0x0000000000006000                SERCOM::initClockNVIC()
 .text._ZN6SERCOM8initUARTE14SercomUartMode20SercomUartSampleRatem
                0x0000000000006090       0x6c /tmp/pb/core/core.a(SERCOM.cpp.o)
                0x0000000000006090                SERCOM::initUART(SercomUartMode, SercomUartSampleRate, unsigned long)
 .text._ZN6SERCOM7initSPIE14SercomSpiTXPad11SercomRXPad17SercomSpiCharSize15SercomDataOrder
                0x00000000000060fc       0x52 /tmp/pb/core/core.a(SERCOM.cpp.o)
                0x00000000000060fc                SERCOM::initSPI(SercomSpiTXPad, SercomRXPad, SercomSpiCharSize, SercomDataOrder)
 .text._ZN7Serial_17availableForWriteEv
                0x000000000000614e        0x4 /tmp/pb/core/core.a(CDC.cpp.o)
                0x000000000000614e                Serial_::availableForWrite()
 .text._ZN7Serial_5writeEh
                0x0000000000006152       0x14 /tmp/pb/core/core.a(CDC.cpp.o)
                0x0000000000006152                Serial_::write(unsigned char)
 .text._ZN7Serial_9availableEv
                0x0000000000006166        0xc /tmp/pb/core/core.a(CDC.cpp.o)
                0x0000000000006166                Serial_::available()
 .text._ZN7Serial_5flushEv
                0x0000000000006172        0xc /tmp/pb/core/core.a(CDC.cpp.o)
                0x0000000000006172                Serial_::flush()
 *fill*         0x000000000000617e        0x2 
 .text._ZN7Serial_5writeEPKhj
                0x0000000000006180       0x2c /tmp/pb/core/core.a(CDC.cpp.o)
                0x0000000000006180                Serial_::write(unsigned char const*, unsigned int)
 .text._ZN7Serial_4peekEv
                0x00000000000061ac       0x1c /tmp/pb/core/core.a(CDC.cpp.o)
                0x00000000000061ac                Serial_::peek()
 .text._ZN7Serial_4readEv
                0x00000000000061c8       0x24 /tmp/pb/core/core.a(CDC.cpp.o)
                0x00000000000061c8                Serial_::read()
 .text._Z16CDC_GetInterfacePh
                0x00000000000061ec       0x1c /tmp/pb/core/core.a(CDC.cpp.o)
                0x00000000000061ec                CDC_GetInterface(unsigned char*)
 .text._Z9CDC_SetupR8USBSetup
                0x0000000000006208       0x7c /tmp/pb/core/core.a(CDC.cpp.o)
                0x0000000000006208                CDC_Setup(USBSetup&)
 .text._ZN7Serial_5beginEm
                0x0000000000006284        0x2 /tmp/pb/core/core.a(CDC.cpp.o)
                0x0000000000006284                Serial_::begin(unsigned long)
 *fill*         0x0000000000006286        0x2 
 .text._ZN7Serial_cvbEv
                0x0000000000006288       0x28 /tmp/pb/core/core.a(CDC.cpp.o)
                0x0000000000006288                Serial_::operator bool()
 .text._ZN7Serial_3dtrEv
                0x00000000000062b0       0x10 /tmp/pb/core/core.a(CDC.cpp.o)
                0x00000000000062b0                Serial_::dtr()
 .text.startup._GLOBAL__sub_I__Z17_CDC_GetInterfacev
                0x00000000000062c0       0x28 /tmp/pb/core/core.a(CDC.cpp.o)
 .text._ZN26DoubleBufferedEPOutHandler4initEv
                0x00000000000062e8        0x2 /tmp/pb/core/core.a(USBCore.cpp.o)
                0x00000000000062e8                DoubleBufferedEPOutHandler::init()
 .text._ZL5utox8mPc
                0x00000000000062ea       0x26 /tmp/pb/core/core.a(USBCore.cpp.o)
 .text._ZN26DoubleBufferedEPOutHandlerD2Ev
                0x0000000000006310       0x14 /tmp/pb/core/core.a(USBCore.cpp.o)
                0x0000000000006310                DoubleBufferedEPOutHandler::~DoubleBufferedEPOutHandler()
                0x0000000000006310                DoubleBufferedEPOutHandler::~DoubleBufferedEPOutHandler()
 .text._ZN26DoubleBufferedEPOutHandlerD0Ev
                0x0000000000006324       0x12 /tmp/pb/core/core.a(USBCore.cpp.o)
                0x0000000000006324                DoubleBufferedEPOutHandler::~DoubleBufferedEPOutHandler()
 *fill*         0x0000000000006336        0x2 
 .text._ZN14USBDeviceClass6initEPEmm.part.0
                0x0000000000006338       0xe8 /tmp/pb/core/core.a(USBCore.cpp.o)
 .text._ZN7__GuardC2Ev
                0x0000000000006420        0xe /tmp/pb/core/core.a(USBCore.cpp.o)
                0x0000000000006420                __Guard::__Guard()
                0x0000000000006420                __Guard::__Guard()
 .text._ZN7__GuardD2Ev
                0x000000000000642e        0xe /tmp/pb/core/core.a(USBCore.cpp.o)
                0x000000000000642e                __Guard::~__Guard()
                0x000000000000642e                __Guard::~__Guard()
 .text._ZNK26DoubleBufferedEPOutHandler9availableEv
                0x000000000000643c       0x5e /tmp/pb/core/core.a(USBCore.cpp.o)
                0x000000000000643c                DoubleBufferedEPOutHandler::available() const
 *fill*         0x000000000000649a        0x2 
 .text._ZN26DoubleBufferedEPOutHandler7releaseEv
                0x000000000000649c       0x54 /tmp/pb/core/core.a(USBCore.cpp.o)
                0x000000000000649c                DoubleBufferedEPOutHandler::release()
 .text._ZN26DoubleBufferedEPOutHandler4recvEPvm
                0x00000000000064f0      0x11a /tmp/pb/core/core.a(USBCore.cpp.o)
                0x00000000000064f0                DoubleBufferedEPOutHandler::recv(void*, unsigned long)
 .text._ZN26DoubleBufferedEPOutHandler14handleEndpointEv
                0x000000000000660a       0xc2 /tmp/pb/core/core.a(USBCore.cpp.o)
                0x000000000000660a                DoubleBufferedEPOutHandler::handleEndpoint()
 .text._ZN14USBDeviceClass14SendInterfacesEPm
                0x00000000000066cc       0x2e /tmp/pb/core/core.a(USBCore.cpp.o)
                0x00000000000066cc                USBDeviceClass::SendInterfaces(unsigned long*)
 *fill*         0x00000000000066fa        0x2 
 .text._ZN14USBDeviceClass14handleEndpointEh
                0x00000000000066fc       0x44 /tmp/pb/core/core.a(USBCore.cpp.o)
                0x00000000000066fc                USBDeviceClass::handleEndpoint(unsigned char)
 .text._ZN14USBDeviceClass4initEv
                0x0000000000006740       0xc0 /tmp/pb/core/core.a(USBCore.cpp.o)
                0x0000000000006740                USBDeviceClass::init()
 .text._ZN14USBDeviceClass6attachEv
                0x0000000000006800       0x34 /tmp/pb/core/core.a(USBCore.cpp.o)
                0x0000000000006800                USBDeviceClass::attach()
 .text._ZN14USBDeviceClass10setAddressEm
                0x0000000000006834       0x44 /tmp/pb/core/core.a(USBCore.cpp.o)
                0x0000000000006834                USBDeviceClass::setAddress(unsigned long)
 .text._ZN14USBDeviceClass25handleClassInterfaceSetupER8USBSetup
                0x0000000000006878       0x44 /tmp/pb/core/core.a(USBCore.cpp.o)
                0x0000000000006878                USBDeviceClass::handleClassInterfaceSetup(USBSetup&)
 .text._ZN14USBDeviceClass6initEPEmm
                0x00000000000068bc       0xec /tmp/pb/core/core.a(USBCore.cpp.o)
                0x00000000000068bc                USBDeviceClass::initEP(unsigned long, unsigned long)
 .text._ZN14USBDeviceClass13initEndpointsEv
                0x00000000000069a8       0x24 /tmp/pb/core/core.a(USBCore.cpp.o)
                0x00000000000069a8                USBDeviceClass::initEndpoints()
 .text._ZN14USBDeviceClass9availableEm
                0x00000000000069cc       0x2c /tmp/pb/core/core.a(USBCore.cpp.o)
                0x00000000000069cc                USBDeviceClass::available(unsigned long)
 .text._ZN14USBDeviceClass5flushEm
                0x00000000000069f8       0x2c /tmp/pb/core/core.a(USBCore.cpp.o)
                0x00000000000069f8                USBDeviceClass::flush(unsigned long)
 .text._ZN14USBDeviceClass14armRecvCtrlOUTEm
                0x0000000000006a24       0x5c /tmp/pb/core/core.a(USBCore.cpp.o)
                0x0000000000006a24                USBDeviceClass::armRecvCtrlOUT(unsigned long)
 .text._ZN14USBDeviceClass11recvControlEPvm
                0x0000000000006a80       0x3c /tmp/pb/core/core.a(USBCore.cpp.o)
                0x0000000000006a80                USBDeviceClass::recvControl(void*, unsigned long)
 .text._ZN14USBDeviceClass7armRecvEm
                0x0000000000006abc       0x38 /tmp/pb/core/core.a(USBCore.cpp.o)
                0x0000000000006abc                USBDeviceClass::armRecv(unsigned long)
 .text._ZN14USBDeviceClass4recvEmPvm
                0x0000000000006af4       0xc0 /tmp/pb/core/core.a(USBCore.cpp.o)
                0x0000000000006af4                USBDeviceClass::recv(unsigned long, void*, unsigned long)
 .text._ZN14USBDeviceClass4recvEm
                0x0000000000006bb4       0x1c /tmp/pb/core/core.a(USBCore.cpp.o)
                0x0000000000006bb4                USBDeviceClass::recv(unsigned long)
 .text._ZN14USBDeviceClass4sendEmPKvm
                0x0000000000006bd0       0xf8 /tmp/pb/core/core.a(USBCore.cpp.o)
                0x0000000000006bd0                USBDeviceClass::send(unsigned long, void const*, unsigned long)
 .text._ZN14USBDeviceClass7armSendEmPKvm
                0x0000000000006cc8       0x48 /tmp/pb/core/core.a(USBCore.cpp.o)
                0x0000000000006cc8                USBDeviceClass::armSend(unsigned long, void const*, unsigned long)
 .text._ZN14USBDeviceClass11sendControlEPKvm
                0x0000000000006d10       0x54 /tmp/pb/core/core.a(USBCore.cpp.o)
                0x0000000000006d10                USBDeviceClass::sendControl(void const*, unsigned long)
 .text._ZN14USBDeviceClass20sendStringDescriptorEPKhh
                0x0000000000006d64       0x68 /tmp/pb/core/core.a(USBCore.cpp.o)
                0x0000000000006d64                USBDeviceClass::sendStringDescriptor(unsigned char const*, unsigned char)
 .text._ZN14USBDeviceClass17sendConfigurationEm
                0x0000000000006dcc       0x80 /tmp/pb/core/core.a(USBCore.cpp.o)
                0x0000000000006dcc                USBDeviceClass::sendConfiguration(unsigned long)
 .text._ZN14USBDeviceClass14sendDescriptorER8USBSetup
                0x0000000000006e4c       0xe4 /tmp/pb/core/core.a(USBCore.cpp.o)
                0x0000000000006e4c                USBDeviceClass::sendDescriptor(USBSetup&)
 .text._ZN14USBDeviceClass19handleStandardSetupER8USBSetup
                0x0000000000006f30      0x118 /tmp/pb/core/core.a(USBCore.cpp.o)
                0x0000000000006f30                USBDeviceClass::handleStandardSetup(USBSetup&)
 .text._ZN14USBDeviceClass10ISRHandlerEv
                0x0000000000007048      0x108 /tmp/pb/core/core.a(USBCore.cpp.o)
                0x0000000000007048                USBDeviceClass::ISRHandler()
 .text.UDD_Handler
                0x0000000000007150       0x10 /tmp/pb/core/core.a(USBCore.cpp.o)
                0x0000000000007150                UDD_Handler
 .text.startup._GLOBAL__sub_I_usbd
                0x0000000000007160       0x10 /tmp/pb/core/core.a(USBCore.cpp.o)
 .text._ZN4UartcvbEv
                0x0000000000007170        0x4 /tmp/pb/core/core.a(Uart.cpp.o)
                0x0000000000007170                Uart::operator bool()
 .text._ZN4Uart5beginEm
                0x0000000000007174       0x10 /tmp/pb/core/core.a(Uart.cpp.o)
                0x0000000000007174                Uart::begin(unsigned long)
 .text._ZN4Uart4peekEv
                0x0000000000007184       0x1a /tmp/pb/core/core.a(Uart.cpp.o)
                0x0000000000007184                Uart::peek()
 .text._ZN4Uart3endEv
                0x000000000000719e       0x20 /tmp/pb/core/core.a(Uart.cpp.o)
                0x000000000000719e                Uart::end()
 .text._ZN4Uart15extractCharSizeEt
                0x00000000000071be       0x28 /tmp/pb/core/core.a(Uart.cpp.o)
                0x00000000000071be                Uart::extractCharSize(unsigned short)
 .text._ZN4Uart13extractParityEt
                0x00000000000071e6       0x14 /tmp/pb/core/core.a(Uart.cpp.o)
                0x00000000000071e6                Uart::extractParity(unsigned short)
 *fill*         0x00000000000071fa        0x2 
 .text._ZN4Uart5beginEmt
                0x00000000000071fc       0xf8 /tmp/pb/core/core.a(Uart.cpp.o)
                0x00000000000071fc                Uart::begin(unsigned long, unsigned short)
 .text._ZN11RingBufferNILi350EEC2Ev
                0x00000000000072f4       0x1c /tmp/pb/core/core.a(Uart.cpp.o)
                0x00000000000072f4                RingBufferN<350>::RingBufferN()
                0x00000000000072f4                RingBufferN<350>::RingBufferN()
 .text._ZN4UartC2EP6SERCOMhh11SercomRXPad15SercomUartTXPad
                0x0000000000007310       0x70 /tmp/pb/core/core.a(Uart.cpp.o)
                0x0000000000007310                Uart::Uart(SERCOM*, unsigned char, unsigned char, SercomRXPad, SercomUartTXPad)
                0x0000000000007310                Uart::Uart(SERCOM*, unsigned char, unsigned char, SercomRXPad, SercomUartTXPad)
 .text._ZN11RingBufferNILi350EE9availableEv
                0x0000000000007380       0x12 /tmp/pb/core/core.a(Uart.cpp.o)
                0x0000000000007380                RingBufferN<350>::available()
 .text._ZN4Uart5flushEv
                0x0000000000007392       0x1a /tmp/pb/core/core.a(Uart.cpp.o)
                0x0000000000007392                Uart::flush()
 .text._ZN4Uart9availableEv
                0x00000000000073ac        0xa /tmp/pb/core/core.a(Uart.cpp.o)
                0x00000000000073ac                Uart::available()
 .text._ZN11RingBufferNILi350EE17availableForStoreEv
                0x00000000000073b6       0x22 /tmp/pb/core/core.a(Uart.cpp.o)
                0x00000000000073b6                RingBufferN<350>::availableForStore()
 .text._ZN4Uart17availableForWriteEv
                0x00000000000073d8        0xc /tmp/pb/core/core.a(Uart.cpp.o)
                0x00000000000073d8                Uart::availableForWrite()
 .text._ZN4Uart10IrqHandlerEv
                0x00000000000073e4       0xda /tmp/pb/core/core.a(Uart.cpp.o)
                0x00000000000073e4                Uart::IrqHandler()
 *fill*         0x00000000000074be        0x2 
 .text._ZN4Uart5writeEh
                0x00000000000074c0       0xc4 /tmp/pb/core/core.a(Uart.cpp.o)
                0x00000000000074c0                Uart::write(unsigned char)
 .text._ZN4Uart4readEv
                0x0000000000007584       0x52 /tmp/pb/core/core.a(Uart.cpp.o)
                0x0000000000007584                Uart::read()
 .text._Z6randoml
                0x00000000000075d6       0x16 /tmp/pb/core/core.a(WMath.cpp.o)
                0x00000000000075d6                random(long)
 .text._Z11initVariantv
                0x00000000000075ec        0x2 /tmp/pb/core/core.a(main.cpp.o)
                0x00000000000075ec                initVariant()
 *fill*         0x00000000000075ee        0x2 
 .text.startup.main
                0x00000000000075f0       0x44 /tmp/pb/core/core.a(main.cpp.o)
                0x00000000000075f0                main
 .text._Znwj    0x0000000000007634        0x8 /tmp/pb/core/core.a(new.cpp.o)
                0x0000000000007634                operator new(unsigned int)
 .text._ZdlPv   0x000000000000763c        0x8 /tmp/pb/core/core.a(new.cpp.o)
                0x000000000000763c                operator delete(void*)
 .text._ZN13PluggableUSB_12getInterfaceEPh
                0x0000000000007644       0x28 /tmp/pb/core/core.a(PluggableUSB.cpp.o)
                0x0000000000007644                PluggableUSB_::getInterface(unsigned char*)
 .text._ZN13PluggableUSB_13getDescriptorER8USBSetup
                0x000000000000766c       0x20 /tmp/pb/core/core.a(PluggableUSB.cpp.o)
                0x000000000000766c                PluggableUSB_::getDescriptor(USBSetup&)
 .text._ZN13PluggableUSB_5setupER8USBSetup
                0x000000000000768c       0x20 /tmp/pb/core/core.a(PluggableUSB.cpp.o)
                0x000000000000768c                PluggableUSB_::setup(USBSetup&)
 .text._Z12PluggableUSBv
                0x00000000000076ac       0x28 /tmp/pb/core/core.a(PluggableUSB.cpp.o)
                0x00000000000076ac                PluggableUSB()
 .text._ZN20USBDevice_SAMD21G18x5resetEv
                0x00000000000076d4       0x2a /tmp/pb/core/core.a(SAMD21_USBDevice.cpp.o)
                0x00000000000076d4                USBDevice_SAMD21G18x::reset()
 *fill*         0x00000000000076fe        0x2 
 .text._ZN20USBDevice_SAMD21G18x9calibrateEv
                0x0000000000007700       0x60 /tmp/pb/core/core.a(SAMD21_USBDevice.cpp.o)
                0x0000000000007700                USBDevice_SAMD21G18x::calibrate()
 .text          0x0000000000007760       0x14 /root/.arduino15/packages/adafruit/tools/arm-none-eabi-gcc/9-2019q4/bin/../lib/gcc/arm-none-eabi/9.2.1/thumb/v6-m/nofp/libgcc.a(_thumb1_case_uqi.o)
                0x0000000000007760                __gnu_thumb1_case_uqi
 .text          0x0000000000007774       0x14 /root/.arduino15/packages/adafruit/tools/arm-none-eabi-gcc/9-2019q4/bin/../lib/gcc/arm-none-eabi/9.2.1/thumb/v6-m/nofp/libgcc.a(_thumb1_case_shi.o)
                0x0000000000007774                __gnu_thumb1_case_shi
 .text          0x0000000000007788       0x14 /root/.arduino15/packages/adafruit/tools/arm-none-eabi-gcc/9-2019q4/bin/../lib/gcc/arm-none-eabi/9.2.1/thumb/v6-m/nofp/libgcc.a(_thumb1_case_uhi.o)
                0x0000000000007788                __gnu_thumb1_case_uhi
 .text          0x000000000000779c      0x114 /root/.arduino15/packages/adafruit/tools/arm-none-eabi-gcc/9-2019q4/bin/../lib/gcc/arm-none-eabi/9.2.1/thumb/v6-m/nofp/libgcc.a(_udivsi3.o)
                0x000000000000779c                __udivsi3
                0x000000000000779c                __aeabi_uidiv
                0x00000000000078a8                __aeabi_uidivmod
 .text          0x00000000000078b0      0x1d4 /root/.arduino15/packages/adafruit/tools/arm-none-eabi-gcc/9-2019q4/bin/../lib/gcc/arm-none-eabi/9.2.1/thumb/v6-m/nofp/libgcc.a(_divsi3.o)
                0x00000000000078b0                __aeabi_idiv
                0x00000000000078b0                __divsi3
                0x0000000000007a7c                __aeabi_idivmod
 .text          0x0000000000007a84        0x4 /root/.arduino15/packages/adafruit/tools/arm-none-eabi-gcc/9-2019q4/bin/../lib/gcc/arm-none-eabi/9.2.1/thumb/v6-m/nofp/libgcc.a(_dvmd_tls.o)
                0x0000000000007a84                __aeabi_ldiv0
                0x0000000000007a84                __aeabi_idiv0
 .text.__assert_func
                0x0000000000007a88       0x3c /root/.arduino15/packages/adafruit/tools/arm-none-eabi-gcc/9-2019q4/bin/../lib/gcc/arm-none-eabi/9.2.1/../../../../arm-none-eabi/lib/thumb/v6-m/nofp/libc_nano.a(lib_a-assert.o)
                0x0000000000007a88                __assert_func
 .text.fprintf  0x0000000000007ac4       0x20 /root/.arduino15/packages/adafruit/tools/arm-none-eabi-gcc/9-2019q4/bin/../lib/gcc/arm-none-eabi/9.2.1/../../../../arm-none-eabi/lib/thumb/v6-m/nofp/libc_nano.a(lib_a-fprintf.o)
                0x0000000000007ac4                fprintf
                0x0000000000007ac4                fiprintf
 .text.__libc_init_array
                0x0000000000007ae4       0x48 /root/.arduino15/packages/adafruit/tools/arm-none-eabi-gcc/9-2019q4/bin/../lib/gcc/arm-none-eabi/9.2.1/../../../../arm-none-eabi/lib/thumb/v6-m/nofp/libc_nano.a(lib_a-init.o)
                0x0000000000007ae4                __libc_init_array
 .text.memalign
                0x0000000000007b2c       0x14 /root/.arduino15/packages/adafruit/tools/arm-none-eabi-gcc/9-2019q4/bin/../lib/gcc/arm-none-eabi/9.2.1/../../../../arm-none-eabi/lib/thumb/v6-m/nofp/libc_nano.a(lib_a-malign.o)
                0x0000000000007b2c                memalign
 .text.malloc   0x0000000000007b40       0x14 /root/.arduino15/packages/adafruit/tools/arm-none-eabi-gcc/9-2019q4/bin/../lib/gcc/arm-none-eabi/9.2.1/../../../../arm-none-eabi/lib/thumb/v6-m/nofp/libc_nano.a(lib_a-malloc.o)
                0x0000000000007b40                malloc
 .text.free     0x0000000000007b54       0x14 /root/.arduino15/packages/adafruit/tools/arm-none-eabi-gcc/9-2019q4/bin/../lib/gcc/arm-none-eabi/9.2.1/../../../../arm-none-eabi/lib/thumb/v6-m/nofp/libc_nano.a(lib_a-malloc.o)
                0x0000000000007b54                free
 .text.memcpy   0x0000000000007b68       0x12 /root/.arduino15/packages/adafruit/tools/arm-none-eabi-gcc/9-2019q4/bin/../lib/gcc/arm-none-eabi/9.2.1/../../../../arm-none-eabi/lib/thumb/v6-m/nofp/libc_nano.a(lib_a-memcpy-stub.o)
                0x0000000000007b68                memcpy
 .text.memset   0x0000000000007b7a       0x10 /root/.arduino15/packages/adafruit/tools/arm-none-eabi-gcc/9-2019q4/bin/../lib/gcc/arm-none-eabi/9.2.1/../../../../arm-none-eabi/lib/thumb/v6-m/nofp/libc_nano.a(lib_a-memset.o)
                0x0000000000007b7a                memset
 *fill*         0x0000000000007b8a        0x2 
 .text._free_r  0x0000000000007b8c       0x94 /root/.arduino15/packages/adafruit/tools/arm-none-eabi-gcc/9-2019q4/bin/../lib/gcc/arm-none-eabi/9.2.1/../../../../arm-none-eabi/lib/thumb/v6-m/nofp/libc_nano.a(lib_a-nano-freer.o)
                0x0000000000007b8c                _free_r
 .text._memalign_r
                0x0000000000007c20       0x8c /root/.arduino15/packages/adafruit/tools/arm-none-eabi-gcc/9-2019q4/bin/../lib/gcc/arm-none-eabi/9.2.1/../../../../arm-none-eabi/lib/thumb/v6-m/nofp/libc_nano.a(lib_a-nano-malignr.o)
                0x0000000000007c20                _memalign_r
 .text._malloc_r
                0x0000000000007cac       0xbc /root/.arduino15/packages/adafruit/tools/arm-none-eabi-gcc/9-2019q4/bin/../lib/gcc/arm-none-eabi/9.2.1/../../../../arm-none-eabi/lib/thumb/v6-m/nofp/libc_nano.a(lib_a-nano-mallocr.o)
                0x0000000000007cac                _malloc_r
 .text.__sfputc_r
                0x0000000000007d68       0x2a /root/.arduino15/packages/adafruit/tools/arm-none-eabi-gcc/9-2019q4/bin/../lib/gcc/arm-none-eabi/9.2.1/../../../../arm-none-eabi/lib/thumb/v6-m/nofp/libc_nano.a(lib_a-nano-vfprintf.o)
 .text.__sfputs_r
                0x0000000000007d92       0x24 /root/.arduino15/packages/adafruit/tools/arm-none-eabi-gcc/9-2019q4/bin/../lib/gcc/arm-none-eabi/9.2.1/../../../../arm-none-eabi/lib/thumb/v6-m/nofp/libc_nano.a(lib_a-nano-vfprintf.o)
                0x0000000000007d92                __sfputs_r
 *fill*         0x0000000000007db6        0x2 
 .text._vfprintf_r
                0x0000000000007db8      0x274 /root/.arduino15/packages/adafruit/tools/arm-none-eabi-gcc/9-2019q4/bin/../lib/gcc/arm-none-eabi/9.2.1/../../../../arm-none-eabi/lib/thumb/v6-m/nofp/libc_nano.a(lib_a-nano-vfprintf.o)
                0x0000000000007db8                _vfiprintf_r
                0x0000000000007db8                _vfprintf_r
 .text._printf_common
                0x000000000000802c       0xde /root/.arduino15/packages/adafruit/tools/arm-none-eabi-gcc/9-2019q4/bin/../lib/gcc/arm-none-eabi/9.2.1/../../../../arm-none-eabi/lib/thumb/v6-m/nofp/libc_nano.a(lib_a-nano-vfprintf_i.o)
                0x000000000000802c                _printf_common
 *fill*         0x000000000000810a        0x2 
 .text._printf_i
                0x000000000000810c      0x224 /root/.arduino15/packages/adafruit/tools/arm-none-eabi-gcc/9-2019q4/bin/../lib/gcc/arm-none-eabi/9.2.1/../../../../arm-none-eabi/lib/thumb/v6-m/nofp/libc_nano.a(lib_a-nano-vfprintf_i.o)
                0x000000000000810c                _printf_i
 .text.rand     0x0000000000008330       0x64 /root/.arduino15/packages/adafruit/tools/arm-none-eabi-gcc/9-2019q4/bin/../lib/gcc/arm-none-eabi/9.2.1/../../../../arm-none-eabi/lib/thumb/v6-m/nofp/libc_nano.a(lib_a-rand.o)
                0x0000000000008330                rand
 .text._sbrk_r  0x0000000000008394       0x24 /root/.arduino15/packages/adafruit/tools/arm-none-eabi-gcc/9-2019q4/bin/../lib/gcc/arm-none-eabi/9.2.1/../../../../arm-none-eabi/lib/thumb/v6-m/nofp/libc_nano.a(lib_a-sbrkr.o)
                0x0000000000008394                _sbrk_r
 .text          0x00000000000083b8        0xe /root/.arduino15/packages/adafruit/tools/arm-none-eabi-gcc/9-2019q4/bin/../lib/gcc/arm-none-eabi/9.2.1/../../../../arm-none-eabi/lib/thumb/v6-m/nofp/libc_nano.a(lib_a-strlen.o)
                0x00000000000083b8                strlen
 *fill*         0x00000000000083c6        0x2 
 .text.__swbuf_r
                0x00000000000083c8       0xac /root/.arduino15/packages/adafruit/tools/arm-none-eabi-gcc/9-2019q4/bin/../lib/gcc/arm-none-eabi/9.2.1/../../../../arm-none-eabi/lib/thumb/v6-m/nofp/libc_nano.a(lib_a-wbuf.o)
                0x00000000000083c8                __swbuf_r
 .text.__swsetup_r
                0x0000000000008474       0xf0 /root/.arduino15/packages/adafruit/tools/arm-none-eabi-gcc/9-2019q4/bin/../lib/gcc/arm-none-eabi/9.2.1/../../../../arm-none-eabi/lib/thumb/v6-m/nofp/libc_nano.a(lib_a-wsetup.o)
                0x0000000000008474                __swsetup_r
 .text.abort    0x0000000000008564        0xe /root/.arduino15/packages/adafruit/tools/arm-none-eabi-gcc/9-2019q4/bin/../lib/gcc/arm-none-eabi/9.2.1/../../../../arm-none-eabi/lib/thumb/v6-m/nofp/libc_nano.a(lib_a-abort.o)
                0x0000000000008564                abort
 *fill*         0x0000000000008572        0x2 
 .text.__sflush_r
                0x0000000000008574      0x118 /root/.arduino15/packages/adafruit/tools/arm-none-eabi-gcc/9-2019q4/bin/../lib/gcc/arm-none-eabi/9.2.1/../../../../arm-none-eabi/lib/thumb/v6-m/nofp/libc_nano.a(lib_a-fflush.o)
                0x0000000000008574                __sflush_r
 .text._fflush_r
                0x000000000000868c       0x80 /root/.arduino15/packages/adafruit/tools/arm-none-eabi-gcc/9-2019q4/bin/../lib/gcc/arm-none-eabi/9.2.1/../../../../arm-none-eabi/lib/thumb/v6-m/nofp/libc_nano.a(lib_a-fflush.o)
                0x000000000000868c                _fflush_r
 .text.std      0x000000000000870c       0x48 /root/.arduino15/packages/adafruit/tools/arm-none-eabi-gcc/9-2019q4/bin/../lib/gcc/arm-none-eabi/9.2.1/../../../../arm-none-eabi/lib/thumb/v6-m/nofp/libc_nano.a(lib_a-findfp.o)
 .text._cleanup_r
                0x0000000000008754       0x10 /root/.arduino15/packages/adafruit/tools/arm-none-eabi-gcc/9-2019q4/bin/../lib/gcc/arm-none-eabi/9.2.1/../../../../arm-none-eabi/lib/thumb/v6-m/nofp/libc_nano.a(lib_a-findfp.o)
                0x0000000000008754                _cleanup_r
 .text.__sfmoreglue
                0x0000000000008764       0x2c /root/.arduino15/packages/adafruit/tools/arm-none-eabi-gcc/9-2019q4/bin/../lib/gcc/arm-none-eabi/9.2.1/../../../../arm-none-eabi/lib/thumb/v6-m/nofp/libc_nano.a(lib_a-findfp.o)
                0x0000000000008764                __sfmoreglue
 .text.__sfp_lock_acquire
                0x0000000000008790       0x10 /root/.arduino15/packages/adafruit/tools/arm-none-eabi-gcc/9-2019q4/bin/../lib/gcc/arm-none-eabi/9.2.1/../../../../arm-none-eabi/lib/thumb/v6-m/nofp/libc_nano.a(lib_a-findfp.o)
                0x0000000000008790                __sfp_lock_acquire
 .text.__sfp_lock_release
                0x00000000000087a0       0x10 /root/.arduino15/packages/adafruit/tools/arm-none-eabi-gcc/9-2019q4/bin/../lib/gcc/arm-none-eabi/9.2.1/../../../../arm-none-eabi/lib/thumb/v6-m/nofp/libc_nano.a(lib_a-findfp.o)
                0x00000000000087a0                __sfp_lock_release
 .text.__sinit_lock_acquire
                0x00000000000087b0       0x10 /root/.arduino15/packages/adafruit/tools/arm-none-eabi-gcc/9-2019q4/bin/../lib/gcc/arm-none-eabi/9.2.1/../../../../arm-none-eabi/lib/thumb/v6-m/nofp/libc_nano.a(lib_a-findfp.o)
                0x00000000000087b0                __sinit_lock_acquire
 .text.__sinit_lock_release
                0x00000000000087c0       0x10 /root/.arduino15/packages/adafruit/tools/arm-none-eabi-gcc/9-2019q4/bin/../lib/gcc/arm-none-eabi/9.2.1/../../../../arm-none-eabi/lib/thumb/v6-m/nofp/libc_nano.a(lib_a-findfp.o)
                0x00000000000087c0                __sinit_lock_release
 .text.__sinit  0x00000000000087d0       0x70 /root/.arduino15/packages/adafruit/tools/arm-none-eabi-gcc/9-2019q4/bin/../lib/gcc/arm-none-eabi/9.2.1/../../../../arm-none-eabi/lib/thumb/v6-m/nofp/libc_nano.a(lib_a-findfp.o)
                0x00000000000087d0                __sinit
 .text.__sfp    0x0000000000008840       0x90 /root/.arduino15/packages/adafruit/tools/arm-none-eabi-gcc/9-2019q4/bin/../lib/gcc/arm-none-eabi/9.2.1/../../../../arm-none-eabi/lib/thumb/v6-m/nofp/libc_nano.a(lib_a-findfp.o)
                0x0000000000008840                __sfp
 .text._fwalk_reent
                0x00000000000088d0       0x40 /root/.arduino15/packages/adafruit/tools/arm-none-eabi-gcc/9-2019q4/bin/../lib/gcc/arm-none-eabi/9.2.1/../../../../arm-none-eabi/lib/thumb/v6-m/nofp/libc_nano.a(lib_a-fwalk.o)
                0x00000000000088d0                _fwalk_reent
 .text.__retarget_lock_init_recursive
                0x0000000000008910        0x2 /root/.arduino15/packages/adafruit/tools/arm-none-eabi-gcc/9-2019q4/bin/../lib/gcc/arm-none-eabi/9.2.1/../../../../arm-none-eabi/lib/thumb/v6-m/nofp/libc_nano.a(lib_a-lock.o)
                0x0000000000008910                __retarget_lock_init_recursive
 .text.__retarget_lock_acquire_recursive
                0x0000000000008912        0x2 /root/.arduino15/packages/adafruit/tools/arm-none-eabi-gcc/9-2019q4/bin/../lib/gcc/arm-none-eabi/9.2.1/../../../../arm-none-eabi/lib/thumb/v6-m/nofp/libc_nano.a(lib_a-lock.o)
                0x0000000000008912                __retarget_lock_acquire_recursive
 .text.__retarget_lock_release_recursive
                0x0000000000008914        0x2 /root/.arduino15/packages/adafruit/tools/arm-none-eabi-gcc/9-2019q4/bin/../lib/gcc/arm-none-eabi/9.2.1/../../../../arm-none-eabi/lib/thumb/v6-m/nofp/libc_nano.a(lib_a-lock.o)
                0x0000000000008914                __retarget_lock_release_recursive
 *fill*         0x0000000000008916        0x2 
 .text.__swhatbuf_r
                0x0000000000008918       0x50 /root/.arduino15/packages/adafruit/tools/arm-none-eabi-gcc/9-2019q4/bin/../lib/gcc/arm-none-eabi/9.2.1/../../../../arm-none-eabi/lib/thumb/v6-m/nofp/libc_nano.a(lib_a-makebuf.o)
                0x0000000000008918                __swhatbuf_r
 .text.__smakebuf_r
                0x0000000000008968       0x88 /root/.arduino15/packages/adafruit/tools/arm-none-eabi-gcc/9-2019q4/bin/../lib/gcc/arm-none-eabi/9.2.1/../../../../arm-none-eabi/lib/thumb/v6-m/nofp/libc_nano.a(lib_a-makebuf.o)
                0x0000000000008968                __smakebuf_r
 .text.memchr   0x00000000000089f0       0x16 /root/.arduino15/packages/adafruit/tools/arm-none-eabi-gcc/9-2019q4/bin/../lib/gcc/arm-none-eabi/9.2.1/../../../../arm-none-eabi/lib/thumb/v6-m/nofp/libc_nano.a(lib_a-memchr-stub.o)
                0x00000000000089f0                memchr
 *fill*         0x0000000000008a06        0x2 
 .text.__malloc_lock
                0x0000000000008a08       0x10 /root/.arduino15/packages/adafruit/tools/arm-none-eabi-gcc/9-2019q4/bin/../lib/gcc/arm-none-eabi/9.2.1/../../../../arm-none-eabi/lib/thumb/v6-m/nofp/libc_nano.a(lib_a-mlock.o)
                0x0000000000008a08                __malloc_lock
 .text.__malloc_unlock
                0x0000000000008a18       0x10 /root/.arduino15/packages/adafruit/tools/arm-none-eabi-gcc/9-2019q4/bin/../lib/gcc/arm-none-eabi/9.2.1/../../../../arm-none-eabi/lib/thumb/v6-m/nofp/libc_nano.a(lib_a-mlock.o)
                0x0000000000008a18                __malloc_unlock
 .text._raise_r
                0x0000000000008a28       0x54 /root/.arduino15/packages/adafruit/tools/arm-none-eabi-gcc/9-2019q4/bin/../lib/gcc/arm-none-eabi/9.2.1/../../../../arm-none-eabi/lib/thumb/v6-m/nofp/libc_nano.a(lib_a-signal.o)
                0x0000000000008a28                _raise_r
 .text.raise    0x0000000000008a7c       0x14 /root/.arduino15/packages/adafruit/tools/arm-none-eabi-gcc/9-2019q4/bin/../lib/gcc/arm-none-eabi/9.2.1/../../../../arm-none-eabi/lib/thumb/v6-m/nofp/libc_nano.a(lib_a-signal.o)
                0x0000000000008a7c                raise
 .text._kill_r  0x0000000000008a90       0x24 /root/.arduino15/packages/adafruit/tools/arm-none-eabi-gcc/9-2019q4/bin/../lib/gcc/arm-none-eabi/9.2.1/../../../../arm-none-eabi/lib/thumb/v6-m/nofp/libc_nano.a(lib_a-signalr.o)
                0x0000000000008a90                _kill_r
 .text._getpid_r
                0x0000000000008ab4        0x8 /root/.arduino15/packages/adafruit/tools/arm-none-eabi-gcc/9-2019q4/bin/../lib/gcc/arm-none-eabi/9.2.1/../../../../arm-none-eabi/lib/thumb/v6-m/nofp/libc_nano.a(lib_a-signalr.o)
                0x0000000000008ab4                _getpid_r
 .text.__sread  0x0000000000008abc       0x28 /root/.arduino15/packages/adafruit/tools/arm-none-eabi-gcc/9-2019q4/bin/../lib/gcc/arm-none-eabi/9.2.1/../../../../arm-none-eabi/lib/thumb/v6-m/nofp/libc_nano.a(lib_a-stdio.o)
                0x0000000000008abc                __sread
 .text.__swrite
                0x0000000000008ae4       0x38 /root/.arduino15/packages/adafruit/tools/arm-none-eabi-gcc/9-2019q4/bin/../lib/gcc/arm-none-eabi/9.2.1/../../../../arm-none-eabi/lib/thumb/v6-m/nofp/libc_nano.a(lib_a-stdio.o)
                0x0000000000008ae4                __swrite
 .text.__sseek  0x0000000000008b1c       0x2c /root/.arduino15/packages/adafruit/tools/arm-none-eabi-gcc/9-2019q4/bin/../lib/gcc/arm-none-eabi/9.2.1/../../../../arm-none-eabi/lib/thumb/v6-m/nofp/libc_nano.a(lib_a-stdio.o)
                0x0000000000008b1c                __sseek
 .text.__sclose
                0x0000000000008b48        0xc /root/.arduino15/packages/adafruit/tools/arm-none-eabi-gcc/9-2019q4/bin/../lib/gcc/arm-none-eabi/9.2.1/../../../../arm-none-eabi/lib/thumb/v6-m/nofp/libc_nano.a(lib_a-stdio.o)
                0x0000000000008b48                __sclose
 .text._write_r
                0x0000000000008b54       0x28 /root/.arduino15/packages/adafruit/tools/arm-none-eabi-gcc/9-2019q4/bin/../lib/gcc/arm-none-eabi/9.2.1/../../../../arm-none-eabi/lib/thumb/v6-m/nofp/libc_nano.a(lib_a-writer.o)
                0x0000000000008b54                _write_r
 .text._close_r
                0x0000000000008b7c       0x24 /root/.arduino15/packages/adafruit/tools/arm-none-eabi-gcc/9-2019q4/bin/../lib/gcc/arm-none-eabi/9.2.1/../../../../arm-none-eabi/lib/thumb/v6-m/nofp/libc_nano.a(lib_a-closer.o)
                0x0000000000008b7c                _close_r
 .text._fstat_r
                0x0000000000008ba0       0x24 /root/.arduino15/packages/adafruit/tools/arm-none-eabi-gcc/9-2019q4/bin/../lib/gcc/arm-none-eabi/9.2.1/../../../../arm-none-eabi/lib/thumb/v6-m/nofp/libc_nano.a(lib_a-fstatr.o)
                0x0000000000008ba0                _fstat_r
 .text._isatty_r
                0x0000000000008bc4       0x24 /root/.arduino15/packages/adafruit/tools/arm-none-eabi-gcc/9-2019q4/bin/../lib/gcc/arm-none-eabi/9.2.1/../../../../arm-none-eabi/lib/thumb/v6-m/nofp/libc_nano.a(lib_a-isattyr.o)
                0x0000000000008bc4                _isatty_r
 .text._lseek_r
                0x0000000000008be8       0x28 /root/.arduino15/packages/adafruit/tools/arm-none-eabi-gcc/9-2019q4/bin/../lib/gcc/arm-none-eabi/9.2.1/../../../../arm-none-eabi/lib/thumb/v6-m/nofp/libc_nano.a(lib_a-lseekr.o)
                0x0000000000008be8                _lseek_r
 .text._read_r  0x0000000000008c10       0x28 /root/.arduino15/packages/adafruit/tools/arm-none-eabi-gcc/9-2019q4/bin/../lib/gcc/arm-none-eabi/9.2.1/../../../../arm-none-eabi/lib/thumb/v6-m/nofp/libc_nano.a(lib_a-readr.o)
                0x0000000000008c10                _read_r
 .text          0x0000000000008c38       0x50 /root/.arduino15/packages/adafruit/tools/arm-none-eabi-gcc/9-2019q4/bin/../lib/gcc/arm-none-eabi/9.2.1/thumb/v6-m/nofp/libgcc.a(_muldi3.o)
                0x0000000000008c38                __aeabi_lmul
                0x0000000000008c38                __muldi3
 .text._close   0x0000000000008c88       0x10 /root/.arduino15/packages/adafruit/tools/arm-none-eabi-gcc/9-2019q4/bin/../lib/gcc/arm-none-eabi/9.2.1/../../../../arm-none-eabi/lib/thumb/v6-m/nofp/libnosys.a(close.o)
                0x0000000000008c88                _close
 .text._fstat   0x0000000000008c98       0x10 /root/.arduino15/packages/adafruit/tools/arm-none-eabi-gcc/9-2019q4/bin/../lib/gcc/arm-none-eabi/9.2.1/../../../../arm-none-eabi/lib/thumb/v6-m/nofp/libnosys.a(fstat.o)
                0x0000000000008c98                _fstat
 .text._getpid  0x0000000000008ca8       0x10 /root/.arduino15/packages/adafruit/tools/arm-none-eabi-gcc/9-2019q4/bin/../lib/gcc/arm-none-eabi/9.2.1/../../../../arm-none-eabi/lib/thumb/v6-m/nofp/libnosys.a(getpid.o)
                0x0000000000008ca8                _getpid
 .text._isatty  0x0000000000008cb8       0x10 /root/.arduino15/packages/adafruit/tools/arm-none-eabi-gcc/9-2019q4/bin/../lib/gcc/arm-none-eabi/9.2.1/../../../../arm-none-eabi/lib/thumb/v6-m/nofp/libnosys.a(isatty.o)
                0x0000000000008cb8                _isatty
 .text._kill    0x0000000000008cc8       0x10 /root/.arduino15/packages/adafruit/tools/arm-none-eabi-gcc/9-2019q4/bin/../lib/gcc/arm-none-eabi/9.2.1/../../../../arm-none-eabi/lib/thumb/v6-m/nofp/libnosys.a(kill.o)
                0x0000000000008cc8                _kill
 .text._lseek   0x0000000000008cd8       0x10 /root/.arduino15/packages/adafruit/tools/arm-none-eabi-gcc/9-2019q4/bin/../lib/gcc/arm-none-eabi/9.2.1/../../../../arm-none-eabi/lib/thumb/v6-m/nofp/libnosys.a(lseek.o)
                0x0000000000008cd8                _lseek
 .text._read    0x0000000000008ce8       0x10 /root/.arduino15/packages/adafruit/tools/arm-none-eabi-gcc/9-2019q4/bin/../lib/gcc/arm-none-eabi/9.2.1/../../../../arm-none-eabi/lib/thumb/v6-m/nofp/libnosys.a(read.o)
                0x0000000000008ce8                _read
 .text._sbrk    0x0000000000008cf8       0x1c /root/.arduino15/packages/adafruit/tools/arm-none-eabi-gcc/9-2019q4/bin/../lib/gcc/arm-none-eabi/9.2.1/../../../../arm-none-eabi/lib/thumb/v6-m/nofp/libnosys.a(sbrk.o)
                0x0000000000008cf8                _sbrk
 .text._write   0x0000000000008d14       0x10 /root/.arduino15/packages/adafruit/tools/arm-none-eabi-gcc/9-2019q4/bin/../lib/gcc/arm-none-eabi/9.2.1/../../../../arm-none-eabi/lib/thumb/v6-m/nofp/libnosys.a(write.o)
                0x0000000000008d14                _write
 .text._exit    0x0000000000008d24        0x4 /root/.arduino15/packages/adafruit/tools/arm-none-eabi-gcc/9-2019q4/bin/../lib/gcc/arm-none-eabi/9.2.1/../../../../arm-none-eabi/lib/thumb/v6-m/nofp/libnosys.a(_exit.o)
                0x0000000000008d24                _exit
 *(.init)
 .init          0x0000000000008d28        0x4 /root/.arduino15/packages/adafruit/tools/arm-none-eabi-gcc/9-2019q4/bin/../lib/gcc/arm-none-eabi/9.2.1/thumb/v6-m/nofp/crti.o
                0x0000000000008d28                _init
 .init          0x0000000000008d2c        0x8 /root/.arduino15/packages/adafruit/tools/arm-none-eabi-gcc/9-2019q4/bin/../lib/gcc/arm-none-eabi/9.2.1/thumb/v6-m/nofp/crtn.o
 *(.fini)
 .fini          0x0000000000008d34        0x4 /root/.arduino15/packages/adafruit/tools/arm-none-eabi-gcc/9-2019q4/bin/../lib/gcc/arm-none-eabi/9.2.1/thumb/v6-m/nofp/crti.o
                0x0000000000008d34                _fini
 .fini          0x0000000000008d38        0x8 /root/.arduino15/packages/adafruit/tools/arm-none-eabi-gcc/9-2019q4/bin/../lib/gcc/arm-none-eabi/9.2.1/thumb/v6-m/nofp/crtn.o
 *crtbegin.o(.ctors)
 *crtbegin?.o(.ctors)
 *(EXCLUDE_FILE(*crtend.o *crtend?.o) .ctors)
 *(SORT_BY_NAME(.ctors.*))
 *(.ctors)
 *crtbegin.o(.dtors)
 *crtbegin?.o(.dtors)
 *(EXCLUDE_FILE(*crtend.o *crtend?.o) .dtors)
 *(SORT_BY_NAME(.dtors.*))
 *(.dtors)
 *(.rodata*)
 .rodata._Z21target_readbyte_blockv.str1.1
                0x0000000000008d40       0x2a /tmp/pb/sketch/firmware.ino.cpp.o
 .rodata._Z28target_verify_input_checksumv.str1.1
                0x0000000000008d6a       0x40 /tmp/pb/sketch/firmware.ino.cpp.o
 .rodata._Z21target_sendbyte_blockh.str1.1
                0x0000000000008daa       0x30 /tmp/pb/sketch/firmware.ino.cpp.o
                                         0x33 (size before relaxing)
 .rodata._Z21target_finish_commandv.str1.1
                0x0000000000008dda       0x3d /tmp/pb/sketch/firmware.ino.cpp.o
 .rodata._Z12target_resetv.str1.1
                0x0000000000008e17       0x1b /tmp/pb/sketch/firmware.ino.cpp.o
 .rodata._Z5resetv.str1.1
                0x0000000000008e32       0x1b /tmp/pb/sketch/firmware.ino.cpp.o
                                          0x3 (size before relaxing)
 .rodata._Z17target_wait_readyv.str1.1
                0x0000000000008e32       0x18 /tmp/pb/sketch/firmware.ino.cpp.o
 .rodata._Z22read_words_from_memorymm.str1.1
                0x0000000000008e4a       0x1f /tmp/pb/sketch/firmware.ino.cpp.o
 .rodata.loop.str1.1
                0x0000000000008e69      0x276 /tmp/pb/sketch/firmware.ino.cpp.o
                                        0x27d (size before relaxing)
 .rodata.libxsvf_play.str1.1
                0x00000000000090df       0x97 /tmp/pb/sketch/src/libxsvf/play.c.o
 .rodata.bitdata_play.str1.1
                0x0000000000009176       0x2e /tmp/pb/sketch/src/libxsvf/svf.c.o
 .rodata.token2tapstate.str1.1
                0x00000000000091a4       0x83 /tmp/pb/sketch/src/libxsvf/svf.c.o
 .rodata.bitdata_parse.str1.1
                0x0000000000009227       0x2a /tmp/pb/sketch/src/libxsvf/svf.c.o
                                         0x33 (size before relaxing)
 .rodata.libxsvf_svf.str1.1
                0x0000000000009251       0xf0 /tmp/pb/sketch/src/libxsvf/svf.c.o
                                        0x117 (size before relaxing)
 .rodata.libxsvf_tap_walk.str1.1
                0x0000000000009341       0x47 /tmp/pb/sketch/src/libxsvf/tap.c.o
 .rodata.shift_data.str1.1
                0x0000000000009388       0x21 /tmp/pb/sketch/src/libxsvf/xsvf.c.o
                                         0x2f (size before relaxing)
 .rodata.libxsvf_xsvf.str1.1
                0x00000000000093a9      0x1f2 /tmp/pb/sketch/src/libxsvf/xsvf.c.o
                                        0x21c (size before relaxing)
 .rodata._ZL10h_shutdownP12libxsvf_host.str1.1
                0x000000000000959b        0xb /tmp/pb/sketch/src/libxsvf/xsvftool-arduino.cpp.o
 .rodata._ZL14h_report_errorP12libxsvf_hostPKciS2_.str1.1
                0x00000000000095a6        0x3 /tmp/pb/sketch/src/libxsvf/xsvftool-arduino.cpp.o
                                          0x7 (size before relaxing)
 .rodata._ZL9h_reallocP12libxsvf_hostPvi11libxsvf_mem.str1.1
                0x00000000000095a9       0x40 /tmp/pb/sketch/src/libxsvf/xsvftool-arduino.cpp.o
 .rodata._ZL15h_report_deviceP12libxsvf_hostm.str1.1
                0x00000000000095e9       0x34 /tmp/pb/sketch/src/libxsvf/xsvftool-arduino.cpp.o
 .rodata._Z16arduino_play_svfiiiii.str1.1
                0x000000000000961d       0x5a /tmp/pb/sketch/src/libxsvf/xsvftool-arduino.cpp.o
 .rodata._ZL9h_getbyteP12libxsvf_host.str1.1
                0x0000000000009677       0x22 /tmp/pb/sketch/src/libxsvf/xsvftool-arduino.cpp.o
 *fill*         0x0000000000009699        0x3 
 .rodata._ZZL9h_reallocP12libxsvf_hostPvi11libxsvf_memE7buflist
                0x000000000000969c       0x3c /tmp/pb/sketch/src/libxsvf/xsvftool-arduino.cpp.o
 .rodata._ZZL9h_reallocP12libxsvf_hostPvi11libxsvf_memE8sizelist
                0x00000000000096d8       0x3c /tmp/pb/sketch/src/libxsvf/xsvftool-arduino.cpp.o
 .rodata._ZN8SPIClassC2EP6SERCOMhhh14SercomSpiTXPad11SercomRXPad.str1.1
                0x0000000000009714       0xb2 /tmp/pb/libraries/SPI/SPI.cpp.o
 *fill*         0x00000000000097c6        0x2 
 .rodata._ZL10sercomData
                0x00000000000097c8       0x48 /tmp/pb/libraries/SPI/SPI.cpp.o
 .rodata.g_APinDescription
                0x0000000000009810      0x408 /tmp/pb/core/variant.cpp.o
                0x0000000000009810                g_APinDescription
 .rodata._ZN5Print7printlnEv.str1.1
                0x0000000000009c18        0x3 /tmp/pb/core/core.a(Print.cpp.o)
 *fill*         0x0000000000009c1b        0x1 
 .rodata._ZL10sercomData
                0x0000000000009c1c       0x30 /tmp/pb/core/core.a(SERCOM.cpp.o)
 .rodata._ZTV7Serial_
                0x0000000000009c4c       0x24 /tmp/pb/core/core.a(CDC.cpp.o)
                0x0000000000009c4c                vtable for Serial_
 .rodata._ZN14USBDeviceClass19handleStandardSetupER8USBSetup.str1.1
                0x0000000000009c70        0x3 /tmp/pb/core/core.a(USBCore.cpp.o)
                                          0x1 (size before relaxing)
 .rodata._ZTV26DoubleBufferedEPOutHandler
                0x0000000000009c70       0x20 /tmp/pb/core/core.a(USBCore.cpp.o)
                0x0000000000009c70                vtable for DoubleBufferedEPOutHandler
 .rodata._ZL14STRING_PRODUCT
                0x0000000000009c90        0x9 /tmp/pb/core/core.a(USBCore.cpp.o)
 *fill*         0x0000000000009c99        0x1 
 .rodata._ZL15STRING_LANGUAGE
                0x0000000000009c9a        0x4 /tmp/pb/core/core.a(USBCore.cpp.o)
 .rodata._ZL19STRING_MANUFACTURER
                0x0000000000009c9e        0x7 /tmp/pb/core/core.a(USBCore.cpp.o)
 .rodata._ZL21USB_DeviceDescriptorB
                0x0000000000009ca5       0x12 /tmp/pb/core/core.a(USBCore.cpp.o)
 *fill*         0x0000000000009cb7        0x1 
 .rodata._ZTV4Uart
                0x0000000000009cb8       0x34 /tmp/pb/core/core.a(Uart.cpp.o)
                0x0000000000009cb8                vtable for Uart
 .rodata.__assert_func.str1.1
                0x0000000000009cec       0x3c /root/.arduino15/packages/adafruit/tools/arm-none-eabi-gcc/9-2019q4/bin/../lib/gcc/arm-none-eabi/9.2.1/../../../../arm-none-eabi/lib/thumb/v6-m/nofp/libc_nano.a(lib_a-assert.o)
                                         0x3d (size before relaxing)
 .rodata._global_impure_ptr
                0x0000000000009d28        0x4 /root/.arduino15/packages/adafruit/tools/arm-none-eabi-gcc/9-2019q4/bin/../lib/gcc/arm-none-eabi/9.2.1/../../../../arm-none-eabi/lib/thumb/v6-m/nofp/libc_nano.a(lib_a-impure.o)
                0x0000000000009d28                _global_impure_ptr
 .rodata._vfprintf_r.str1.1
                0x0000000000009d2c       0x11 /root/.arduino15/packages/adafruit/tools/arm-none-eabi-gcc/9-2019q4/bin/../lib/gcc/arm-none-eabi/9.2.1/../../../../arm-none-eabi/lib/thumb/v6-m/nofp/libc_nano.a(lib_a-nano-vfprintf.o)
 .rodata._printf_i.str1.1
                0x0000000000009d3d       0x22 /root/.arduino15/packages/adafruit/tools/arm-none-eabi-gcc/9-2019q4/bin/../lib/gcc/arm-none-eabi/9.2.1/../../../../arm-none-eabi/lib/thumb/v6-m/nofp/libc_nano.a(lib_a-nano-vfprintf_i.o)
 *fill*         0x0000000000009d5f        0x1 
 .rodata.__sf_fake_stderr
                0x0000000000009d60       0x20 /root/.arduino15/packages/adafruit/tools/arm-none-eabi-gcc/9-2019q4/bin/../lib/gcc/arm-none-eabi/9.2.1/../../../../arm-none-eabi/lib/thumb/v6-m/nofp/libc_nano.a(lib_a-findfp.o)
                0x0000000000009d60                __sf_fake_stderr
 .rodata.__sf_fake_stdin
                0x0000000000009d80       0x20 /root/.arduino15/packages/adafruit/tools/arm-none-eabi-gcc/9-2019q4/bin/../lib/gcc/arm-none-eabi/9.2.1/../../../../arm-none-eabi/lib/thumb/v6-m/nofp/libc_nano.a(lib_a-findfp.o)
                0x0000000000009d80                __sf_fake_stdin
 .rodata.__sf_fake_stdout
                0x0000000000009da0       0x20 /root/.arduino15/packages/adafruit/tools/arm-none-eabi-gcc/9-2019q4/bin/../lib/gcc/arm-none-eabi/9.2.1/../../../../arm-none-eabi/lib/thumb/v6-m/nofp/libc_nano.a(lib_a-findfp.o)
                0x0000000000009da0                __sf_fake_stdout
 *(.eh_frame*)
 .eh_frame      0x0000000000009dc0        0x0 /root/.arduino15/packages/adafruit/tools/arm-none-eabi-gcc/9-2019q4/bin/../lib/gcc/arm-none-eabi/9.2.1/thumb/v6-m/nofp/crtbegin.o
 .eh_frame      0x0000000000009dc0        0x4 /root/.arduino15/packages/adafruit/tools/arm-none-eabi-gcc/9-2019q4/bin/../lib/gcc/arm-none-eabi/9.2.1/thumb/v6-m/nofp/crtend.o

.glue_7         0x0000000000009dc4        0x0
 .glue_7        0x0000000000009dc4        0x0 linker stubs

.glue_7t        0x0000000000009dc4        0x0
 .glue_7t       0x0000000000009dc4        0x0 linker stubs

.vfp11_veneer   0x0000000000009dc4        0x0
 .vfp11_veneer  0x0000000000009dc4        0x0 linker stubs

.v4_bx          0x0000000000009dc4        0x0
 .v4_bx         0x0000000000009dc4        0x0 linker stubs

.iplt           0x0000000000009dc4        0x0
 .iplt          0x0000000000009dc4        0x0 /root/.arduino15/packages/adafruit/tools/arm-none-eabi-gcc/9-2019q4/bin/../lib/gcc/arm-none-eabi/9.2.1/thumb/v6-m/nofp/crtbegin.o

.rel.dyn        0x0000000000009dc4        0x0
 .rel.iplt      0x0000000000009dc4        0x0 /root/.arduino15/packages/adafruit/tools/arm-none-eabi-gcc/9-2019q4/bin/../lib/gcc/arm-none-eabi/9.2.1/thumb/v6-m/nofp/crtbegin.o

.ARM.extab
 *(.ARM.extab* .gnu.linkonce.armextab.*)
                0x0000000000009dc4                __exidx_start = .

.ARM.exidx
 *(.ARM.exidx* .gnu.linkonce.armexidx.*)
                0x0000000000009dc4                __exidx_end = .
                0x0000000000009dc4                __etext = .

.data           0x0000000020000000      0x104 load address 0x0000000000009dc4
                0x0000000020000000                __data_start__ = .
 *(vtable)
 *(.data*)
 .data.SystemCoreClock
                0x0000000020000000        0x4 /tmp/pb/core/core.a(wiring.c.o)
                0x0000000020000000                SystemCoreClock
 .data._ZL5ticks
                0x0000000020000004        0x4 /tmp/pb/core/core.a(Reset.cpp.o)
 .data._ZL10breakValue
                0x0000000020000008        0x4 /tmp/pb/core/core.a(CDC.cpp.o)
 .data._ZL12_usbLineInfo
                0x000000002000000c        0x8 /tmp/pb/core/core.a(CDC.cpp.o)
 .data._ZL13_cdcInterface
                0x0000000020000014       0x42 /tmp/pb/core/core.a(CDC.cpp.o)
 *fill*         0x0000000020000056        0x2 
 .data._serialPeek
                0x0000000020000058        0x4 /tmp/pb/core/core.a(CDC.cpp.o)
                0x0000000020000058                _serialPeek
 .data.EndPoints
                0x000000002000005c       0x28 /tmp/pb/core/core.a(USBCore.cpp.o)
                0x000000002000005c                EndPoints
 .data._impure_ptr
                0x0000000020000084        0x4 /root/.arduino15/packages/adafruit/tools/arm-none-eabi-gcc/9-2019q4/bin/../lib/gcc/arm-none-eabi/9.2.1/../../../../arm-none-eabi/lib/thumb/v6-m/nofp/libc_nano.a(lib_a-impure.o)
                0x0000000020000084                _impure_ptr
 .data.impure_data
                0x0000000020000088       0x60 /root/.arduino15/packages/adafruit/tools/arm-none-eabi-gcc/9-2019q4/bin/../lib/gcc/arm-none-eabi/9.2.1/../../../../arm-none-eabi/lib/thumb/v6-m/nofp/libc_nano.a(lib_a-impure.o)
                0x00000000200000e8                . = ALIGN (0x4)
                0x00000000200000e8                PROVIDE (__preinit_array_start = .)
 *(.preinit_array)
                0x00000000200000e8                PROVIDE (__preinit_array_end = .)
                0x00000000200000e8                . = ALIGN (0x4)
                0x00000000200000e8                PROVIDE (__init_array_start = .)
 *(SORT_BY_NAME(.init_array.*))
 *(.init_array)
 .init_array    0x00000000200000e8        0x4 /root/.arduino15/packages/adafruit/tools/arm-none-eabi-gcc/9-2019q4/bin/../lib/gcc/arm-none-eabi/9.2.1/thumb/v6-m/nofp/crtbegin.o
 .init_array    0x00000000200000ec        0x4 /tmp/pb/sketch/firmware.ino.cpp.o
 .init_array    0x00000000200000f0        0x4 /tmp/pb/libraries/SPI/SPI.cpp.o
 .init_array    0x00000000200000f4        0x4 /tmp/pb/core/variant.cpp.o
 .init_array    0x00000000200000f8        0x4 /tmp/pb/core/core.a(CDC.cpp.o)
 .init_array    0x00000000200000fc        0x4 /tmp/pb/core/core.a(USBCore.cpp.o)
                0x0000000020000100                PROVIDE (__init_array_end = .)
                0x0000000020000100                . = ALIGN (0x4)
                [!provide]                        PROVIDE (__fini_array_start = .)
 *(SORT_BY_NAME(.fini_array.*))
 *(.fini_array)
 .fini_array    0x0000000020000100        0x4 /root/.arduino15/packages/adafruit/tools/arm-none-eabi-gcc/9-2019q4/bin/../lib/gcc/arm-none-eabi/9.2.1/thumb/v6-m/nofp/crtbegin.o
                [!provide]                        PROVIDE (__fini_array_end = .)
 *(.jcr*)
                0x0000000020000104                . = ALIGN (0x4)
                0x0000000020000104                __data_end__ = .

.igot.plt       0x0000000020000104        0x0 load address 0x0000000000009ec8
 .igot.plt      0x0000000020000104        0x0 /root/.arduino15/packages/adafruit/tools/arm-none-eabi-gcc/9-2019q4/bin/../lib/gcc/arm-none-eabi/9.2.1/thumb/v6-m/nofp/crtbegin.o

.bss            0x0000000020000110      0xdb8 load address 0x0000000000009ee0
                0x0000000020000110                . = ALIGN (0x4)
                0x0000000020000110                __bss_start__ = .
 *(.bss*)
 .bss           0x0000000020000110       0x1c /root/.arduino15/packages/adafruit/tools/arm-none-eabi-gcc/9-2019q4/bin/../lib/gcc/arm-none-eabi/9.2.1/thumb/v6-m/nofp/crtbegin.o
 .bss._ZZ4loopE13serial_active
                0x000000002000012c        0x1 /tmp/pb/sketch/firmware.ino.cpp.o
 *fill*         0x000000002000012d        0x3 
 .bss._ZZ4loopE18serial_active_when
                0x0000000020000130        0x4 /tmp/pb/sketch/firmware.ino.cpp.o
 .bss._ZZ4loopE8ff_count
                0x0000000020000134        0x4 /tmp/pb/sketch/firmware.ino.cpp.o
 .bss.char_so_far
                0x0000000020000138        0x1 /tmp/pb/sketch/firmware.ino.cpp.o
                0x0000000020000138                char_so_far
 *fill*         0x0000000020000139        0x3 
 .bss.fpga_spi  0x000000002000013c       0x4c /tmp/pb/sketch/firmware.ino.cpp.o
                0x000000002000013c                fpga_spi
 .bss.have_half_char
                0x0000000020000188        0x1 /tmp/pb/sketch/firmware.ino.cpp.o
                0x0000000020000188                have_half_char
 .bss.last_command
                0x0000000020000189        0x1 /tmp/pb/sketch/firmware.ino.cpp.o
                0x0000000020000189                last_command
 *fill*         0x000000002000018a        0x2 
 .bss.last_neopixel_toggle
                0x000000002000018c        0x4 /tmp/pb/sketch/firmware.ino.cpp.o
                0x000000002000018c                last_neopixel_toggle
 .bss.last_printed
                0x0000000020000190        0x1 /tmp/pb/sketch/firmware.ino.cpp.o
                0x0000000020000190                last_printed
 .bss.machine   0x0000000020000191        0x1 /tmp/pb/sketch/firmware.ino.cpp.o
 *fill*         0x0000000020000192        0x2 
 .bss.neopixel_state
                0x0000000020000194        0x4 /tmp/pb/sketch/firmware.ino.cpp.o
                0x0000000020000194                neopixel_state
 .bss.target_checksum
                0x0000000020000198        0x4 /tmp/pb/sketch/firmware.ino.cpp.o
                0x0000000020000198                target_checksum
 .bss.target_input_checksum
                0x000000002000019c        0x4 /tmp/pb/sketch/firmware.ino.cpp.o
                0x000000002000019c                target_input_checksum
 .bss.target_started
                0x00000000200001a0        0x1 /tmp/pb/sketch/firmware.ino.cpp.o
                0x00000000200001a0                target_started
 .bss._ZZL9h_reallocP12libxsvf_hostPvi11libxsvf_memE18buf_svf_commandbuf
                0x00000000200001a1       0xc8 /tmp/pb/sketch/src/libxsvf/xsvftool-arduino.cpp.o
 .bss._ZZL9h_reallocP12libxsvf_hostPvi11libxsvf_memE20buf_svf_sdr_tdi_data
                0x0000000020000269       0x18 /tmp/pb/sketch/src/libxsvf/xsvftool-arduino.cpp.o
 .bss._ZZL9h_reallocP12libxsvf_hostPvi11libxsvf_memE20buf_svf_sdr_tdi_mask
                0x0000000020000281       0x18 /tmp/pb/sketch/src/libxsvf/xsvftool-arduino.cpp.o
 .bss._ZZL9h_reallocP12libxsvf_hostPvi11libxsvf_memE20buf_svf_sdr_tdo_data
                0x0000000020000299       0x18 /tmp/pb/sketch/src/libxsvf/xsvftool-arduino.cpp.o
 .bss._ZZL9h_reallocP12libxsvf_hostPvi11libxsvf_memE20buf_svf_sdr_tdo_mask
                0x00000000200002b1       0x18 /tmp/pb/sketch/src/libxsvf/xsvftool-arduino.cpp.o
 .bss._ZZL9h_reallocP12libxsvf_hostPvi11libxsvf_memE20buf_svf_sir_tdi_data
                0x00000000200002c9        0x1 /tmp/pb/sketch/src/libxsvf/xsvftool-arduino.cpp.o
 .bss._ZZL9h_reallocP12libxsvf_hostPvi11libxsvf_memE20buf_svf_sir_tdi_mask
                0x00000000200002ca        0x1 /tmp/pb/sketch/src/libxsvf/xsvftool-arduino.cpp.o
 .bss._ZZL9h_reallocP12libxsvf_hostPvi11libxsvf_memE20buf_svf_sir_tdo_data
                0x00000000200002cb        0x1 /tmp/pb/sketch/src/libxsvf/xsvftool-arduino.cpp.o
 .bss._ZZL9h_reallocP12libxsvf_hostPvi11libxsvf_memE20buf_svf_sir_tdo_mask
                0x00000000200002cc        0x1 /tmp/pb/sketch/src/libxsvf/xsvftool-arduino.cpp.o
 *fill*         0x00000000200002cd        0x3 
 .bss.SPI       0x00000000200002d0       0x4c /tmp/pb/libraries/SPI/SPI.cpp.o
                0x00000000200002d0                SPI
 .bss.SPI1      0x000000002000031c       0x4c /tmp/pb/libraries/SPI/SPI.cpp.o
                0x000000002000031c                SPI1
 .bss.SPI2      0x0000000020000368       0x4c /tmp/pb/libraries/SPI/SPI.cpp.o
                0x0000000020000368                SPI2
 .bss._ZL20DEFAULT_SPI_SETTINGS
                0x00000000200003b4        0x8 /tmp/pb/libraries/SPI/SPI.cpp.o
 .bss._ZL6spiPtr
                0x00000000200003bc       0x30 /tmp/pb/libraries/SPI/SPI.cpp.o
 *fill*         0x00000000200003ec        0x4 
 .bss._ZL10_writeback
                0x00000000200003f0       0xc0 /tmp/pb/libraries/Adafruit_ZeroDMA/Adafruit_ZeroDMA.cpp.o
 .bss._ZL11_descriptor
                0x00000000200004b0       0xc0 /tmp/pb/libraries/Adafruit_ZeroDMA/Adafruit_ZeroDMA.cpp.o
 .bss._ZL12_channelMask
                0x0000000020000570        0x4 /tmp/pb/libraries/Adafruit_ZeroDMA/Adafruit_ZeroDMA.cpp.o
 .bss._ZL28cpu_irq_prev_interrupt_state
                0x0000000020000574        0x1 /tmp/pb/libraries/Adafruit_ZeroDMA/Adafruit_ZeroDMA.cpp.o
 *fill*         0x0000000020000575        0x3 
 .bss._ZL32cpu_irq_critical_section_counter
                0x0000000020000578        0x4 /tmp/pb/libraries/Adafruit_ZeroDMA/Adafruit_ZeroDMA.cpp.o
 .bss._ZL7_dmaPtr
                0x000000002000057c       0x30 /tmp/pb/libraries/Adafruit_ZeroDMA/Adafruit_ZeroDMA.cpp.o
 .bss.Serial1   0x00000000200005ac      0x2fc /tmp/pb/core/variant.cpp.o
                0x00000000200005ac                Serial1
 .bss.sercom0   0x00000000200008a8        0x4 /tmp/pb/core/variant.cpp.o
                0x00000000200008a8                sercom0
 .bss.sercom1   0x00000000200008ac        0x4 /tmp/pb/core/variant.cpp.o
                0x00000000200008ac                sercom1
 .bss.sercom2   0x00000000200008b0        0x4 /tmp/pb/core/variant.cpp.o
                0x00000000200008b0                sercom2
 .bss.sercom3   0x00000000200008b4        0x4 /tmp/pb/core/variant.cpp.o
                0x00000000200008b4                sercom3
 .bss.sercom4   0x00000000200008b8        0x4 /tmp/pb/core/variant.cpp.o
                0x00000000200008b8                sercom4
 .bss.sercom5   0x00000000200008bc        0x4 /tmp/pb/core/variant.cpp.o
                0x00000000200008bc                sercom5
 .bss.usb_isr   0x00000000200008c0        0x4 /tmp/pb/core/core.a(cortex_handlers.c.o)
 .bss._ulTickCount
                0x00000000200008c4        0x4 /tmp/pb/core/core.a(delay.c.o)
 .bss.SerialUSB
                0x00000000200008c8       0x1c /tmp/pb/core/core.a(CDC.cpp.o)
                0x00000000200008c8                SerialUSB
 .bss.USBDevice
                0x00000000200008e4        0x1 /tmp/pb/core/core.a(USBCore.cpp.o)
                0x00000000200008e4                USBDevice
 *fill*         0x00000000200008e5        0x3 
 .bss._ZL10epHandlers
                0x00000000200008e8       0x1c /tmp/pb/core/core.a(USBCore.cpp.o)
 .bss._ZL14isEndpointHalt
                0x0000000020000904        0x1 /tmp/pb/core/core.a(USBCore.cpp.o)
 .bss._ZL20LastTransmitTimedOut
                0x0000000020000905        0x7 /tmp/pb/core/core.a(USBCore.cpp.o)
 .bss._ZL21isRemoteWakeUpEnabled
                0x000000002000090c        0x1 /tmp/pb/core/core.a(USBCore.cpp.o)
 *fill*         0x000000002000090d        0x3 
 .bss._ZL22udd_ep_in_cache_buffer
                0x0000000020000910      0x1c0 /tmp/pb/core/core.a(USBCore.cpp.o)
 .bss._ZL23udd_ep_out_cache_buffer
                0x0000000020000ad0      0x1c0 /tmp/pb/core/core.a(USBCore.cpp.o)
 .bss._dry_run  0x0000000020000c90        0x1 /tmp/pb/core/core.a(USBCore.cpp.o)
                0x0000000020000c90                _dry_run
 .bss._pack_buffer
                0x0000000020000c91      0x100 /tmp/pb/core/core.a(USBCore.cpp.o)
                0x0000000020000c91                _pack_buffer
 .bss._pack_message
                0x0000000020000d91        0x1 /tmp/pb/core/core.a(USBCore.cpp.o)
                0x0000000020000d91                _pack_message
 .bss._pack_size
                0x0000000020000d92        0x2 /tmp/pb/core/core.a(USBCore.cpp.o)
                0x0000000020000d92                _pack_size
 .bss._usbConfiguration
                0x0000000020000d94        0x4 /tmp/pb/core/core.a(USBCore.cpp.o)
                0x0000000020000d94                _usbConfiguration
 .bss._usbSetInterface
                0x0000000020000d98        0x4 /tmp/pb/core/core.a(USBCore.cpp.o)
                0x0000000020000d98                _usbSetInterface
 .bss.usbd      0x0000000020000d9c      0x104 /tmp/pb/core/core.a(USBCore.cpp.o)
                0x0000000020000d9c                usbd
 .bss._ZGVZ12PluggableUSBvE3obj
                0x0000000020000ea0        0x4 /tmp/pb/core/core.a(PluggableUSB.cpp.o)
 .bss._ZZ12PluggableUSBvE3obj
                0x0000000020000ea4        0x8 /tmp/pb/core/core.a(PluggableUSB.cpp.o)
 .bss.__malloc_free_list